Archive member included because of file (symbol)

contiki-sky.a(rimeaddr.o)     obj_sky/contiki-sky-main.o (rimeaddr_copy)
contiki-sky.a(nullrdc.o)      obj_sky/contiki-sky-main.o (nullrdc_driver)
contiki-sky.a(mac.o)          contiki-sky.a(nullrdc.o) (mac_call_sent_callback)
contiki-sky.a(framer-802154.o)
                              contiki-sky.a(nullrdc.o) (framer_802154)
contiki-sky.a(csma.o)         udp-server.co (csma_driver)
contiki-sky.a(mac-sequence.o)
                              contiki-sky.a(nullrdc.o) (mac_sequence_is_duplicate)
contiki-sky.a(rpl-dag.o)      udp-server.co (rpl_set_prefix)
contiki-sky.a(rpl-icmp6.o)    contiki-sky.a(rpl-dag.o) (dao_output)
contiki-sky.a(rpl-timers.o)   contiki-sky.a(rpl-icmp6.o) (new_dio_interval)
contiki-sky.a(rpl-mrhof.o)    contiki-sky.a(rpl-dag.o) (rpl_mrhof)
contiki-sky.a(rpl-unreachv2.o)
                              contiki-sky.a(rpl-icmp6.o) (unreach_process)
contiki-sky.a(process.o)      udp-server.co (process_current)
contiki-sky.a(autostart.o)    obj_sky/contiki-sky-main.o (autostart_start)
contiki-sky.a(memb.o)         contiki-sky.a(csma.o) (memb_init)
contiki-sky.a(timer.o)        obj_sky/contiki-sky-main.o (timer_set)
contiki-sky.a(list.o)         contiki-sky.a(csma.o) (list_init)
contiki-sky.a(etimer.o)       obj_sky/contiki-sky-main.o (etimer_process)
contiki-sky.a(ctimer.o)       obj_sky/contiki-sky-main.o (ctimer_init)
contiki-sky.a(energest.o)     obj_sky/contiki-sky-main.o (energest_init)
contiki-sky.a(rtimer.o)       obj_sky/contiki-sky-main.o (rtimer_init)
contiki-sky.a(stimer.o)       contiki-sky.a(rpl-icmp6.o) (stimer_set)
contiki-sky.a(random.o)       obj_sky/contiki-sky-main.o (random_init)
contiki-sky.a(nbr-table.o)    contiki-sky.a(rpl-dag.o) (nbr_table_register)
contiki-sky.a(packetbuf.o)    contiki-sky.a(framer-802154.o) (packetbuf_hdrreduce)
contiki-sky.a(queuebuf.o)     obj_sky/contiki-sky-main.o (queuebuf_init)
contiki-sky.a(sicslowpan.o)   obj_sky/contiki-sky-main.o (sicslowpan_driver)
contiki-sky.a(tcpip.o)        contiki-sky.a(rpl-icmp6.o) (toggle_autoack)
contiki-sky.a(uip-debug.o)    udp-server.co (uip_debug_ipaddr_print)
contiki-sky.a(uip-ds6-route.o)
                              contiki-sky.a(rpl-icmp6.o) (uip_ds6_route_nexthop)
contiki-sky.a(uip-ds6-nbr.o)  contiki-sky.a(rpl-icmp6.o) (uip_ds6_nbr_add)
contiki-sky.a(uip-ds6.o)      contiki-sky.a(tcpip.o) (uip_ds6_is_addr_onlink)
contiki-sky.a(uip-icmp6.o)    contiki-sky.a(rpl-icmp6.o) (uip_icmp6_send)
contiki-sky.a(uip-nd6.o)      contiki-sky.a(tcpip.o) (uip_nd6_ns_output)
contiki-sky.a(uip6.o)         udp-server.co (uip_aligned_buf)
contiki-sky.a(contiki-sky-pla)
                              obj_sky/contiki-sky-main.o (init_platform)
contiki-sky.a(button-sensor.o)
                              udp-server.co (button_sensor)
contiki-sky.a(ds2411.o)       obj_sky/contiki-sky-main.o (ds2411_init)
contiki-sky.a(xmem.o)         obj_sky/contiki-sky-main.o (xmem_init)
contiki-sky.a(node-id.o)      obj_sky/contiki-sky-main.o (node_id_restore)
contiki-sky.a(sensors.o)      udp-server.co (sensors_event)
contiki-sky.a(cc2420.o)       obj_sky/contiki-sky-main.o (cc2420_set_pan_addr)
contiki-sky.a(cc2420-arch.o)  contiki-sky.a(cc2420.o) (cc2420_arch_init)
contiki-sky.a(uart1.o)        obj_sky/contiki-sky-main.o (uart1_active)
contiki-sky.a(uart1-putchar.o)
                              udp-server.co (putchar)
contiki-sky.a(msp430.o)       contiki-sky.a(uart1.o) (msp430_add_lpm_req)
contiki-sky.a(clock.o)        contiki-sky.a(rpl-unreachv2.o) (clock_time)
contiki-sky.a(leds.o)         obj_sky/contiki-sky-main.o (leds_init)
contiki-sky.a(leds-arch.o)    contiki-sky.a(leds.o) (leds_arch_init)
contiki-sky.a(watchdog.o)     obj_sky/contiki-sky-main.o (watchdog_start)
contiki-sky.a(rtimer-arch.o)  contiki-sky.a(rtimer.o) (rtimer_arch_init)
contiki-sky.a(frame802154.o)  contiki-sky.a(framer-802154.o) (frame802154_hdrlen)
contiki-sky.a(rpl.o)          contiki-sky.a(rpl-icmp6.o) (rpl_get_mode)
contiki-sky.a(rpl-ext-header.)
                              contiki-sky.a(uip6.o) (rpl_verify_header)
contiki-sky.a(spi.o)          contiki-sky.a(xmem.o) (spi_init)
/usr/lib/gcc/msp430/4.6.3/mmpy-16/libgcc.a(_mulsi3.o)
                              contiki-sky.a(csma.o) (__mulsi3)
/usr/lib/gcc/msp430/4.6.3/mmpy-16/libgcc.a(_udivmod16.o)
                              contiki-sky.a(rpl-dag.o) (__udivhi3)
/usr/lib/gcc/msp430/4.6.3/mmpy-16/libgcc.a(_divmod16.o)
                              contiki-sky.a(rpl-icmp6.o) (__divhi3)
/usr/lib/gcc/msp430/4.6.3/mmpy-16/libgcc.a(_udivmod32.o)
                              obj_sky/contiki-sky-main.o (__udivsi3)
/usr/lib/gcc/msp430/4.6.3/../../../../msp430/lib/mmpy-16/libc.a(strncmp.o)
                              contiki-sky.a(sensors.o) (strncmp)
/usr/lib/gcc/msp430/4.6.3/../../../../msp430/lib/mmpy-16/libc.a(memcmp.o)
                              contiki-sky.a(rimeaddr.o) (memcmp)
/usr/lib/gcc/msp430/4.6.3/../../../../msp430/lib/mmpy-16/libc.a(memcpy.o)
[...]
Memory Configuration

Name             Origin             Length             Attributes
sfr              0x0000000000000000 0x0000000000000010
peripheral_8bit  0x0000000000000010 0x00000000000000f0
peripheral_16bit 0x0000000000000100 0x0000000000000100
ram_mirror       0x0000000000000200 0x0000000000000800 xw
infomem          0x0000000000001000 0x0000000000000100
infob            0x0000000000001000 0x0000000000000080
infoa            0x0000000000001080 0x0000000000000080
ram              0x0000000000001100 0x0000000000002800 xw
rom              0x0000000000004000 0x000000000000bfe0 xr
vectors          0x000000000000ffe0 0x0000000000000020
bsl              0x0000000000000000 0x0000000000000000
infoc            0x0000000000000000 0x0000000000000000
infod            0x0000000000000000 0x0000000000000000
ram2             0x0000000000000000 0x0000000000000000 xw
usbram           0x0000000000000000 0x0000000000000000 xw
far_rom          0x0000000000000000 0x0000000000000000
*default*        0x0000000000000000 0xffffffffffffffff

Linker script and memory map

LOAD /usr/lib/gcc/msp430/4.6.3/mmpy-16/crt0ivtbl16.o
LOAD udp-server.co
LOAD obj_sky/contiki-sky-main.o
LOAD contiki-sky.a
LOAD /usr/lib/gcc/msp430/4.6.3/mmpy-16/libgcc.a
LOAD /usr/lib/gcc/msp430/4.6.3/../../../../msp430/lib/mmpy-16/libc.a
LOAD /usr/lib/gcc/msp430/4.6.3/mmpy-16/libgcc.a
LOAD /usr/lib/gcc/msp430/4.6.3/mmpy-16/libcrt0.a
                0x0000000000000080                PROVIDE (__info_segment_size, 0x80)
                0x0000000000001000                PROVIDE (__infob, 0x1000)
                0x0000000000001080                PROVIDE (__infoa, 0x1080)
                0x0000000000000000                __IE1 = 0x0
                0x0000000000000002                __IFG1 = 0x2
                0x0000000000000004                __ME1 = 0x4
                0x0000000000000001                __IE2 = 0x1
                0x0000000000000003                __IFG2 = 0x3
                0x0000000000000005                __ME2 = 0x5
                0x0000000000000120                __WDTCTL = 0x120
                0x0000000000000130                __MPY = 0x130
                0x0000000000000132                __MPYS = 0x132
                0x0000000000000134                __MAC = 0x134
                0x0000000000000136                __MACS = 0x136
                0x0000000000000138                __OP2 = 0x138
                0x000000000000013a                __RESLO = 0x13a
                0x000000000000013c                __RESHI = 0x13c
                0x000000000000013e                __SUMEXT = 0x13e
                0x0000000000000020                __P1IN = 0x20
                0x0000000000000021                __P1OUT = 0x21
                0x0000000000000022                __P1DIR = 0x22
                0x0000000000000023                __P1IFG = 0x23
                0x0000000000000024                __P1IES = 0x24
                0x0000000000000025                __P1IE = 0x25
                0x0000000000000026                __P1SEL = 0x26
                0x0000000000000028                __P2IN = 0x28
                0x0000000000000029                __P2OUT = 0x29
                0x000000000000002a                __P2DIR = 0x2a
                0x000000000000002b                __P2IFG = 0x2b
                0x000000000000002c                __P2IES = 0x2c
                0x000000000000002d                __P2IE = 0x2d
                0x000000000000002e                __P2SEL = 0x2e
                0x0000000000000018                __P3IN = 0x18
                0x0000000000000019                __P3OUT = 0x19
                0x000000000000001a                __P3DIR = 0x1a
                0x000000000000001b                __P3SEL = 0x1b
                0x000000000000001c                __P4IN = 0x1c
                0x000000000000001d                __P4OUT = 0x1d
                0x000000000000001e                __P4DIR = 0x1e
                0x000000000000001f                __P4SEL = 0x1f
                0x0000000000000030                __P5IN = 0x30
                0x0000000000000031                __P5OUT = 0x31
                0x0000000000000032                __P5DIR = 0x32
                0x0000000000000033                __P5SEL = 0x33
                0x0000000000000034                __P6IN = 0x34
                0x0000000000000035                __P6OUT = 0x35
                0x0000000000000036                __P6DIR = 0x36
                0x0000000000000037                __P6SEL = 0x37
                0x0000000000000070                __U0CTL = 0x70
                0x0000000000000071                __U0TCTL = 0x71
                0x0000000000000072                __U0RCTL = 0x72
                0x0000000000000073                __U0MCTL = 0x73
                0x0000000000000074                __U0BR0 = 0x74
                0x0000000000000075                __U0BR1 = 0x75
                0x0000000000000076                __U0RXBUF = 0x76
                0x0000000000000077                __U0TXBUF = 0x77
                0x0000000000000078                __U1CTL = 0x78
                0x0000000000000079                __U1TCTL = 0x79
                0x000000000000007a                __U1RCTL = 0x7a
                0x000000000000007b                __U1MCTL = 0x7b
                0x000000000000007c                __U1BR0 = 0x7c
                0x000000000000007d                __U1BR1 = 0x7d
                0x000000000000007e                __U1RXBUF = 0x7e
                0x000000000000007f                __U1TXBUF = 0x7f
                0x0000000000000050                __I2CIE = 0x50
                0x0000000000000051                __I2CIFG = 0x51
                0x0000000000000052                __I2CNDAT = 0x52
                0x0000000000000071                __I2CTCTL = 0x71
                0x0000000000000072                __I2CDCTL = 0x72
                0x0000000000000073                __I2CPSC = 0x73
                0x0000000000000074                __I2CSCLH = 0x74
                0x0000000000000075                __I2CSCLL = 0x75
                0x0000000000000076                __I2CDRB = 0x76
                0x0000000000000076                __I2CDRW = 0x76
                0x0000000000000118                __I2COA = 0x118
                0x000000000000011a                __I2CSA = 0x11a
                0x000000000000011c                __I2CIV = 0x11c
                0x000000000000012e                __TAIV = 0x12e
                0x0000000000000160                __TACTL = 0x160
                0x0000000000000162                __TACCTL0 = 0x162
                0x0000000000000164                __TACCTL1 = 0x164
                0x0000000000000166                __TACCTL2 = 0x166
                0x0000000000000170                __TAR = 0x170
                0x0000000000000172                __TACCR0 = 0x172
                0x0000000000000174                __TACCR1 = 0x174
                0x0000000000000176                __TACCR2 = 0x176
                0x000000000000011e                __TBIV = 0x11e
                0x0000000000000180                __TBCTL = 0x180
                0x0000000000000182                __TBCCTL0 = 0x182
                0x0000000000000184                __TBCCTL1 = 0x184
                0x0000000000000186                __TBCCTL2 = 0x186
                0x0000000000000188                __TBCCTL3 = 0x188
                0x000000000000018a                __TBCCTL4 = 0x18a
                0x000000000000018c                __TBCCTL5 = 0x18c
                0x000000000000018e                __TBCCTL6 = 0x18e
                0x0000000000000190                __TBR = 0x190
                0x0000000000000192                __TBCCR0 = 0x192
                0x0000000000000194                __TBCCR1 = 0x194
                0x0000000000000196                __TBCCR2 = 0x196
                0x0000000000000198                __TBCCR3 = 0x198
                0x000000000000019a                __TBCCR4 = 0x19a
                0x000000000000019c                __TBCCR5 = 0x19c
                0x000000000000019e                __TBCCR6 = 0x19e
                0x0000000000000056                __DCOCTL = 0x56
                0x0000000000000057                __BCSCTL1 = 0x57
                0x0000000000000058                __BCSCTL2 = 0x58
                0x0000000000000055                __SVSCTL = 0x55
                0x0000000000000128                __FCTL1 = 0x128
                0x000000000000012a                __FCTL2 = 0x12a
                0x000000000000012c                __FCTL3 = 0x12c
                0x0000000000000059                __CACTL1 = 0x59
                0x000000000000005a                __CACTL2 = 0x5a
                0x000000000000005b                __CAPD = 0x5b
                0x00000000000001a0                __ADC12CTL0 = 0x1a0
                0x00000000000001a2                __ADC12CTL1 = 0x1a2
                0x00000000000001a4                __ADC12IFG = 0x1a4
                0x00000000000001a6                __ADC12IE = 0x1a6
                0x00000000000001a8                __ADC12IV = 0x1a8
                0x0000000000000140                __ADC12MEM0 = 0x140
                0x0000000000000142                __ADC12MEM1 = 0x142
                0x0000000000000144                __ADC12MEM2 = 0x144
                0x0000000000000146                __ADC12MEM3 = 0x146
                0x0000000000000148                __ADC12MEM4 = 0x148
                0x000000000000014a                __ADC12MEM5 = 0x14a
                0x000000000000014c                __ADC12MEM6 = 0x14c
                0x000000000000014e                __ADC12MEM7 = 0x14e
                0x0000000000000150                __ADC12MEM8 = 0x150
                0x0000000000000152                __ADC12MEM9 = 0x152
                0x0000000000000154                __ADC12MEM10 = 0x154
                0x0000000000000156                __ADC12MEM11 = 0x156
                0x0000000000000158                __ADC12MEM12 = 0x158
                0x000000000000015a                __ADC12MEM13 = 0x15a
                0x000000000000015c                __ADC12MEM14 = 0x15c
                0x000000000000015e                __ADC12MEM15 = 0x15e
                0x0000000000000080                __ADC12MCTL0 = 0x80
                0x0000000000000081                __ADC12MCTL1 = 0x81
                0x0000000000000082                __ADC12MCTL2 = 0x82
                0x0000000000000083                __ADC12MCTL3 = 0x83
                0x0000000000000084                __ADC12MCTL4 = 0x84
                0x0000000000000085                __ADC12MCTL5 = 0x85
                0x0000000000000086                __ADC12MCTL6 = 0x86
                0x0000000000000087                __ADC12MCTL7 = 0x87
                0x0000000000000088                __ADC12MCTL8 = 0x88
                0x0000000000000089                __ADC12MCTL9 = 0x89
                0x000000000000008a                __ADC12MCTL10 = 0x8a
                0x000000000000008b                __ADC12MCTL11 = 0x8b
                0x000000000000008c                __ADC12MCTL12 = 0x8c
                0x000000000000008d                __ADC12MCTL13 = 0x8d
                0x000000000000008e                __ADC12MCTL14 = 0x8e
                0x000000000000008f                __ADC12MCTL15 = 0x8f
                0x00000000000001c0                __DAC12_0CTL = 0x1c0
                0x00000000000001c2                __DAC12_1CTL = 0x1c2
                0x00000000000001c8                __DAC12_0DAT = 0x1c8
                0x00000000000001ca                __DAC12_1DAT = 0x1ca
                0x0000000000000122                __DMACTL0 = 0x122
                0x0000000000000124                __DMACTL1 = 0x124
                0x00000000000001e0                __DMA0CTL = 0x1e0
                0x00000000000001e8                __DMA1CTL = 0x1e8
                0x00000000000001f0                __DMA2CTL = 0x1f0
                0x00000000000001e2                __DMA0SA = 0x1e2
                0x00000000000001e4                __DMA0DA = 0x1e4
                0x00000000000001e6                __DMA0SZ = 0x1e6
                0x00000000000001ea                __DMA1SA = 0x1ea
                0x00000000000001ec                __DMA1DA = 0x1ec
                0x00000000000001ee                __DMA1SZ = 0x1ee
                0x00000000000001f2                __DMA2SA = 0x1f2
                0x00000000000001f4                __DMA2DA = 0x1f4
                0x00000000000001f6                __DMA2SZ = 0x1f6

.hash
 *(.hash)

.dynsym
 *(.dynsym)

.dynstr
 *(.dynstr)

.gnu.version
 *(.gnu.version)

.gnu.version_d
 *(.gnu.version_d)

.gnu.version_r
 *(.gnu.version_r)

.rel.init
 *(.rel.init)

.rela.init
 *(.rela.init)

.rel.fini
 *(.rel.fini)

.rela.fini
 *(.rela.fini)

.rel.text
 *(.rel.text .rel.text.* .rel.gnu.linkonce.t.*)

.rela.text
 *(.rela.text .rela.text.* .rela.gnu.linkonce.t.*)

.rel.rodata
 *(.rel.rodata .rel.rodata.* .rel.gnu.linkonce.r.*)

.rela.rodata
 *(.rela.rodata .rela.rodata.* .rela.gnu.linkonce.r.*)

.rel.data
 *(.rel.data .rel.data.* .rel.gnu.linkonce.d.*)

.rela.data
 *(.rela.data .rela.data.* .rela.gnu.linkonce.d.*)

.rel.bss
 *(.rel.bss .rel.bss.* .rel.gnu.linkonce.b.*)

.rela.bss
 *(.rela.bss .rela.bss.* .rela.gnu.linkonce.b.*)

.rel.ctors
 *(.rel.ctors)

.rela.ctors
 *(.rela.ctors)

.rel.dtors
 *(.rel.dtors)

.rela.dtors
 *(.rela.dtors)

.rel.got
 *(.rel.got)

.rela.got
 *(.rela.got)

.rel.plt
 *(.rel.plt)

.rela.plt
 *(.rela.plt)

.text           0x0000000000004000     0xaebc
                0x0000000000004000                . = ALIGN (0x2)
 *(.init .init.*)
 *(.init0)
 .init0         0x0000000000004000        0x0 /usr/lib/gcc/msp430/4.6.3/mmpy-16/libcrt0.a(_reset_vector__.o)
                0x0000000000004000                _reset_vector__
 *(.init1)
 .init1         0x0000000000004000        0xc /usr/lib/gcc/msp430/4.6.3/mmpy-16/libcrt0.a(__watchdog_support.o)
                0x0000000000004000                __watchdog_support
 *(.init2)
 .init2         0x000000000000400c        0x4 /usr/lib/gcc/msp430/4.6.3/mmpy-16/libcrt0.a(__init_stack.o)
                0x000000000000400c                __init_stack
 *(.init3)
 .init3         0x0000000000004010        0x0 /usr/lib/gcc/msp430/4.6.3/mmpy-16/libcrt0.a(__low_level_init.o)
                0x0000000000004010                __low_level_init
 *(.init4)
 .init4         0x0000000000004010       0x18 /usr/lib/gcc/msp430/4.6.3/mmpy-16/libcrt0.a(_copy_data.o)
                0x0000000000004010                __do_copy_data
 .init4         0x0000000000004028       0x16 /usr/lib/gcc/msp430/4.6.3/mmpy-16/libcrt0.a(_clear_bss.o)
                0x0000000000004028                __do_clear_bss
 *(.init5)
 *(.init6)
 *(.init7)
 *(.init8)
 *(.init9)
 .init9         0x000000000000403e      0x33a obj_sky/contiki-sky-main.o
                0x000000000000403e                main
 *(.fini9)
 .fini9         0x0000000000004378        0x0 /usr/lib/gcc/msp430/4.6.3/mmpy-16/libcrt0.a(__stop_progExec__.o)
                0x0000000000004378                __stop_progExec__
 *(.fini8)
 *(.fini7)
 *(.fini6)
 *(.fini5)
 *(.fini4)
 *(.fini3)
 *(.fini2)
 *(.fini1)
 *(.fini0)
 .fini0         0x0000000000004378        0x6 /usr/lib/gcc/msp430/4.6.3/mmpy-16/libcrt0.a(_endless_loop__.o)
                0x0000000000004378                _endless_loop__
 *(.fini .fini.*)
                0x000000000000437e                . = ALIGN (0x2)
                0x000000000000437e                __ctors_start = .
 *(.ctors)
                0x000000000000437e                __ctors_end = .
                0x000000000000437e                __dtors_start = .
 *(.dtors)
                0x000000000000437e                __dtors_end = .
                0x000000000000437e                . = ALIGN (0x2)
 *(.text .text.* .gnu.linkonce.t.*)
 .text          0x000000000000437e        0x4 /usr/lib/gcc/msp430/4.6.3/mmpy-16/crt0ivtbl16.o
                0x000000000000437e                __isr_14
                0x000000000000437e                __isr_11
                0x000000000000437e                __isr_2
                0x000000000000437e                __isr_7
                0x000000000000437e                __isr_0
                0x000000000000437e                __isr_8
                0x000000000000437e                __isr_3
                0x000000000000437e                __isr_12
                0x000000000000437e                __isr_13
                0x000000000000437e                __isr_9
 .text.process_thread_udp_server_process
                0x0000000000004382      0x222 udp-server.co
 .text.rimeaddr_copy
                0x00000000000045a4        0x8 contiki-sky.a(rimeaddr.o)
                0x00000000000045a4                rimeaddr_copy
 .text.rimeaddr_cmp
                0x00000000000045ac       0x12 contiki-sky.a(rimeaddr.o)
                0x00000000000045ac                rimeaddr_cmp
 .text.rimeaddr_set_node_addr
                0x00000000000045be        0xc contiki-sky.a(rimeaddr.o)
                0x00000000000045be                rimeaddr_set_node_addr
 .text.on       0x00000000000045ca        0x6 contiki-sky.a(nullrdc.o)
 .text.channel_check_interval
                0x00000000000045d0        0x4 contiki-sky.a(nullrdc.o)
 .text.init     0x00000000000045d4        0x6 contiki-sky.a(nullrdc.o)
 .text.send_one_packet
                0x00000000000045da      0x11e contiki-sky.a(nullrdc.o)
 .text.send_list
                0x00000000000046f8       0x30 contiki-sky.a(nullrdc.o)
 .text.send_packet
                0x0000000000004728        0x6 contiki-sky.a(nullrdc.o)
 .text.off      0x000000000000472e       0x10 contiki-sky.a(nullrdc.o)
 .text.packet_input
                0x000000000000473e       0x4c contiki-sky.a(nullrdc.o)
 .text.mac_call_sent_callback
                0x000000000000478a       0x14 contiki-sky.a(mac.o)
                0x000000000000478a                mac_call_sent_callback
 .text.parse    0x000000000000479e       0xa4 contiki-sky.a(framer-802154.o)
 .text.create   0x0000000000004842      0x10e contiki-sky.a(framer-802154.o)
 .text.input_packet
                0x0000000000004950        0x6 contiki-sky.a(csma.o)
 .text.on       0x0000000000004956        0x6 contiki-sky.a(csma.o)
 .text.off      0x000000000000495c        0x6 contiki-sky.a(csma.o)
 .text.channel_check_interval
                0x0000000000004962       0x10 contiki-sky.a(csma.o)
 .text.transmit_packet_list
                0x0000000000004972       0x24 contiki-sky.a(csma.o)
 .text.send_packet
                0x0000000000004996      0x176 contiki-sky.a(csma.o)
 .text.init     0x0000000000004b0c       0x1a contiki-sky.a(csma.o)
 .text.free_packet
                0x0000000000004b26       0x9a contiki-sky.a(csma.o)
 .text.packet_sent
                0x0000000000004bc0      0x12e contiki-sky.a(csma.o)
 .text.mac_sequence_is_duplicate
                0x0000000000004cee       0x44 contiki-sky.a(mac-sequence.o)
                0x0000000000004cee                mac_sequence_is_duplicate
 .text.mac_sequence_register_seqno
                0x0000000000004d32       0x76 contiki-sky.a(mac-sequence.o)
                0x0000000000004d32                mac_sequence_register_seqno
 .text.lollipop_greater_than
                0x0000000000004da8       0x44 contiki-sky.a(rpl-dag.o)
 .text.acceptable_rank
                0x0000000000004dec       0x50 contiki-sky.a(rpl-dag.o)
 .text.find_parent_any_dag_any_instance
                0x0000000000004e3c       0x14 contiki-sky.a(rpl-dag.o)
 .text.rpl_set_preferred_parent
                0x0000000000004e50       0x30 contiki-sky.a(rpl-dag.o)
 .text.set_ip_from_prefix
                0x0000000000004e80       0x38 contiki-sky.a(rpl-dag.o)
 .text.check_prefix
                0x0000000000004eb8       0x80 contiki-sky.a(rpl-dag.o)
 .text.rpl_dag_init
                0x0000000000004f38        0xe contiki-sky.a(rpl-dag.o)
                0x0000000000004f38                rpl_dag_init
 .text.rpl_get_parent
                0x0000000000004f46        0xc contiki-sky.a(rpl-dag.o)
                0x0000000000004f46                rpl_get_parent
 .text.rpl_get_parent_ipaddr
                0x0000000000004f52       0x10 contiki-sky.a(rpl-dag.o)
                0x0000000000004f52                rpl_get_parent_ipaddr
 .text.rpl_set_prefix
                0x0000000000004f62       0x8e contiki-sky.a(rpl-dag.o)
                0x0000000000004f62                rpl_set_prefix
 .text.rpl_set_default_route
                0x0000000000004ff0       0x5a contiki-sky.a(rpl-dag.o)
                0x0000000000004ff0                rpl_set_default_route
 .text.rpl_alloc_instance
                0x000000000000504a       0x2c contiki-sky.a(rpl-dag.o)
                0x000000000000504a                rpl_alloc_instance
 .text.rpl_add_parent
                0x0000000000005076       0x40 contiki-sky.a(rpl-dag.o)
                0x0000000000005076                rpl_add_parent
 .text.rpl_find_parent
                0x00000000000050b6       0x1a contiki-sky.a(rpl-dag.o)
                0x00000000000050b6                rpl_find_parent
 .text.rpl_find_parent_any_dag
                0x00000000000050d0       0x22 contiki-sky.a(rpl-dag.o)
                0x00000000000050d0                rpl_find_parent_any_dag
 .text.rpl_select_parent
                0x00000000000050f2       0x5c contiki-sky.a(rpl-dag.o)
                0x00000000000050f2                rpl_select_parent
 .text.rpl_select_dag
                0x000000000000514e      0x182 contiki-sky.a(rpl-dag.o)
                0x000000000000514e                rpl_select_dag
 .text.rpl_nullify_parent
                0x00000000000052d0       0x4e contiki-sky.a(rpl-dag.o)
                0x00000000000052d0                rpl_nullify_parent
 .text.rpl_remove_parent
                0x000000000000531e       0x16 contiki-sky.a(rpl-dag.o)
                0x000000000000531e                rpl_remove_parent
 .text.nbr_callback
                0x0000000000005334        0x6 contiki-sky.a(rpl-dag.o)
 .text.remove_parents.constprop.2
                0x000000000000533a       0x32 contiki-sky.a(rpl-dag.o)
 .text.rpl_free_dag
                0x000000000000536c       0x36 contiki-sky.a(rpl-dag.o)
                0x000000000000536c                rpl_free_dag
 .text.rpl_free_instance
                0x00000000000053a2       0x5c contiki-sky.a(rpl-dag.o)
                0x00000000000053a2                rpl_free_instance
 .text.rpl_move_parent
                0x00000000000053fe       0x5a contiki-sky.a(rpl-dag.o)
                0x00000000000053fe                rpl_move_parent
 .text.rpl_get_any_dag
                0x0000000000005458       0x18 contiki-sky.a(rpl-dag.o)
                0x0000000000005458                rpl_get_any_dag
 .text.rpl_get_instance
                0x0000000000005470       0x1a contiki-sky.a(rpl-dag.o)
                0x0000000000005470                rpl_get_instance
 .text.get_dag  0x000000000000548a       0x56 contiki-sky.a(rpl-dag.o)
 .text.rpl_alloc_dag
                0x00000000000054e0       0x66 contiki-sky.a(rpl-dag.o)
                0x00000000000054e0                rpl_alloc_dag
 .text.rpl_set_root
                0x0000000000005546       0xe8 contiki-sky.a(rpl-dag.o)
                0x0000000000005546                rpl_set_root
 .text.rpl_repair_root
                0x000000000000562e       0x50 contiki-sky.a(rpl-dag.o)
                0x000000000000562e                rpl_repair_root
 .text.rpl_find_of
                0x000000000000567e       0x10 contiki-sky.a(rpl-dag.o)
                0x000000000000567e                rpl_find_of
 .text.rpl_join_instance
                0x000000000000568e      0x13c contiki-sky.a(rpl-dag.o)
                0x000000000000568e                rpl_join_instance
 .text.rpl_local_repair
                0x00000000000057ca       0x7c contiki-sky.a(rpl-dag.o)
                0x00000000000057ca                rpl_local_repair
 .text.rpl_process_parent_event
                0x0000000000005846       0x4e contiki-sky.a(rpl-dag.o)
                0x0000000000005846                rpl_process_parent_event
 .text.rpl_recalculate_ranks
                0x0000000000005894       0x42 contiki-sky.a(rpl-dag.o)
                0x0000000000005894                rpl_recalculate_ranks
 .text.rpl_add_dag
                0x00000000000058d6      0x112 contiki-sky.a(rpl-dag.o)
                0x00000000000058d6                rpl_add_dag
 .text.rpl_process_dio
                0x00000000000059e8      0x28a contiki-sky.a(rpl-dag.o)
                0x00000000000059e8                rpl_process_dio
 .text.rpl_lock_parent
                0x0000000000005c72        0xc contiki-sky.a(rpl-dag.o)
                0x0000000000005c72                rpl_lock_parent
 .text.get32    0x0000000000005c7e       0x46 contiki-sky.a(rpl-icmp6.o)
 .text.set32    0x0000000000005cc4       0x2a contiki-sky.a(rpl-icmp6.o)
 .text.get16    0x0000000000005cee        0xe contiki-sky.a(rpl-icmp6.o)
 .text.set16    0x0000000000005cfc       0x10 contiki-sky.a(rpl-icmp6.o)
 .text.eventhandler2
                0x0000000000005d0c       0xa2 contiki-sky.a(rpl-icmp6.o)
                0x0000000000005d0c                eventhandler2
 .text.process_thread_multiple_dis_input
                0x0000000000005dae       0x3a contiki-sky.a(rpl-icmp6.o)
 .text.dis_output
                0x0000000000005de8       0xbc contiki-sky.a(rpl-icmp6.o)
                0x0000000000005de8                dis_output
 .text.eventhandler3
                0x0000000000005ea4      0x1e6 contiki-sky.a(rpl-icmp6.o)
                0x0000000000005ea4                eventhandler3
 .text.process_thread_wait_dios
                0x000000000000608a       0x3a contiki-sky.a(rpl-icmp6.o)
 .text.dio_output
                0x00000000000060c4      0x29a contiki-sky.a(rpl-icmp6.o)
                0x00000000000060c4                dio_output
 .text.dao_output_target
                0x000000000000635e       0xea contiki-sky.a(rpl-icmp6.o)
                0x000000000000635e                dao_output_target
 .text.dao_output
                0x0000000000006448       0x86 contiki-sky.a(rpl-icmp6.o)
                0x0000000000006448                dao_output
 .text.dao_ack_output
                0x00000000000064ce       0x32 contiki-sky.a(rpl-icmp6.o)
                0x00000000000064ce                dao_ack_output
 .text.uip_rpl_input
                0x0000000000006500      0x6de contiki-sky.a(rpl-icmp6.o)
                0x0000000000006500                uip_rpl_input
 .text.handle_periodic_timer
                0x0000000000006bde       0x38 contiki-sky.a(rpl-timers.o)
 .text.set_dao_lifetime_timer
                0x0000000000006c16       0x52 contiki-sky.a(rpl-timers.o)
 .text.handle_dao_timer
                0x0000000000006c68       0x64 contiki-sky.a(rpl-timers.o)
 .text.new_dio_interval
                0x0000000000006ccc       0xf2 contiki-sky.a(rpl-timers.o)
                0x0000000000006ccc                new_dio_interval
 .text.handle_dio_timer
                0x0000000000006dbe       0xac contiki-sky.a(rpl-timers.o)
 .text.rpl_reset_periodic_timer
                0x0000000000006e6a       0x60 contiki-sky.a(rpl-timers.o)
                0x0000000000006e6a                rpl_reset_periodic_timer
 .text.rpl_reset_dio_timer
                0x0000000000006eca       0x1e contiki-sky.a(rpl-timers.o)
                0x0000000000006eca                rpl_reset_dio_timer
 .text.schedule_dao
                0x0000000000006ee8       0x82 contiki-sky.a(rpl-timers.o)
                0x0000000000006ee8                schedule_dao
 .text.rpl_schedule_dao
                0x0000000000006f6a        0xa contiki-sky.a(rpl-timers.o)
                0x0000000000006f6a                rpl_schedule_dao
 .text.reset    0x0000000000006f74        0x2 contiki-sky.a(rpl-mrhof.o)
 .text.calculate_rank
                0x0000000000006f76       0x30 contiki-sky.a(rpl-mrhof.o)
 .text.best_parent
                0x0000000000006fa6       0x52 contiki-sky.a(rpl-mrhof.o)
 .text.update_metric_container
                0x0000000000006ff8        0x6 contiki-sky.a(rpl-mrhof.o)
 .text.best_dag
                0x0000000000006ffe       0x34 contiki-sky.a(rpl-mrhof.o)
 .text.neighbor_link_callback
                0x0000000000007032       0xaa contiki-sky.a(rpl-mrhof.o)
 .text.rpl_dis_burst
                0x00000000000070dc        0xe contiki-sky.a(rpl-unreachv2.o)
                0x00000000000070dc                rpl_dis_burst
 .text.eventhandler
                0x00000000000070ea      0x1d0 contiki-sky.a(rpl-unreachv2.o)
                0x00000000000070ea                eventhandler
 .text.process_thread_unreach_process
                0x00000000000072ba       0x3a contiki-sky.a(rpl-unreachv2.o)
 .text.call_process
                0x00000000000072f4       0x48 contiki-sky.a(process.o)
 .text.exit_process
                0x000000000000733c       0x94 contiki-sky.a(process.o)
 .text.do_poll  0x00000000000073d0       0x30 contiki-sky.a(process.o)
 .text.process_alloc_event
                0x0000000000007400        0xe contiki-sky.a(process.o)
                0x0000000000007400                process_alloc_event
 .text.process_init
                0x000000000000740e       0x1c contiki-sky.a(process.o)
                0x000000000000740e                process_init
 .text.process_run
                0x000000000000742a       0xa2 contiki-sky.a(process.o)
                0x000000000000742a                process_run
 .text.process_nevents
                0x00000000000074cc        0xe contiki-sky.a(process.o)
                0x00000000000074cc                process_nevents
 .text.process_post
                0x00000000000074da       0x54 contiki-sky.a(process.o)
                0x00000000000074da                process_post
 .text.process_post_synch
                0x000000000000752e       0x12 contiki-sky.a(process.o)
                0x000000000000752e                process_post_synch
 .text.process_start
                0x0000000000007540       0x32 contiki-sky.a(process.o)
                0x0000000000007540                process_start
 .text.process_poll
                0x0000000000007572       0x18 contiki-sky.a(process.o)
                0x0000000000007572                process_poll
 .text.autostart_start
                0x000000000000758a       0x16 contiki-sky.a(autostart.o)
                0x000000000000758a                autostart_start
 .text.memb_init
                0x00000000000075a0       0x36 contiki-sky.a(memb.o)
                0x00000000000075a0                memb_init
 .text.memb_alloc
                0x00000000000075d6       0x3e contiki-sky.a(memb.o)
                0x00000000000075d6                memb_alloc
 .text.memb_free
                0x0000000000007614       0x3a contiki-sky.a(memb.o)
                0x0000000000007614                memb_free
 .text.memb_inmemb
                0x000000000000764e       0x2e contiki-sky.a(memb.o)
                0x000000000000764e                memb_inmemb
 .text.timer_set
                0x000000000000767c       0x1c contiki-sky.a(timer.o)
                0x000000000000767c                timer_set
 .text.timer_reset
                0x0000000000007698        0xe contiki-sky.a(timer.o)
                0x0000000000007698                timer_reset
 .text.timer_restart
                0x00000000000076a6       0x14 contiki-sky.a(timer.o)
                0x00000000000076a6                timer_restart
 .text.timer_expired
                0x00000000000076ba       0x2a contiki-sky.a(timer.o)
                0x00000000000076ba                timer_expired
 .text.list_init
                0x00000000000076e4        0x6 contiki-sky.a(list.o)
                0x00000000000076e4                list_init
 .text.list_head
                0x00000000000076ea        0x4 contiki-sky.a(list.o)
                0x00000000000076ea                list_head
 .text.list_tail
                0x00000000000076ee       0x12 contiki-sky.a(list.o)
                0x00000000000076ee                list_tail
 .text.list_remove
                0x0000000000007700       0x34 contiki-sky.a(list.o)
                0x0000000000007700                list_remove
 .text.list_push
                0x0000000000007734       0x1a contiki-sky.a(list.o)
                0x0000000000007734                list_push
 .text.list_add
                0x000000000000774e       0x2a contiki-sky.a(list.o)
                0x000000000000774e                list_add
 .text.list_length
                0x0000000000007778       0x10 contiki-sky.a(list.o)
                0x0000000000007778                list_length
 .text.list_item_next
                0x0000000000007788        0xc contiki-sky.a(list.o)
                0x0000000000007788                list_item_next
 .text.update_time
                0x0000000000007794       0x78 contiki-sky.a(etimer.o)
 .text.etimer_request_poll
                0x000000000000780c        0xa contiki-sky.a(etimer.o)
                0x000000000000780c                etimer_request_poll
 .text.process_thread_etimer_process
                0x0000000000007816       0xc8 contiki-sky.a(etimer.o)
 .text.add_timer
                0x00000000000078de       0x40 contiki-sky.a(etimer.o)
 .text.etimer_set
                0x000000000000791e       0x12 contiki-sky.a(etimer.o)
                0x000000000000791e                etimer_set
 .text.etimer_reset
                0x0000000000007930       0x12 contiki-sky.a(etimer.o)
                0x0000000000007930                etimer_reset
 .text.etimer_restart
                0x0000000000007942       0x12 contiki-sky.a(etimer.o)
                0x0000000000007942                etimer_restart
 .text.etimer_expired
                0x0000000000007954        0xe contiki-sky.a(etimer.o)
                0x0000000000007954                etimer_expired
 .text.etimer_expiration_time
                0x0000000000007962       0x14 contiki-sky.a(etimer.o)
                0x0000000000007962                etimer_expiration_time
 .text.etimer_pending
                0x0000000000007976        0xc contiki-sky.a(etimer.o)
                0x0000000000007976                etimer_pending
 .text.etimer_next_expiration_time
                0x0000000000007982       0x16 contiki-sky.a(etimer.o)
                0x0000000000007982                etimer_next_expiration_time
 .text.etimer_stop
                0x0000000000007998       0x3c contiki-sky.a(etimer.o)
                0x0000000000007998                etimer_stop
 .text.process_thread_ctimer_process
                0x00000000000079d4       0xa4 contiki-sky.a(ctimer.o)
 .text.ctimer_init
                0x0000000000007a78       0x18 contiki-sky.a(ctimer.o)
                0x0000000000007a78                ctimer_init
 .text.ctimer_set
                0x0000000000007a90       0x5a contiki-sky.a(ctimer.o)
                0x0000000000007a90                ctimer_set
 .text.ctimer_reset
                0x0000000000007aea       0x3a contiki-sky.a(ctimer.o)
                0x0000000000007aea                ctimer_reset
 .text.ctimer_stop
                0x0000000000007b24       0x28 contiki-sky.a(ctimer.o)
                0x0000000000007b24                ctimer_stop
 .text.energest_init
                0x0000000000007b4c       0x28 contiki-sky.a(energest.o)
                0x0000000000007b4c                energest_init
 .text.energest_type_time
                0x0000000000007b74       0x46 contiki-sky.a(energest.o)
                0x0000000000007b74                energest_type_time
 .text.energest_type_set
                0x0000000000007bba        0xe contiki-sky.a(energest.o)
                0x0000000000007bba                energest_type_set
 .text.energest_flush
                0x0000000000007bc8       0x48 contiki-sky.a(energest.o)
                0x0000000000007bc8                energest_flush
 .text.rtimer_init
                0x0000000000007c10        0x6 contiki-sky.a(rtimer.o)
                0x0000000000007c10                rtimer_init
 .text.rtimer_run_next
                0x0000000000007c16       0x26 contiki-sky.a(rtimer.o)
                0x0000000000007c16                rtimer_run_next
 .text.stimer_set
                0x0000000000007c3c       0x1c contiki-sky.a(stimer.o)
                0x0000000000007c3c                stimer_set
 .text.stimer_expired
                0x0000000000007c58       0x30 contiki-sky.a(stimer.o)
                0x0000000000007c58                stimer_expired
 .text.random_init
                0x0000000000007c88        0x6 contiki-sky.a(random.o)
                0x0000000000007c88                random_init
 .text.random_rand
                0x0000000000007c8e        0x6 contiki-sky.a(random.o)
                0x0000000000007c8e                random_rand
 .text.index_from_key
                0x0000000000007c94       0x48 contiki-sky.a(nbr-table.o)
 .text.item_from_key
                0x0000000000007cdc       0x34 contiki-sky.a(nbr-table.o)
 .text.nbr_set_bit
                0x0000000000007d10       0x8e contiki-sky.a(nbr-table.o)
 .text.index_from_lladdr
                0x0000000000007d9e       0x42 contiki-sky.a(nbr-table.o)
 .text.nbr_get_bit.constprop.0
                0x0000000000007de0       0x62 contiki-sky.a(nbr-table.o)
 .text.nbr_table_register
                0x0000000000007e42       0x28 contiki-sky.a(nbr-table.o)
                0x0000000000007e42                nbr_table_register
 .text.nbr_table_next
                0x0000000000007e6a       0x90 contiki-sky.a(nbr-table.o)
                0x0000000000007e6a                nbr_table_next
 .text.nbr_table_head
                0x0000000000007efa       0x36 contiki-sky.a(nbr-table.o)
                0x0000000000007efa                nbr_table_head
 .text.nbr_table_add_lladdr
                0x0000000000007f30      0x144 contiki-sky.a(nbr-table.o)
                0x0000000000007f30                nbr_table_add_lladdr
 .text.nbr_table_get_from_lladdr
                0x0000000000008074       0x48 contiki-sky.a(nbr-table.o)
                0x0000000000008074                nbr_table_get_from_lladdr
 .text.nbr_table_remove
                0x00000000000080bc       0x32 contiki-sky.a(nbr-table.o)
                0x00000000000080bc                nbr_table_remove
 .text.nbr_table_lock
                0x00000000000080ee       0x10 contiki-sky.a(nbr-table.o)
                0x00000000000080ee                nbr_table_lock
 .text.nbr_table_unlock
                0x00000000000080fe       0x10 contiki-sky.a(nbr-table.o)
                0x00000000000080fe                nbr_table_unlock
 .text.nbr_table_get_lladdr
                0x000000000000810e       0x5a contiki-sky.a(nbr-table.o)
                0x000000000000810e                nbr_table_get_lladdr
 .text.packetbuf_copyto_hdr
                0x0000000000008168       0x1c contiki-sky.a(packetbuf.o)
                0x0000000000008168                packetbuf_copyto_hdr
 .text.packetbuf_copyto
                0x0000000000008184       0x52 contiki-sky.a(packetbuf.o)
                0x0000000000008184                packetbuf_copyto
 .text.packetbuf_hdrreduce
                0x00000000000081d6       0x1a contiki-sky.a(packetbuf.o)
                0x00000000000081d6                packetbuf_hdrreduce
 .text.packetbuf_set_datalen
                0x00000000000081f0        0x6 contiki-sky.a(packetbuf.o)
                0x00000000000081f0                packetbuf_set_datalen
 .text.packetbuf_dataptr
                0x00000000000081f6        0xe contiki-sky.a(packetbuf.o)
                0x00000000000081f6                packetbuf_dataptr
 .text.packetbuf_hdrptr
                0x0000000000008204        0xa contiki-sky.a(packetbuf.o)
                0x0000000000008204                packetbuf_hdrptr
 .text.packetbuf_is_reference
                0x000000000000820e        0xe contiki-sky.a(packetbuf.o)
                0x000000000000820e                packetbuf_is_reference
 .text.packetbuf_reference_ptr
                0x000000000000821c        0x6 contiki-sky.a(packetbuf.o)
                0x000000000000821c                packetbuf_reference_ptr
 .text.packetbuf_datalen
                0x0000000000008222        0x6 contiki-sky.a(packetbuf.o)
                0x0000000000008222                packetbuf_datalen
 .text.packetbuf_totlen
                0x0000000000008228       0x10 contiki-sky.a(packetbuf.o)
                0x0000000000008228                packetbuf_totlen
 .text.packetbuf_hdralloc
                0x0000000000008238       0x2e contiki-sky.a(packetbuf.o)
                0x0000000000008238                packetbuf_hdralloc
 .text.packetbuf_attr_clear
                0x0000000000008266       0x30 contiki-sky.a(packetbuf.o)
                0x0000000000008266                packetbuf_attr_clear
 .text.packetbuf_clear
                0x0000000000008296       0x1a contiki-sky.a(packetbuf.o)
                0x0000000000008296                packetbuf_clear
 .text.packetbuf_copyfrom
                0x00000000000082b0       0x2e contiki-sky.a(packetbuf.o)
                0x00000000000082b0                packetbuf_copyfrom
 .text.packetbuf_attr_copyto
                0x00000000000082de       0x22 contiki-sky.a(packetbuf.o)
                0x00000000000082de                packetbuf_attr_copyto
 .text.packetbuf_attr_copyfrom
                0x0000000000008300       0x24 contiki-sky.a(packetbuf.o)
                0x0000000000008300                packetbuf_attr_copyfrom
 .text.queuebuf_init
                0x0000000000008324       0x1a contiki-sky.a(queuebuf.o)
                0x0000000000008324                queuebuf_init
 .text.queuebuf_new_from_packetbuf
                0x000000000000833e       0x7e contiki-sky.a(queuebuf.o)
                0x000000000000833e                queuebuf_new_from_packetbuf
 .text.queuebuf_update_attr_from_packetbuf
                0x00000000000083bc       0x12 contiki-sky.a(queuebuf.o)
                0x00000000000083bc                queuebuf_update_attr_from_packetbuf
 .text.queuebuf_free
                0x00000000000083ce       0x40 contiki-sky.a(queuebuf.o)
                0x00000000000083ce                queuebuf_free
 .text.queuebuf_to_packetbuf
                0x000000000000840e       0x6e contiki-sky.a(queuebuf.o)
                0x000000000000840e                queuebuf_to_packetbuf
 .text.queuebuf_attr
                0x000000000000847c        0xe contiki-sky.a(queuebuf.o)
                0x000000000000847c                queuebuf_attr
 .text.set_packet_attrs
                0x000000000000848a       0x44 contiki-sky.a(sicslowpan.o)
 .text.addr_context_lookup_by_number
                0x00000000000084ce       0x36 contiki-sky.a(sicslowpan.o)
 .text.compress_addr_64
                0x0000000000008504       0xae contiki-sky.a(sicslowpan.o)
 .text.uncompress_addr
                0x00000000000085b2       0xb4 contiki-sky.a(sicslowpan.o)
 .text.input    0x0000000000008666      0x65c contiki-sky.a(sicslowpan.o)
 .text.sicslowpan_init
                0x0000000000008cc2       0x26 contiki-sky.a(sicslowpan.o)
                0x0000000000008cc2                sicslowpan_init
 .text.addr_context_lookup_by_prefix
                0x0000000000008ce8       0x4c contiki-sky.a(sicslowpan.o)
 .text.send_packet
                0x0000000000008d34       0x1a contiki-sky.a(sicslowpan.o)
 .text.output   0x0000000000008d4e      0x6f2 contiki-sky.a(sicslowpan.o)
 .text.packet_sent
                0x0000000000009440       0x22 contiki-sky.a(sicslowpan.o)
 .text.start_periodic_tcp_timer
                0x0000000000009462       0x16 contiki-sky.a(tcpip.o)
 .text.toggle_autoack
                0x0000000000009478       0xf0 contiki-sky.a(tcpip.o)
                0x0000000000009478                toggle_autoack
 .text.hand_off_backoff
                0x0000000000009568       0x16 contiki-sky.a(tcpip.o)
                0x0000000000009568                hand_off_backoff
 .text.tcpip_output
                0x000000000000957e       0x10 contiki-sky.a(tcpip.o)
                0x000000000000957e                tcpip_output
 .text.tcpip_set_outputfunc
                0x000000000000958e        0x6 contiki-sky.a(tcpip.o)
                0x000000000000958e                tcpip_set_outputfunc
 .text.udp_new  0x0000000000009594       0x1a contiki-sky.a(tcpip.o)
                0x0000000000009594                udp_new
 .text.tcpip_input
                0x00000000000095ae       0x16 contiki-sky.a(tcpip.o)
                0x00000000000095ae                tcpip_input
 .text.tcpip_ipv6_output
                0x00000000000095c4      0x148 contiki-sky.a(tcpip.o)
                0x00000000000095c4                tcpip_ipv6_output
 .text.process_thread_tcpip_process
                0x000000000000970c      0x28a contiki-sky.a(tcpip.o)
 .text.tcpip_uipcall
                0x0000000000009996       0x72 contiki-sky.a(tcpip.o)
                0x0000000000009996                tcpip_uipcall
 .text.uip_debug_ipaddr_print
                0x0000000000009a08       0x7c contiki-sky.a(uip-debug.o)
                0x0000000000009a08                uip_debug_ipaddr_print
 .text.call_route_callback
                0x0000000000009a84       0x4c contiki-sky.a(uip-ds6-route.o)
 .text.uip_ds6_route_init
                0x0000000000009ad0       0x36 contiki-sky.a(uip-ds6-route.o)
                0x0000000000009ad0                uip_ds6_route_init
 .text.uip_ds6_route_nexthop
                0x0000000000009b06       0x1a contiki-sky.a(uip-ds6-route.o)
                0x0000000000009b06                uip_ds6_route_nexthop
 .text.uip_ds6_route_head
                0x0000000000009b20        0xa contiki-sky.a(uip-ds6-route.o)
                0x0000000000009b20                uip_ds6_route_head
 .text.uip_ds6_route_next
                0x0000000000009b2a        0xe contiki-sky.a(uip-ds6-route.o)
                0x0000000000009b2a                uip_ds6_route_next
 .text.uip_ds6_route_lookup
                0x0000000000009b38       0x76 contiki-sky.a(uip-ds6-route.o)
                0x0000000000009b38                uip_ds6_route_lookup
 .text.uip_ds6_route_rm
                0x0000000000009bae       0xa4 contiki-sky.a(uip-ds6-route.o)
                0x0000000000009bae                uip_ds6_route_rm
 .text.rm_routelist
                0x0000000000009c52       0x34 contiki-sky.a(uip-ds6-route.o)
 .text.rm_routelist_callback
                0x0000000000009c86        0x6 contiki-sky.a(uip-ds6-route.o)
 .text.uip_ds6_route_add
                0x0000000000009c8c       0xec contiki-sky.a(uip-ds6-route.o)
                0x0000000000009c8c                uip_ds6_route_add
 .text.uip_ds6_defrt_rm
                0x0000000000009d78       0x48 contiki-sky.a(uip-ds6-route.o)
                0x0000000000009d78                uip_ds6_defrt_rm
 .text.uip_ds6_defrt_lookup
                0x0000000000009dc0       0x36 contiki-sky.a(uip-ds6-route.o)
                0x0000000000009dc0                uip_ds6_defrt_lookup
 .text.uip_ds6_defrt_add
                0x0000000000009df6       0x74 contiki-sky.a(uip-ds6-route.o)
                0x0000000000009df6                uip_ds6_defrt_add
 .text.uip_ds6_defrt_choose
                0x0000000000009e6a       0x3a contiki-sky.a(uip-ds6-route.o)
                0x0000000000009e6a                uip_ds6_defrt_choose
 .text.uip_ds6_defrt_periodic
                0x0000000000009ea4       0x38 contiki-sky.a(uip-ds6-route.o)
                0x0000000000009ea4                uip_ds6_defrt_periodic
 .text.uip_ds6_nbr_rm
                0x0000000000009edc       0x1a contiki-sky.a(uip-ds6-nbr.o)
                0x0000000000009edc                uip_ds6_nbr_rm
 .text.uip_ds6_neighbors_init
                0x0000000000009ef6        0xe contiki-sky.a(uip-ds6-nbr.o)
                0x0000000000009ef6                uip_ds6_neighbors_init
 .text.uip_ds6_nbr_add
                0x0000000000009f04       0x60 contiki-sky.a(uip-ds6-nbr.o)
                0x0000000000009f04                uip_ds6_nbr_add
 .text.uip_ds6_nbr_get_ll
                0x0000000000009f64        0xc contiki-sky.a(uip-ds6-nbr.o)
                0x0000000000009f64                uip_ds6_nbr_get_ll
 .text.uip_ds6_nbr_lookup
                0x0000000000009f70       0x42 contiki-sky.a(uip-ds6-nbr.o)
                0x0000000000009f70                uip_ds6_nbr_lookup
 .text.uip_ds6_nbr_ll_lookup
                0x0000000000009fb2        0xc contiki-sky.a(uip-ds6-nbr.o)
                0x0000000000009fb2                uip_ds6_nbr_ll_lookup
 .text.uip_ds6_nbr_ipaddr_from_lladdr
                0x0000000000009fbe        0x6 contiki-sky.a(uip-ds6-nbr.o)
                0x0000000000009fbe                uip_ds6_nbr_ipaddr_from_lladdr
 .text.uip_ds6_nbr_lladdr_from_ipaddr
                0x0000000000009fc4       0x12 contiki-sky.a(uip-ds6-nbr.o)
                0x0000000000009fc4                uip_ds6_nbr_lladdr_from_ipaddr
 .text.uip_ds6_link_neighbor_callback
                0x0000000000009fd6       0x2a contiki-sky.a(uip-ds6-nbr.o)
                0x0000000000009fd6                uip_ds6_link_neighbor_callback
 .text.uip_ds6_neighbor_periodic
                0x000000000000a000       0xfc contiki-sky.a(uip-ds6-nbr.o)
                0x000000000000a000                uip_ds6_neighbor_periodic
 .text.uip_ds6_list_loop
                0x000000000000a0fc       0x86 contiki-sky.a(uip-ds6.o)
                0x000000000000a0fc                uip_ds6_list_loop
 .text.uip_ds6_prefix_add
                0x000000000000a182       0x80 contiki-sky.a(uip-ds6.o)
                0x000000000000a182                uip_ds6_prefix_add
 .text.uip_ds6_is_addr_onlink
                0x000000000000a202       0x54 contiki-sky.a(uip-ds6.o)
                0x000000000000a202                uip_ds6_is_addr_onlink
 .text.uip_ds6_addr_lookup
                0x000000000000a256       0x2a contiki-sky.a(uip-ds6.o)
                0x000000000000a256                uip_ds6_addr_lookup
 .text.uip_ds6_get_link_local
                0x000000000000a280       0x3e contiki-sky.a(uip-ds6.o)
                0x000000000000a280                uip_ds6_get_link_local
 .text.uip_ds6_maddr_add
                0x000000000000a2be       0x4c contiki-sky.a(uip-ds6.o)
                0x000000000000a2be                uip_ds6_maddr_add
 .text.uip_ds6_addr_add
                0x000000000000a30a       0xc4 contiki-sky.a(uip-ds6.o)
                0x000000000000a30a                uip_ds6_addr_add
 .text.uip_ds6_maddr_lookup
                0x000000000000a3ce       0x2a contiki-sky.a(uip-ds6.o)
                0x000000000000a3ce                uip_ds6_maddr_lookup
 .text.uip_ds6_addr_rm
                0x000000000000a3f8       0x54 contiki-sky.a(uip-ds6.o)
                0x000000000000a3f8                uip_ds6_addr_rm
 .text.uip_ds6_periodic
                0x000000000000a44c       0x4a contiki-sky.a(uip-ds6.o)
                0x000000000000a44c                uip_ds6_periodic
 .text.uip_ds6_set_addr_iid
                0x000000000000a496       0x14 contiki-sky.a(uip-ds6.o)
                0x000000000000a496                uip_ds6_set_addr_iid
 .text.get_match_length
                0x000000000000a4aa       0x3e contiki-sky.a(uip-ds6.o)
                0x000000000000a4aa                get_match_length
 .text.uip_ds6_select_src
                0x000000000000a4e8       0xaa contiki-sky.a(uip-ds6.o)
                0x000000000000a4e8                uip_ds6_select_src
 .text.uip_ds6_compute_reachable_time
                0x000000000000a592       0x3e contiki-sky.a(uip-ds6.o)
                0x000000000000a592                uip_ds6_compute_reachable_time
 .text.uip_ds6_init
                0x000000000000a5d0      0x154 contiki-sky.a(uip-ds6.o)
                0x000000000000a5d0                uip_ds6_init
 .text.uip_icmp6_echo_request_input
                0x000000000000a724      0x12c contiki-sky.a(uip-icmp6.o)
                0x000000000000a724                uip_icmp6_echo_request_input
 .text.uip_icmp6_error_output
                0x000000000000a850      0x17a contiki-sky.a(uip-icmp6.o)
                0x000000000000a850                uip_icmp6_error_output
 .text.uip_icmp6_send
                0x000000000000a9ca       0x96 contiki-sky.a(uip-icmp6.o)
                0x000000000000a9ca                uip_icmp6_send
 .text.create_llao
                0x000000000000aa60       0x2c contiki-sky.a(uip-nd6.o)
 .text.uip_nd6_ns_input
                0x000000000000aa8c      0x230 contiki-sky.a(uip-nd6.o)
                0x000000000000aa8c                uip_nd6_ns_input
 .text.uip_nd6_ns_output
                0x000000000000acbc      0x158 contiki-sky.a(uip-nd6.o)
                0x000000000000acbc                uip_nd6_ns_output
 .text.uip_nd6_na_input
                0x000000000000ae14      0x1b6 contiki-sky.a(uip-nd6.o)
                0x000000000000ae14                uip_nd6_na_input
 .text.chksum   0x000000000000afca       0x32 contiki-sky.a(uip6.o)
 .text.upper_layer_chksum
                0x000000000000affc       0x56 contiki-sky.a(uip6.o)
 .text.ext_hdr_options_process
                0x000000000000b052       0xda contiki-sky.a(uip6.o)
 .text.uip_add32
                0x000000000000b12c       0x68 contiki-sky.a(uip6.o)
                0x000000000000b12c                uip_add32
 .text.unlikely.uip_add_rcv_nxt
                0x000000000000b194       0x2e contiki-sky.a(uip6.o)
 .text.uip_icmp6chksum
                0x000000000000b1c2        0xa contiki-sky.a(uip6.o)
                0x000000000000b1c2                uip_icmp6chksum
 .text.uip_tcpchksum
                0x000000000000b1cc        0xa contiki-sky.a(uip6.o)
                0x000000000000b1cc                uip_tcpchksum
 .text.uip_udpchksum
                0x000000000000b1d6        0xa contiki-sky.a(uip6.o)
                0x000000000000b1d6                uip_udpchksum
 .text.uip_init
                0x000000000000b1e0       0x72 contiki-sky.a(uip6.o)
                0x000000000000b1e0                uip_init
 .text.remove_ext_hdr
                0x000000000000b252       0x5a contiki-sky.a(uip6.o)
                0x000000000000b252                remove_ext_hdr
 .text.uip_udp_new
                0x000000000000b2ac       0xf4 contiki-sky.a(uip6.o)
                0x000000000000b2ac                uip_udp_new
 .text.uip_unlisten
                0x000000000000b3a0       0x2a contiki-sky.a(uip6.o)
                0x000000000000b3a0                uip_unlisten
 .text.uip_process
                0x000000000000b3ca      0xedc contiki-sky.a(uip6.o)
                0x000000000000b3ca                uip_process
 .text.uip_htonl
                0x000000000000c2a6       0x2e contiki-sky.a(uip6.o)
                0x000000000000c2a6                uip_htonl
 .text.init_platform
                0x000000000000c2d4        0xc contiki-sky.a(contiki-sky-pla)
                0x000000000000c2d4                init_platform
 .text.status   0x000000000000c2e0       0x16 contiki-sky.a(button-sensor.o)
 .text.configure
                0x000000000000c2f6       0x52 contiki-sky.a(button-sensor.o)
 .text.value    0x000000000000c348       0x22 contiki-sky.a(button-sensor.o)
 .text.irq_p2   0x000000000000c36a       0x8a contiki-sky.a(button-sensor.o)
                0x000000000000c36a                irq_p2
                0x000000000000c36a                __isr_1
 .text.owreadb  0x000000000000c3f4       0x52 contiki-sky.a(ds2411.o)
 .text.ds2411_init
                0x000000000000c446      0x122 contiki-sky.a(ds2411.o)
                0x000000000000c446                ds2411_init
 .text.wait_ready
                0x000000000000c568       0x50 contiki-sky.a(xmem.o)
 .text.xmem_init
                0x000000000000c5b8       0x3e contiki-sky.a(xmem.o)
                0x000000000000c5b8                xmem_init
 .text.xmem_pread
                0x000000000000c5f6       0xea contiki-sky.a(xmem.o)
                0x000000000000c5f6                xmem_pread
 .text.node_id_restore
                0x000000000000c6e0       0x38 contiki-sky.a(node-id.o)
                0x000000000000c6e0                node_id_restore
 .text.process_thread_sensors_process
                0x000000000000c718       0xbe contiki-sky.a(sensors.o)
 .text.sensors_changed
                0x000000000000c7d6       0x2a contiki-sky.a(sensors.o)
                0x000000000000c7d6                sensors_changed
 .text.strobe   0x000000000000c800       0x20 contiki-sky.a(cc2420.o)
 .text.status   0x000000000000c820       0x26 contiki-sky.a(cc2420.o)
 .text.getreg   0x000000000000c846       0x54 contiki-sky.a(cc2420.o)
 .text.setreg   0x000000000000c89a       0x52 contiki-sky.a(cc2420.o)
 .text.set_txpower
                0x000000000000c8ec       0x26 contiki-sky.a(cc2420.o)
 .text.cc2420_receiving_packet
                0x000000000000c912        0xe contiki-sky.a(cc2420.o)
 .text.pending_packet
                0x000000000000c920        0x8 contiki-sky.a(cc2420.o)
 .text.on       0x000000000000c928       0x40 contiki-sky.a(cc2420.o)
 .text.flushrx  0x000000000000c968       0x7a contiki-sky.a(cc2420.o)
 .text.off      0x000000000000c9e2       0x72 contiki-sky.a(cc2420.o)
 .text.RELEASE_LOCK
                0x000000000000ca54       0x28 contiki-sky.a(cc2420.o)
 .text.cc2420_prepare
                0x000000000000ca7c       0x8a contiki-sky.a(cc2420.o)
 .text.getrxdata
                0x000000000000cb06       0x56 contiki-sky.a(cc2420.o)
 .text.cc2420_on
                0x000000000000cb5c       0x22 contiki-sky.a(cc2420.o)
                0x000000000000cb5c                cc2420_on
 .text.cc2420_off
                0x000000000000cb7e       0x30 contiki-sky.a(cc2420.o)
                0x000000000000cb7e                cc2420_off
 .text.cc2420_cca
                0x000000000000cbae       0x74 contiki-sky.a(cc2420.o)
 .text.cc2420_read
                0x000000000000cc22       0xe6 contiki-sky.a(cc2420.o)
 .text.process_thread_cc2420_process
                0x000000000000cd08       0x50 contiki-sky.a(cc2420.o)
 .text.cc2420_set_channel
                0x000000000000cd58       0x78 contiki-sky.a(cc2420.o)
                0x000000000000cd58                cc2420_set_channel
 .text.cc2420_set_pan_addr
                0x000000000000cdd0      0x14a contiki-sky.a(cc2420.o)
                0x000000000000cdd0                cc2420_set_pan_addr
 .text.cc2420_interrupt
                0x000000000000cf1a       0x20 contiki-sky.a(cc2420.o)
                0x000000000000cf1a                cc2420_interrupt
 .text.cc2420_set_txpower
                0x000000000000cf3a        0xe contiki-sky.a(cc2420.o)
                0x000000000000cf3a                cc2420_set_txpower
 .text.cc2420_get_txpower
                0x000000000000cf48       0x1e contiki-sky.a(cc2420.o)
                0x000000000000cf48                cc2420_get_txpower
 .text.cc2420_transmit
                0x000000000000cf66      0x1a0 contiki-sky.a(cc2420.o)
 .text.cc2420_send
                0x000000000000d106       0x12 contiki-sky.a(cc2420.o)
 .text.cc2420_set_cca_threshold
                0x000000000000d118       0x16 contiki-sky.a(cc2420.o)
                0x000000000000d118                cc2420_set_cca_threshold
 .text.cc2420_init
                0x000000000000d12e       0xd8 contiki-sky.a(cc2420.o)
                0x000000000000d12e                cc2420_init
 .text.cc2420_port1_interrupt
                0x000000000000d206       0x62 contiki-sky.a(cc2420-arch.o)
                0x000000000000d206                __isr_4
                0x000000000000d206                cc2420_port1_interrupt
 .text.cc2420_arch_init
                0x000000000000d268       0x1a contiki-sky.a(cc2420-arch.o)
                0x000000000000d268                cc2420_arch_init
 .text.uart1_active
                0x000000000000d282       0x1a contiki-sky.a(uart1.o)
                0x000000000000d282                uart1_active
 .text.uart1_writeb
                0x000000000000d29c       0x1a contiki-sky.a(uart1.o)
                0x000000000000d29c                uart1_writeb
 .text.uart1_init
                0x000000000000d2b6       0xf6 contiki-sky.a(uart1.o)
                0x000000000000d2b6                uart1_init
 .text.putchar  0x000000000000d3ac       0x10 contiki-sky.a(uart1-putchar.o)
                0x000000000000d3ac                putchar
 .text.msp430_init_dco
                0x000000000000d3bc       0x84 contiki-sky.a(msp430.o)
                0x000000000000d3bc                msp430_init_dco
 .text.msp430_add_lpm_req
                0x000000000000d440        0xc contiki-sky.a(msp430.o)
                0x000000000000d440                msp430_add_lpm_req
 .text.msp430_cpu_init
                0x000000000000d44c       0x2a contiki-sky.a(msp430.o)
                0x000000000000d44c                msp430_cpu_init
 .text.splhigh_
                0x000000000000d476        0x8 contiki-sky.a(msp430.o)
                0x000000000000d476                splhigh_
 .text.msp430_sync_dco
                0x000000000000d47e       0x68 contiki-sky.a(msp430.o)
                0x000000000000d47e                msp430_sync_dco
 .text.timera1  0x000000000000d4e6       0xfe contiki-sky.a(clock.o)
                0x000000000000d4e6                __isr_5
                0x000000000000d4e6                timera1
 .text.clock_time
                0x000000000000d5e4       0x1a contiki-sky.a(clock.o)
                0x000000000000d5e4                clock_time
 .text.clock_init
                0x000000000000d5fe       0x28 contiki-sky.a(clock.o)
                0x000000000000d5fe                clock_init
 .text.clock_delay
                0x000000000000d626        0xc contiki-sky.a(clock.o)
                0x000000000000d626                clock_delay
 .text.clock_seconds
                0x000000000000d632       0x1a contiki-sky.a(clock.o)
                0x000000000000d632                clock_seconds
 .text.show_leds
                0x000000000000d64c      0x100 contiki-sky.a(leds.o)
 .text.leds_init
                0x000000000000d74c        0xe contiki-sky.a(leds.o)
                0x000000000000d74c                leds_init
 .text.leds_on  0x000000000000d75a       0x14 contiki-sky.a(leds.o)
                0x000000000000d75a                leds_on
 .text.leds_off
                0x000000000000d76e       0x14 contiki-sky.a(leds.o)
                0x000000000000d76e                leds_off
 .text.leds_arch_init
                0x000000000000d782        0xe contiki-sky.a(leds-arch.o)
                0x000000000000d782                leds_arch_init
 .text.leds_arch_set
                0x000000000000d790       0x3a contiki-sky.a(leds-arch.o)
                0x000000000000d790                leds_arch_set
 .text.watchdog_interrupt
                0x000000000000d7ca        0x6 contiki-sky.a(watchdog.o)
                0x000000000000d7ca                __isr_10
                0x000000000000d7ca                watchdog_interrupt
 .text.watchdog_start
                0x000000000000d7d0       0x14 contiki-sky.a(watchdog.o)
                0x000000000000d7d0                watchdog_start
 .text.watchdog_periodic
                0x000000000000d7e4       0x12 contiki-sky.a(watchdog.o)
                0x000000000000d7e4                watchdog_periodic
 .text.watchdog_stop
                0x000000000000d7f6       0x16 contiki-sky.a(watchdog.o)
                0x000000000000d7f6                watchdog_stop
 .text.watchdog_init
                0x000000000000d80c       0x14 contiki-sky.a(watchdog.o)
                0x000000000000d80c                watchdog_init
 .text.rtimer_arch_init
                0x000000000000d820        0xe contiki-sky.a(rtimer-arch.o)
                0x000000000000d820                rtimer_arch_init
 .text.rtimer_arch_now
                0x000000000000d82e        0xe contiki-sky.a(rtimer-arch.o)
                0x000000000000d82e                rtimer_arch_now
 .text.timera0  0x000000000000d83c       0x70 contiki-sky.a(rtimer-arch.o)
                0x000000000000d83c                __isr_6
                0x000000000000d83c                timera0
 .text.rtimer_arch_schedule
                0x000000000000d8ac        0x6 contiki-sky.a(rtimer-arch.o)
                0x000000000000d8ac                rtimer_arch_schedule
 .text.field_len
                0x000000000000d8b2       0x98 contiki-sky.a(frame802154.o)
 .text.frame802154_hdrlen
                0x000000000000d94a       0x2e contiki-sky.a(frame802154.o)
                0x000000000000d94a                frame802154_hdrlen
 .text.frame802154_create
                0x000000000000d978      0x172 contiki-sky.a(frame802154.o)
                0x000000000000d978                frame802154_create
 .text.frame802154_parse
                0x000000000000daea      0x1e8 contiki-sky.a(frame802154.o)
                0x000000000000daea                frame802154_parse
 .text.rpl_get_mode
                0x000000000000dcd2        0x6 contiki-sky.a(rpl.o)
                0x000000000000dcd2                rpl_get_mode
 .text.rpl_purge_routes
                0x000000000000dcd8       0x96 contiki-sky.a(rpl.o)
                0x000000000000dcd8                rpl_purge_routes
 .text.rpl_remove_routes
                0x000000000000dd6e       0x22 contiki-sky.a(rpl.o)
                0x000000000000dd6e                rpl_remove_routes
 .text.rpl_remove_routes_by_nexthop
                0x000000000000dd90       0x46 contiki-sky.a(rpl.o)
                0x000000000000dd90                rpl_remove_routes_by_nexthop
 .text.rpl_add_route
                0x000000000000ddd6       0x44 contiki-sky.a(rpl.o)
                0x000000000000ddd6                rpl_add_route
 .text.rpl_link_neighbor_callback
                0x000000000000de1a       0x6a contiki-sky.a(rpl.o)
                0x000000000000de1a                rpl_link_neighbor_callback
 .text.rpl_ipv6_neighbor_callback
                0x000000000000de84       0x1e contiki-sky.a(rpl.o)
                0x000000000000de84                rpl_ipv6_neighbor_callback
 .text.rpl_init
                0x000000000000dea2       0x40 contiki-sky.a(rpl.o)
                0x000000000000dea2                rpl_init
 .text.rpl_verify_header
                0x000000000000dee2       0xa2 contiki-sky.a(rpl-ext-header.)
                0x000000000000dee2                rpl_verify_header
 .text.rpl_update_header_empty
                0x000000000000df84      0x10c contiki-sky.a(rpl-ext-header.)
                0x000000000000df84                rpl_update_header_empty
 .text.rpl_update_header_final
                0x000000000000e090       0x86 contiki-sky.a(rpl-ext-header.)
                0x000000000000e090                rpl_update_header_final
 .text.rpl_invert_header
                0x000000000000e116       0x4c contiki-sky.a(rpl-ext-header.)
                0x000000000000e116                rpl_invert_header
 .text.rpl_insert_header
                0x000000000000e162       0x1c contiki-sky.a(rpl-ext-header.)
                0x000000000000e162                rpl_insert_header
 .text.spi_init
                0x000000000000e17e       0x32 contiki-sky.a(spi.o)
                0x000000000000e17e                spi_init
 .text.libgcc   0x000000000000e1b0       0x2c /usr/lib/gcc/msp430/4.6.3/mmpy-16/libgcc.a(_mulsi3.o)
                0x000000000000e1b0                __mulsi3
 .text.libgcc   0x000000000000e1dc       0x22 /usr/lib/gcc/msp430/4.6.3/mmpy-16/libgcc.a(_udivmod16.o)
                0x000000000000e1dc                __udivhi3
                0x000000000000e1dc                __ext_udivmod16
                0x000000000000e1f6                __umodhi3
 .text.libgcc   0x000000000000e1fe       0x3a /usr/lib/gcc/msp430/4.6.3/mmpy-16/libgcc.a(_divmod16.o)
                0x000000000000e1fe                __ext_divmod16
                0x000000000000e1fe                __divhi3
                0x000000000000e230                __modhi3
 .text.libgcc   0x000000000000e238       0x40 /usr/lib/gcc/msp430/4.6.3/mmpy-16/libgcc.a(_udivmod32.o)
                0x000000000000e238                __udivsi3
                0x000000000000e238                __ext_udivmod32
                0x000000000000e26e                __umodsi3
 .text          0x000000000000e278       0x20 /usr/lib/gcc/msp430/4.6.3/../../../../msp430/lib/mmpy-16/libc.a(memcmp.o)
                0x000000000000e278                memcmp
 .text          0x000000000000e298       0xfa /usr/lib/gcc/msp430/4.6.3/../../../../msp430/lib/mmpy-16/libc.a(memcpy.o)
                0x000000000000e298                memcpy
 .text          0x000000000000e392       0xfa /usr/lib/gcc/msp430/4.6.3/../../../../msp430/lib/mmpy-16/libc.a(memmove.o)
                0x000000000000e392                memmove
 .text          0x000000000000e48c       0x6a /usr/lib/gcc/msp430/4.6.3/../../../../msp430/lib/mmpy-16/libc.a(memset.o)
                0x000000000000e48c                memset
 .text          0x000000000000e4f6       0x1e /usr/lib/gcc/msp430/4.6.3/../../../../msp430/lib/mmpy-16/libc.a(printf.o)
                0x000000000000e4f6                printf
                0x000000000000e506                vprintf
 .text          0x000000000000e514      0x836 /usr/lib/gcc/msp430/4.6.3/../../../../msp430/lib/mmpy-16/libc.a(vuprintf.o)
                0x000000000000e6ac                vuprintf
 .text          0x000000000000ed4a       0x2c /usr/lib/gcc/msp430/4.6.3/../../../../msp430/lib/mmpy-16/libc.a(puts.o)
                0x000000000000ed4a                puts
 .text          0x000000000000ed76       0x54 /usr/lib/gcc/msp430/4.6.3/../../../../msp430/lib/mmpy-16/libc.a(rand.o)
                0x000000000000ed76                rand_r
                0x000000000000ed9a                rand
                0x000000000000edc0                srand
 .text.libgcc   0x000000000000edca       0xf0 /usr/lib/gcc/msp430/4.6.3/mmpy-16/libgcc.a(_udivmod64.o)
                0x000000000000edca                __xabi_udivmod64
                0x000000000000ee28                __udivdi3
                0x000000000000ee4e                __umoddi3
                0x000000000000ee7c                __udivmoddi4
 .text.crt0     0x000000000000eeba        0x2 /usr/lib/gcc/msp430/4.6.3/mmpy-16/libcrt0.a(_unexpected_.o)
                0x000000000000eeba                _unexpected_
                0x000000000000eebc                . = ALIGN (0x2)

.rodata         0x000000000000eebc      0x2e4
                0x000000000000eebc                . = ALIGN (0x2)
 *(.rodata .rodata.* .gnu.linkonce.r.*)
 .rodata        0x000000000000eebc      0x112 udp-server.co
                0x000000000000efca                autostart_processes
 .rodata        0x000000000000efce      0x10e obj_sky/contiki-sky-main.o
 .rodata        0x000000000000f0dc        0x8 contiki-sky.a(rimeaddr.o)
                0x000000000000f0dc                rimeaddr_null
 .rodata        0x000000000000f0e4       0x18 contiki-sky.a(nullrdc.o)
                0x000000000000f0ec                nullrdc_driver
 .rodata        0x000000000000f0fc        0x4 contiki-sky.a(framer-802154.o)
                0x000000000000f0fc                framer_802154
 .rodata        0x000000000000f100       0x14 contiki-sky.a(csma.o)
                0x000000000000f106                csma_driver
 .rodata        0x000000000000f114       0x24 contiki-sky.a(sicslowpan.o)
                0x000000000000f120                sicslowpan_driver
                0x000000000000f126                llprefix
                0x000000000000f128                unc_mxconf
                0x000000000000f12c                unc_ctxconf
                0x000000000000f130                unc_llconf
 .rodata        0x000000000000f138       0x1a contiki-sky.a(uip-debug.o)
 .rodata        0x000000000000f152       0x20 contiki-sky.a(uip6.o)
 .rodata        0x000000000000f172       0x10 contiki-sky.a(button-sensor.o)
                0x000000000000f17a                button_sensor
 .rodata        0x000000000000f182       0x14 contiki-sky.a(cc2420.o)
                0x000000000000f182                cc2420_driver
 .rodata        0x000000000000f196        0x2 contiki-sky.a(frame802154.o)
 .rodata        0x000000000000f198        0x7 /usr/lib/gcc/msp430/4.6.3/../../../../msp430/lib/mmpy-16/libc.a(vuprintf.o)
                0x000000000000f1a0                . = ALIGN (0x2)
 *fill*         0x000000000000f19f        0x1 00
                0x000000000000f1a0                _etext = .

.data           0x0000000000001100       0xd6 load address 0x000000000000f1a0
                0x0000000000001100                . = ALIGN (0x2)
                0x0000000000001100                PROVIDE (__data_start, .)
 *(.data .data.* .gnu.linkonce.d.*)
 .data          0x0000000000001100        0x8 udp-server.co
                0x0000000000001100                udp_server_process
 .data          0x0000000000001108       0x18 contiki-sky.a(csma.o)
 .data          0x0000000000001120        0x8 contiki-sky.a(rpl-dag.o)
 .data          0x0000000000001128       0x12 contiki-sky.a(rpl-icmp6.o)
                0x0000000000001128                wait_dios
                0x0000000000001130                multiple_dis_input
 .data          0x000000000000113a        0xe contiki-sky.a(rpl-mrhof.o)
                0x000000000000113a                rpl_mrhof
 .data          0x0000000000001148        0xa contiki-sky.a(rpl-unreachv2.o)
                0x0000000000001148                unreach_process
                0x0000000000001150                counter
 .data          0x0000000000001152        0x8 contiki-sky.a(etimer.o)
                0x0000000000001152                etimer_process
 .data          0x000000000000115a        0x8 contiki-sky.a(ctimer.o)
                0x000000000000115a                ctimer_process
 .data          0x0000000000001162        0x8 contiki-sky.a(nbr-table.o)
 .data          0x000000000000116a       0x18 contiki-sky.a(queuebuf.o)
 .data          0x0000000000001182       0x10 contiki-sky.a(tcpip.o)
                0x0000000000001182                tcpip_process
 .data          0x0000000000001192       0x20 contiki-sky.a(uip-ds6-route.o)
 .data          0x00000000000011b2        0xa contiki-sky.a(uip-ds6-nbr.o)
                0x00000000000011b2                ds6_neighbors
 .data          0x00000000000011bc        0x4 contiki-sky.a(contiki-sky-pla)
                0x00000000000011bc                sensors
 .data          0x00000000000011c0        0x8 contiki-sky.a(sensors.o)
                0x00000000000011c0                sensors_process
 .data          0x00000000000011c8        0x8 contiki-sky.a(cc2420.o)
                0x00000000000011c8                cc2420_process
 .data          0x00000000000011d0        0x2 contiki-sky.a(msp430.o)
 .data          0x00000000000011d2        0x4 /usr/lib/gcc/msp430/4.6.3/../../../../msp430/lib/mmpy-16/libc.a(rand.o)
                0x00000000000011d6                . = ALIGN (0x2)
                0x00000000000011d6                _edata = .
                0x000000000000f1a0                PROVIDE (__data_load_start, LOADADDR (.data))
                0x00000000000000d6                PROVIDE (__data_size, SIZEOF (.data))

.bss            0x00000000000011d6     0x222c load address 0x000000000000f276
                0x00000000000011d6                PROVIDE (__bss_start, .)
 *(.bss .bss.*)
 .bss           0x00000000000011d6        0x6 udp-server.co
                0x00000000000011d6                rssi_packets
                0x00000000000011d8                rssi_rec
 .bss           0x00000000000011dc        0xc obj_sky/contiki-sky-main.o
 .bss           0x00000000000011e8        0x2 contiki-sky.a(framer-802154.o)
 .bss           0x00000000000011ea       0xc4 contiki-sky.a(csma.o)
 .bss           0x00000000000012ae       0xa0 contiki-sky.a(mac-sequence.o)
 .bss           0x000000000000134e       0xc8 contiki-sky.a(rpl-dag.o)
 .bss           0x0000000000001416       0x32 contiki-sky.a(rpl-icmp6.o)
                0x0000000000001416                process_dis_input
 .bss           0x0000000000001448       0x1a contiki-sky.a(rpl-timers.o)
 .bss           0x0000000000001462       0x1c contiki-sky.a(rpl-unreachv2.o)
 .bss           0x000000000000147e       0x42 contiki-sky.a(process.o)
                0x000000000000147e                process_current
                0x0000000000001480                process_list
 .bss           0x00000000000014c0        0x6 contiki-sky.a(etimer.o)
 .bss           0x00000000000014c6        0x4 contiki-sky.a(ctimer.o)
 .bss           0x00000000000014ca        0x2 contiki-sky.a(rtimer.o)
 .bss           0x00000000000014cc      0x118 contiki-sky.a(nbr-table.o)
 .bss           0x00000000000015e4       0xba contiki-sky.a(packetbuf.o)
 .bss           0x000000000000169e      0x71e contiki-sky.a(queuebuf.o)
 .bss           0x0000000000001dbc      0x124 contiki-sky.a(sicslowpan.o)
 .bss           0x0000000000001ee0      0x14a contiki-sky.a(tcpip.o)
                0x0000000000001ee0                high_traffic_flag
                0x0000000000001ee2                tcp_input_rssi_average
                0x0000000000001ee4                tcp_rssi
                0x0000000000001ee6                tcp_input_rssi
                0x0000000000001ee8                packet_input_count
                0x0000000000001eea                traffic_count
                0x0000000000001eec                promiscuous_packets
                0x0000000000001eee                bad_rssi_detected
                0x0000000000001ef0                prom_dio_sent
                0x0000000000001ef2                startup_flag
                0x0000000000001ef4                hand_off_backoff_flag
                0x0000000000001ef6                test_unreachable
                0x0000000000001ef8                NO_DATA
                0x0000000000001efa                unreach_flag
                0x0000000000001efc                mobility_flag
 .bss           0x000000000000202a      0x362 contiki-sky.a(uip-ds6-route.o)
 .bss           0x000000000000238c      0x2d0 contiki-sky.a(uip-ds6-nbr.o)
 .bss           0x000000000000265c       0x18 contiki-sky.a(uip-ds6.o)
 .bss           0x0000000000002674       0x10 contiki-sky.a(uip-icmp6.o)
 .bss           0x0000000000002684        0xa contiki-sky.a(uip-nd6.o)
 .bss           0x000000000000268e       0x12 contiki-sky.a(uip6.o)
                0x000000000000268e                uip_ext_opt_offset
                0x0000000000002690                uip_ext_len
                0x0000000000002692                uip_ext_bitmap
 .bss           0x00000000000026a0        0x8 contiki-sky.a(button-sensor.o)
 .bss           0x00000000000026a8        0x2 contiki-sky.a(node-id.o)
                0x00000000000026a8                node_id
 .bss           0x00000000000026aa        0x6 contiki-sky.a(sensors.o)
 .bss           0x00000000000026b0        0xa contiki-sky.a(cc2420.o)
 .bss           0x00000000000026ba       0x9a contiki-sky.a(uart1.o)
 .bss           0x0000000000002754        0xa contiki-sky.a(clock.o)
 .bss           0x000000000000275e        0x2 contiki-sky.a(leds.o)
 .bss           0x0000000000002760        0x2 contiki-sky.a(watchdog.o)
 .bss           0x0000000000002762        0x2 contiki-sky.a(rpl.o)
 *(COMMON)
 COMMON         0x0000000000002764       0x18 udp-server.co
                0x0000000000002764                unreach_fw
                0x0000000000002778                check_dao_ack
                0x000000000000277a                packets
 COMMON         0x000000000000277c        0x8 contiki-sky.a(rimeaddr.o)
                0x000000000000277c                rimeaddr_node_addr
 COMMON         0x0000000000002784       0xce contiki-sky.a(rpl-dag.o)
                0x0000000000002784                block_daos
                0x0000000000002786                default_instance
                0x0000000000002788                instance_table
 COMMON         0x0000000000002852      0x4c2 contiki-sky.a(rpl-icmp6.o)
                0x0000000000002852                dios
                0x0000000000002a1e                dis_event
                0x0000000000002a20                best_parent_rssi
                0x0000000000002a22                p
                0x0000000000002a24                dio_addr
                0x0000000000002a26                wait_dios_event
                0x0000000000002a28                best_parent_addr
                0x0000000000002a38                promiscuous_parent_addr
                0x0000000000002a88                promiscuous_dios
                0x0000000000002c54                priority
                0x0000000000002c56                possible_parent_addr
                0x0000000000002ca6                best_parent_dio
                0x0000000000002d02                uip_hostaddr
                0x0000000000002d12                process_instance
 COMMON         0x0000000000002d14       0x6d contiki-sky.a(rpl-unreachv2.o)
                0x0000000000002d14                current_t
                0x0000000000002d18                dag
                0x0000000000002d1a                dio
                0x0000000000002d76                instance
                0x0000000000002d78                end
                0x0000000000002d7a                pref
                0x0000000000002d7c                reliable
                0x0000000000002d7e                rssi
                0x0000000000002d80                unreach_event
 COMMON         0x0000000000002d81        0x1 contiki-sky.a(process.o)
                0x0000000000002d81                process_maxevents
 COMMON         0x0000000000002d82       0x56 contiki-sky.a(energest.o)
                0x0000000000002d82                energest_total_time
                0x0000000000002db2                energest_total_count
                0x0000000000002db4                energest_current_mode
                0x0000000000002dc0                energest_current_time
 COMMON         0x0000000000002dd8       0x50 contiki-sky.a(packetbuf.o)
                0x0000000000002dd8                packetbuf_addrs
                0x0000000000002df8                packetbuf_attrs
 COMMON         0x0000000000002e28        0x8 contiki-sky.a(sicslowpan.o)
                0x0000000000002e28                frag_sender
 COMMON         0x0000000000002e30      0x150 contiki-sky.a(tcpip.o)
                0x0000000000002e30                promiscuous_average_rssi
                0x0000000000002e44                delay_dio
                0x0000000000002e58                reg
                0x0000000000002e5a                used_mobile_nodes
                0x0000000000002e60                number_of_childs
                0x0000000000002e62                promiscuous_rssi_send
                0x0000000000002e64                promiscuous_rssi
                0x0000000000002e6a                traffic_check
                0x0000000000002e7e                rssi_sum
                0x0000000000002e80                end_time
                0x0000000000002e84                good_packet_count
                0x0000000000002e98                tcpip_event
                0x0000000000002e9a                promiscuous_addr
                0x0000000000002f3a                autoack
                0x0000000000002f3c                d
                0x0000000000002f40                mobile_nodes
                0x0000000000002f42                promiscuous_addr_ptr
                0x0000000000002f56                reply_sent
                0x0000000000002f58                prom_rssi_sum
                0x0000000000002f6c                wait_for_dao
 COMMON         0x0000000000002f80      0x15c contiki-sky.a(uip-ds6.o)
                0x0000000000002f80                uip_ds6_timer_ra
                0x0000000000002f88                uip_ds6_if
                0x0000000000003074                uip_ds6_netif_addr_list_offset
                0x0000000000003075                uip_ds6_addr_size
                0x0000000000003076                uip_ds6_prefix_list
                0x00000000000030d0                uip_ds6_timer_periodic
 COMMON         0x00000000000030dc      0x304 contiki-sky.a(uip6.o)
                0x00000000000030dc                uip_len
                0x00000000000030de                uip_sappdata
                0x00000000000030e0                uip_acc32
                0x00000000000030e4                uip_lladdr
                0x00000000000030ec                uip_aligned_buf
                0x00000000000031dc                uip_flags
                0x00000000000031de                uip_next_hdr
                0x00000000000031e0                uip_udp_conn
                0x00000000000031e2                uip_appdata
                0x00000000000031e4                uip_conn
                0x00000000000031e6                uip_conns
                0x0000000000003296                uip_listenports
                0x00000000000032a6                uip_slen
                0x00000000000032a8                uip_udp_conns
 COMMON         0x00000000000033e0        0x2 contiki-sky.a(contiki-sky-pla)
                0x00000000000033e0                sensors_flags
 COMMON         0x00000000000033e2        0x8 contiki-sky.a(ds2411.o)
                0x00000000000033e2                ds2411_id
 COMMON         0x00000000000033ea        0x1 contiki-sky.a(sensors.o)
                0x00000000000033ea                sensors_event
 *fill*         0x00000000000033eb        0x1 00
 COMMON         0x00000000000033ec       0x14 contiki-sky.a(cc2420.o)
                0x00000000000033ec                cc2420_last_rssi
                0x00000000000033ee                cc2420_packets_read
                0x00000000000033f0                cc2420_packets_seen
                0x00000000000033f2                cc2420_sfd_start_time
                0x00000000000033f4                cc2420_time_of_departure
                0x00000000000033f6                cc2420_time_of_arrival
                0x00000000000033f8                cc2420_last_correlation
                0x00000000000033fa                cc2420_authority_level_of_sender
                0x00000000000033fc                cc2420_sfd_counter
                0x00000000000033fe                cc2420_sfd_end_time
 COMMON         0x0000000000003400        0x2 contiki-sky.a(msp430.o)
                0x0000000000003400                msp430_dco_required
                0x0000000000003402                . = ALIGN (0x2)
                0x0000000000003402                PROVIDE (__bss_end, .)
                0x000000000000222c                PROVIDE (__bss_size, SIZEOF (.bss))

.noinit         0x0000000000003402        0x2 load address 0x000000000000f276
                0x0000000000003402                PROVIDE (__noinit_start, .)
 *(.noinit .noinit.*)
 .noinit.crt0   0x0000000000003402        0x2 /usr/lib/gcc/msp430/4.6.3/mmpy-16/libcrt0.a(__watchdog_support.o)
                0x0000000000003402                __wdt_clear_value
                0x0000000000003404                . = ALIGN (0x2)
                0x0000000000003404                PROVIDE (__noinit_end, .)
                0x0000000000003404                . = ALIGN (0x2)
                0x0000000000003404                _end = .

.infomem        0x0000000000001000        0x0
 *(.infomem)
                0x0000000000001000                . = ALIGN (0x2)
 *(.infomem.*)

.infomemnobits  0x0000000000001000        0x0
 *(.infomemnobits)
                0x0000000000001000                . = ALIGN (0x2)
 *(.infomemnobits.*)

.infoa
 *(.infoa .infoa.*)

.infob
 *(.infob .infob.*)

.infoc
 *(.infoc .infoc.*)

.infod
 *(.infod .infod.*)

.vectors        0x000000000000ffe0       0x20
                0x000000000000ffe0                PROVIDE (__vectors_start, .)
 *(.vectors*)
 .vectors       0x000000000000ffe0       0x20 /usr/lib/gcc/msp430/4.6.3/mmpy-16/crt0ivtbl16.o
                0x000000000000ffe0                __ivtbl_16
                0x0000000000010000                _vectors_end = .

.fartext        0x0000000000000000        0x0
                0x0000000000000000                . = ALIGN (0x2)
 *(.fartext)
                0x0000000000000000                . = ALIGN (0x2)
 *(.fartext.*)
                0x0000000000000000                _efartext = .

.profiler
 *(.profiler)

.stab
 *(.stab)

.stabstr
 *(.stabstr)

.stab.excl
 *(.stab.excl)

.stab.exclstr
 *(.stab.exclstr)

.stab.index
 *(.stab.index)

.stab.indexstr
 *(.stab.indexstr)

.comment
 *(.comment)

.debug
 *(.debug)

.line
 *(.line)

.debug_srcinfo
 *(.debug_srcinfo)

.debug_sfnames
 *(.debug_sfnames)

.debug_aranges  0x0000000000000000      0xc38
 *(.debug_aranges)
 .debug_aranges
                0x0000000000000000       0x14 udp-server.co
 .debug_aranges
                0x0000000000000014       0x18 obj_sky/contiki-sky-main.o
 .debug_aranges
                0x000000000000002c       0x1c contiki-sky.a(rimeaddr.o)
 .debug_aranges
                0x0000000000000048       0x30 contiki-sky.a(nullrdc.o)
 .debug_aranges
                0x0000000000000078       0x14 contiki-sky.a(mac.o)
 .debug_aranges
                0x000000000000008c       0x18 contiki-sky.a(framer-802154.o)
 .debug_aranges
                0x00000000000000a4       0x34 contiki-sky.a(csma.o)
 .debug_aranges
                0x00000000000000d8       0x18 contiki-sky.a(mac-sequence.o)
 .debug_aranges
                0x00000000000000f0       0xb4 contiki-sky.a(rpl-dag.o)
 .debug_aranges
                0x00000000000001a4       0x54 contiki-sky.a(rpl-icmp6.o)
 .debug_aranges
                0x00000000000001f8       0x3c contiki-sky.a(rpl-timers.o)
 .debug_aranges
                0x0000000000000234       0x2c contiki-sky.a(rpl-mrhof.o)
 .debug_aranges
                0x0000000000000260       0x20 contiki-sky.a(rpl-unreachv2.o)
 .debug_aranges
                0x0000000000000280       0x44 contiki-sky.a(process.o)
 .debug_aranges
                0x00000000000002c4       0x18 contiki-sky.a(autostart.o)
 .debug_aranges
                0x00000000000002dc       0x20 contiki-sky.a(memb.o)
 .debug_aranges
                0x00000000000002fc       0x24 contiki-sky.a(timer.o)
 .debug_aranges
                0x0000000000000320       0x40 contiki-sky.a(list.o)
 .debug_aranges
                0x0000000000000360       0x48 contiki-sky.a(etimer.o)
 .debug_aranges
                0x00000000000003a8       0x2c contiki-sky.a(ctimer.o)
 .debug_aranges
                0x00000000000003d4       0x24 contiki-sky.a(energest.o)
 .debug_aranges
                0x00000000000003f8       0x1c contiki-sky.a(rtimer.o)
 .debug_aranges
                0x0000000000000414       0x28 contiki-sky.a(stimer.o)
 .debug_aranges
                0x000000000000043c       0x18 contiki-sky.a(random.o)
 .debug_aranges
                0x0000000000000454       0x48 contiki-sky.a(nbr-table.o)
 .debug_aranges
                0x000000000000049c       0x64 contiki-sky.a(packetbuf.o)
 .debug_aranges
                0x0000000000000500       0x38 contiki-sky.a(queuebuf.o)
 .debug_aranges
                0x0000000000000538       0x44 contiki-sky.a(sicslowpan.o)
 .debug_aranges
                0x000000000000057c       0x60 contiki-sky.a(tcpip.o)
 .debug_aranges
                0x00000000000005dc       0x18 contiki-sky.a(uip-debug.o)
 .debug_aranges
                0x00000000000005f4       0x5c contiki-sky.a(uip-ds6-route.o)
 .debug_aranges
                0x0000000000000650       0x44 contiki-sky.a(uip-ds6-nbr.o)
 .debug_aranges
                0x0000000000000694       0x68 contiki-sky.a(uip-ds6.o)
 .debug_aranges
                0x00000000000006fc       0x1c contiki-sky.a(uip-icmp6.o)
 .debug_aranges
                0x0000000000000718       0x20 contiki-sky.a(uip-nd6.o)
 .debug_aranges
                0x0000000000000738       0x5c contiki-sky.a(uip6.o)
 .debug_aranges
                0x0000000000000794       0x14 contiki-sky.a(contiki-sky-pla)
 .debug_aranges
                0x00000000000007a8       0x20 contiki-sky.a(button-sensor.o)
 .debug_aranges
                0x00000000000007c8       0x18 contiki-sky.a(ds2411.o)
 .debug_aranges
                0x00000000000007e0       0x28 contiki-sky.a(xmem.o)
 .debug_aranges
                0x0000000000000808       0x18 contiki-sky.a(node-id.o)
 .debug_aranges
                0x0000000000000820       0x24 contiki-sky.a(sensors.o)
 .debug_aranges
                0x0000000000000844       0x88 contiki-sky.a(cc2420.o)
 .debug_aranges
                0x00000000000008cc       0x18 contiki-sky.a(cc2420-arch.o)
 .debug_aranges
                0x00000000000008e4       0x24 contiki-sky.a(uart1.o)
 .debug_aranges
                0x0000000000000908       0x14 contiki-sky.a(uart1-putchar.o)
 .debug_aranges
                0x000000000000091c       0x2c contiki-sky.a(msp430.o)
 .debug_aranges
                0x0000000000000948       0x3c contiki-sky.a(clock.o)
 .debug_aranges
                0x0000000000000984       0x30 contiki-sky.a(leds.o)
 .debug_aranges
                0x00000000000009b4       0x1c contiki-sky.a(leds-arch.o)
 .debug_aranges
                0x00000000000009d0       0x28 contiki-sky.a(watchdog.o)
 .debug_aranges
                0x00000000000009f8       0x20 contiki-sky.a(rtimer-arch.o)
 .debug_aranges
                0x0000000000000a18       0x20 contiki-sky.a(frame802154.o)
 .debug_aranges
                0x0000000000000a38       0x34 contiki-sky.a(rpl.o)
 .debug_aranges
                0x0000000000000a6c       0x28 contiki-sky.a(rpl-ext-header.)
 .debug_aranges
                0x0000000000000a94       0x14 contiki-sky.a(spi.o)
 .debug_aranges
                0x0000000000000aa8       0x14 /usr/lib/gcc/msp430/4.6.3/mmpy-16/libgcc.a(_mulsi3.o)
 .debug_aranges
                0x0000000000000abc       0x14 /usr/lib/gcc/msp430/4.6.3/mmpy-16/libgcc.a(_udivmod16.o)
 .debug_aranges
                0x0000000000000ad0       0x14 /usr/lib/gcc/msp430/4.6.3/mmpy-16/libgcc.a(_divmod16.o)
 .debug_aranges
                0x0000000000000ae4       0x14 /usr/lib/gcc/msp430/4.6.3/mmpy-16/libgcc.a(_udivmod32.o)
 .debug_aranges
                0x0000000000000af8       0x14 /usr/lib/gcc/msp430/4.6.3/../../../../msp430/lib/mmpy-16/libc.a(strncmp.o)
 .debug_aranges
                0x0000000000000b0c       0x14 /usr/lib/gcc/msp430/4.6.3/../../../../msp430/lib/mmpy-16/libc.a(memcmp.o)
 .debug_aranges
                0x0000000000000b20       0x14 /usr/lib/gcc/msp430/4.6.3/../../../../msp430/lib/mmpy-16/libc.a(memcpy.o)
 .debug_aranges
                0x0000000000000b34       0x14 /usr/lib/gcc/msp430/4.6.3/../../../../msp430/lib/mmpy-16/libc.a(memmove.o)
 .debug_aranges