Archive member included because of file (symbol)

contiki-sky.a(rimeaddr.o)     obj_sky/contiki-sky-main.o (rimeaddr_copy)
contiki-sky.a(nullrdc.o)      obj_sky/contiki-sky-main.o (nullrdc_driver)
contiki-sky.a(mac.o)          contiki-sky.a(nullrdc.o) (mac_call_sent_callback)
contiki-sky.a(framer-802154.o)
                              contiki-sky.a(nullrdc.o) (framer_802154)
contiki-sky.a(csma.o)         udp-forwarder.co (csma_driver)
contiki-sky.a(mac-sequence.o)
                              contiki-sky.a(nullrdc.o) (mac_sequence_is_duplicate)
contiki-sky.a(rpl.o)          udp-forwarder.co (rpl_set_mode)
contiki-sky.a(rpl-dag.o)      contiki-sky.a(rpl.o) (rpl_dag_init)
contiki-sky.a(rpl-icmp6.o)    contiki-sky.a(rpl.o) (dao_output_target)
contiki-sky.a(rpl-timers.o)   contiki-sky.a(rpl-icmp6.o) (new_dio_interval)
contiki-sky.a(rpl-mrhof.o)    contiki-sky.a(rpl-dag.o) (rpl_mrhof)
contiki-sky.a(rpl-unreachv2.o)
                              contiki-sky.a(rpl-icmp6.o) (unreach_process)
contiki-sky.a(process.o)      udp-forwarder.co (process_current)
contiki-sky.a(autostart.o)    obj_sky/contiki-sky-main.o (autostart_start)
contiki-sky.a(memb.o)         contiki-sky.a(csma.o) (memb_init)
contiki-sky.a(timer.o)        obj_sky/contiki-sky-main.o (timer_set)
contiki-sky.a(list.o)         contiki-sky.a(csma.o) (list_init)
contiki-sky.a(etimer.o)       obj_sky/contiki-sky-main.o (etimer_process)
contiki-sky.a(ctimer.o)       obj_sky/contiki-sky-main.o (ctimer_init)
contiki-sky.a(energest.o)     obj_sky/contiki-sky-main.o (energest_init)
contiki-sky.a(rtimer.o)       obj_sky/contiki-sky-main.o (rtimer_init)
contiki-sky.a(stimer.o)       contiki-sky.a(rpl-icmp6.o) (stimer_set)
contiki-sky.a(random.o)       obj_sky/contiki-sky-main.o (random_init)
contiki-sky.a(nbr-table.o)    contiki-sky.a(rpl-dag.o) (nbr_table_register)
contiki-sky.a(packetbuf.o)    contiki-sky.a(framer-802154.o) (packetbuf_hdrreduce)
contiki-sky.a(queuebuf.o)     obj_sky/contiki-sky-main.o (queuebuf_init)
contiki-sky.a(sicslowpan.o)   obj_sky/contiki-sky-main.o (sicslowpan_driver)
contiki-sky.a(tcpip.o)        contiki-sky.a(rpl-icmp6.o) (toggle_autoack)
contiki-sky.a(uip-ds6-route.o)
                              contiki-sky.a(rpl.o) (uip_ds6_route_nexthop)
contiki-sky.a(uip-ds6-nbr.o)  contiki-sky.a(rpl-icmp6.o) (uip_ds6_nbr_add)
contiki-sky.a(uip-ds6.o)      contiki-sky.a(tcpip.o) (uip_ds6_is_addr_onlink)
contiki-sky.a(uip-icmp6.o)    contiki-sky.a(rpl-icmp6.o) (uip_icmp6_send)
contiki-sky.a(uip-nd6.o)      contiki-sky.a(tcpip.o) (uip_nd6_ns_output)
contiki-sky.a(uip6.o)         contiki-sky.a(rpl-icmp6.o) (uip_aligned_buf)
contiki-sky.a(contiki-sky-pla)
                              obj_sky/contiki-sky-main.o (init_platform)
contiki-sky.a(button-sensor.o)
                              contiki-sky.a(contiki-sky-pla) (button_sensor)
contiki-sky.a(ds2411.o)       obj_sky/contiki-sky-main.o (ds2411_init)
contiki-sky.a(xmem.o)         obj_sky/contiki-sky-main.o (xmem_init)
contiki-sky.a(node-id.o)      obj_sky/contiki-sky-main.o (node_id_restore)
contiki-sky.a(sensors.o)      contiki-sky.a(button-sensor.o) (sensors_changed)
contiki-sky.a(cc2420.o)       obj_sky/contiki-sky-main.o (cc2420_set_pan_addr)
contiki-sky.a(cc2420-arch.o)  contiki-sky.a(cc2420.o) (cc2420_arch_init)
contiki-sky.a(uart1.o)        obj_sky/contiki-sky-main.o (uart1_active)
contiki-sky.a(uart1-putchar.o)
                              obj_sky/contiki-sky-main.o (putchar)
contiki-sky.a(msp430.o)       contiki-sky.a(uart1.o) (msp430_add_lpm_req)
contiki-sky.a(clock.o)        contiki-sky.a(rpl-unreachv2.o) (clock_time)
contiki-sky.a(leds.o)         obj_sky/contiki-sky-main.o (leds_init)
contiki-sky.a(leds-arch.o)    contiki-sky.a(leds.o) (leds_arch_init)
contiki-sky.a(watchdog.o)     obj_sky/contiki-sky-main.o (watchdog_start)
contiki-sky.a(rtimer-arch.o)  contiki-sky.a(rtimer.o) (rtimer_arch_init)
contiki-sky.a(frame802154.o)  contiki-sky.a(framer-802154.o) (frame802154_hdrlen)
contiki-sky.a(rpl-ext-header.)
                              contiki-sky.a(uip6.o) (rpl_verify_header)
contiki-sky.a(uip-debug.o)    contiki-sky.a(uip-ds6-route.o) (uip_debug_ipaddr_print)
contiki-sky.a(spi.o)          contiki-sky.a(xmem.o) (spi_init)
/usr/lib/gcc/msp430/4.6.3/mmpy-16/libgcc.a(_mulsi3.o)
                              contiki-sky.a(csma.o) (__mulsi3)
/usr/lib/gcc/msp430/4.6.3/mmpy-16/libgcc.a(_udivmod16.o)
                              contiki-sky.a(rpl-dag.o) (__udivhi3)
/usr/lib/gcc/msp430/4.6.3/mmpy-16/libgcc.a(_divmod16.o)
                              contiki-sky.a(rpl-icmp6.o) (__divhi3)
/usr/lib/gcc/msp430/4.6.3/mmpy-16/libgcc.a(_udivmod32.o)
                              obj_sky/contiki-sky-main.o (__udivsi3)
/usr/lib/gcc/msp430/4.6.3/../../../../msp430/lib/mmpy-16/libc.a(strncmp.o)
                              contiki-sky.a(sensors.o) (strncmp)
/usr/lib/gcc/msp430/4.6.3/../../../../msp430/lib/mmpy-16/libc.a(memcmp.o)
                              contiki-sky.a(rimeaddr.o) (memcmp)
[...]
Memory Configuration

Name             Origin             Length             Attributes
sfr              0x0000000000000000 0x0000000000000010
peripheral_8bit  0x0000000000000010 0x00000000000000f0
peripheral_16bit 0x0000000000000100 0x0000000000000100
ram_mirror       0x0000000000000200 0x0000000000000800 xw
infomem          0x0000000000001000 0x0000000000000100
infob            0x0000000000001000 0x0000000000000080
infoa            0x0000000000001080 0x0000000000000080
ram              0x0000000000001100 0x0000000000002800 xw
rom              0x0000000000004000 0x000000000000bfe0 xr
vectors          0x000000000000ffe0 0x0000000000000020
bsl              0x0000000000000000 0x0000000000000000
infoc            0x0000000000000000 0x0000000000000000
infod            0x0000000000000000 0x0000000000000000
ram2             0x0000000000000000 0x0000000000000000 xw
usbram           0x0000000000000000 0x0000000000000000 xw
far_rom          0x0000000000000000 0x0000000000000000
*default*        0x0000000000000000 0xffffffffffffffff

Linker script and memory map

LOAD /usr/lib/gcc/msp430/4.6.3/mmpy-16/crt0ivtbl16.o
LOAD udp-forwarder.co
LOAD obj_sky/contiki-sky-main.o
LOAD contiki-sky.a
LOAD /usr/lib/gcc/msp430/4.6.3/mmpy-16/libgcc.a
LOAD /usr/lib/gcc/msp430/4.6.3/../../../../msp430/lib/mmpy-16/libc.a
LOAD /usr/lib/gcc/msp430/4.6.3/mmpy-16/libgcc.a
LOAD /usr/lib/gcc/msp430/4.6.3/mmpy-16/libcrt0.a
                0x0000000000000080                PROVIDE (__info_segment_size, 0x80)
                0x0000000000001000                PROVIDE (__infob, 0x1000)
                0x0000000000001080                PROVIDE (__infoa, 0x1080)
                0x0000000000000000                __IE1 = 0x0
                0x0000000000000002                __IFG1 = 0x2
                0x0000000000000004                __ME1 = 0x4
                0x0000000000000001                __IE2 = 0x1
                0x0000000000000003                __IFG2 = 0x3
                0x0000000000000005                __ME2 = 0x5
                0x0000000000000120                __WDTCTL = 0x120
                0x0000000000000130                __MPY = 0x130
                0x0000000000000132                __MPYS = 0x132
                0x0000000000000134                __MAC = 0x134
                0x0000000000000136                __MACS = 0x136
                0x0000000000000138                __OP2 = 0x138
                0x000000000000013a                __RESLO = 0x13a
                0x000000000000013c                __RESHI = 0x13c
                0x000000000000013e                __SUMEXT = 0x13e
                0x0000000000000020                __P1IN = 0x20
                0x0000000000000021                __P1OUT = 0x21
                0x0000000000000022                __P1DIR = 0x22
                0x0000000000000023                __P1IFG = 0x23
                0x0000000000000024                __P1IES = 0x24
                0x0000000000000025                __P1IE = 0x25
                0x0000000000000026                __P1SEL = 0x26
                0x0000000000000028                __P2IN = 0x28
                0x0000000000000029                __P2OUT = 0x29
                0x000000000000002a                __P2DIR = 0x2a
                0x000000000000002b                __P2IFG = 0x2b
                0x000000000000002c                __P2IES = 0x2c
                0x000000000000002d                __P2IE = 0x2d
                0x000000000000002e                __P2SEL = 0x2e
                0x0000000000000018                __P3IN = 0x18
                0x0000000000000019                __P3OUT = 0x19
                0x000000000000001a                __P3DIR = 0x1a
                0x000000000000001b                __P3SEL = 0x1b
                0x000000000000001c                __P4IN = 0x1c
                0x000000000000001d                __P4OUT = 0x1d
                0x000000000000001e                __P4DIR = 0x1e
                0x000000000000001f                __P4SEL = 0x1f
                0x0000000000000030                __P5IN = 0x30
                0x0000000000000031                __P5OUT = 0x31
                0x0000000000000032                __P5DIR = 0x32
                0x0000000000000033                __P5SEL = 0x33
                0x0000000000000034                __P6IN = 0x34
                0x0000000000000035                __P6OUT = 0x35
                0x0000000000000036                __P6DIR = 0x36
                0x0000000000000037                __P6SEL = 0x37
                0x0000000000000070                __U0CTL = 0x70
                0x0000000000000071                __U0TCTL = 0x71
                0x0000000000000072                __U0RCTL = 0x72
                0x0000000000000073                __U0MCTL = 0x73
                0x0000000000000074                __U0BR0 = 0x74
                0x0000000000000075                __U0BR1 = 0x75
                0x0000000000000076                __U0RXBUF = 0x76
                0x0000000000000077                __U0TXBUF = 0x77
                0x0000000000000078                __U1CTL = 0x78
                0x0000000000000079                __U1TCTL = 0x79
                0x000000000000007a                __U1RCTL = 0x7a
                0x000000000000007b                __U1MCTL = 0x7b
                0x000000000000007c                __U1BR0 = 0x7c
                0x000000000000007d                __U1BR1 = 0x7d
                0x000000000000007e                __U1RXBUF = 0x7e
                0x000000000000007f                __U1TXBUF = 0x7f
                0x0000000000000050                __I2CIE = 0x50
                0x0000000000000051                __I2CIFG = 0x51
                0x0000000000000052                __I2CNDAT = 0x52
                0x0000000000000071                __I2CTCTL = 0x71
                0x0000000000000072                __I2CDCTL = 0x72
                0x0000000000000073                __I2CPSC = 0x73
                0x0000000000000074                __I2CSCLH = 0x74
                0x0000000000000075                __I2CSCLL = 0x75
                0x0000000000000076                __I2CDRB = 0x76
                0x0000000000000076                __I2CDRW = 0x76
                0x0000000000000118                __I2COA = 0x118
                0x000000000000011a                __I2CSA = 0x11a
                0x000000000000011c                __I2CIV = 0x11c
                0x000000000000012e                __TAIV = 0x12e
                0x0000000000000160                __TACTL = 0x160
                0x0000000000000162                __TACCTL0 = 0x162
                0x0000000000000164                __TACCTL1 = 0x164
                0x0000000000000166                __TACCTL2 = 0x166
                0x0000000000000170                __TAR = 0x170
                0x0000000000000172                __TACCR0 = 0x172
                0x0000000000000174                __TACCR1 = 0x174
                0x0000000000000176                __TACCR2 = 0x176
                0x000000000000011e                __TBIV = 0x11e
                0x0000000000000180                __TBCTL = 0x180
                0x0000000000000182                __TBCCTL0 = 0x182
                0x0000000000000184                __TBCCTL1 = 0x184
                0x0000000000000186                __TBCCTL2 = 0x186
                0x0000000000000188                __TBCCTL3 = 0x188
                0x000000000000018a                __TBCCTL4 = 0x18a
                0x000000000000018c                __TBCCTL5 = 0x18c
                0x000000000000018e                __TBCCTL6 = 0x18e
                0x0000000000000190                __TBR = 0x190
                0x0000000000000192                __TBCCR0 = 0x192
                0x0000000000000194                __TBCCR1 = 0x194
                0x0000000000000196                __TBCCR2 = 0x196
                0x0000000000000198                __TBCCR3 = 0x198
                0x000000000000019a                __TBCCR4 = 0x19a
                0x000000000000019c                __TBCCR5 = 0x19c
                0x000000000000019e                __TBCCR6 = 0x19e
                0x0000000000000056                __DCOCTL = 0x56
                0x0000000000000057                __BCSCTL1 = 0x57
                0x0000000000000058                __BCSCTL2 = 0x58
                0x0000000000000055                __SVSCTL = 0x55
                0x0000000000000128                __FCTL1 = 0x128
                0x000000000000012a                __FCTL2 = 0x12a
                0x000000000000012c                __FCTL3 = 0x12c
                0x0000000000000059                __CACTL1 = 0x59
                0x000000000000005a                __CACTL2 = 0x5a
                0x000000000000005b                __CAPD = 0x5b
                0x00000000000001a0                __ADC12CTL0 = 0x1a0
                0x00000000000001a2                __ADC12CTL1 = 0x1a2
                0x00000000000001a4                __ADC12IFG = 0x1a4
                0x00000000000001a6                __ADC12IE = 0x1a6
                0x00000000000001a8                __ADC12IV = 0x1a8
                0x0000000000000140                __ADC12MEM0 = 0x140
                0x0000000000000142                __ADC12MEM1 = 0x142
                0x0000000000000144                __ADC12MEM2 = 0x144
                0x0000000000000146                __ADC12MEM3 = 0x146
                0x0000000000000148                __ADC12MEM4 = 0x148
                0x000000000000014a                __ADC12MEM5 = 0x14a
                0x000000000000014c                __ADC12MEM6 = 0x14c
                0x000000000000014e                __ADC12MEM7 = 0x14e
                0x0000000000000150                __ADC12MEM8 = 0x150
                0x0000000000000152                __ADC12MEM9 = 0x152
                0x0000000000000154                __ADC12MEM10 = 0x154
                0x0000000000000156                __ADC12MEM11 = 0x156
                0x0000000000000158                __ADC12MEM12 = 0x158
                0x000000000000015a                __ADC12MEM13 = 0x15a
                0x000000000000015c                __ADC12MEM14 = 0x15c
                0x000000000000015e                __ADC12MEM15 = 0x15e
                0x0000000000000080                __ADC12MCTL0 = 0x80
                0x0000000000000081                __ADC12MCTL1 = 0x81
                0x0000000000000082                __ADC12MCTL2 = 0x82
                0x0000000000000083                __ADC12MCTL3 = 0x83
                0x0000000000000084                __ADC12MCTL4 = 0x84
                0x0000000000000085                __ADC12MCTL5 = 0x85
                0x0000000000000086                __ADC12MCTL6 = 0x86
                0x0000000000000087                __ADC12MCTL7 = 0x87
                0x0000000000000088                __ADC12MCTL8 = 0x88
                0x0000000000000089                __ADC12MCTL9 = 0x89
                0x000000000000008a                __ADC12MCTL10 = 0x8a
                0x000000000000008b                __ADC12MCTL11 = 0x8b
                0x000000000000008c                __ADC12MCTL12 = 0x8c
                0x000000000000008d                __ADC12MCTL13 = 0x8d
                0x000000000000008e                __ADC12MCTL14 = 0x8e
                0x000000000000008f                __ADC12MCTL15 = 0x8f
                0x00000000000001c0                __DAC12_0CTL = 0x1c0
                0x00000000000001c2                __DAC12_1CTL = 0x1c2
                0x00000000000001c8                __DAC12_0DAT = 0x1c8
                0x00000000000001ca                __DAC12_1DAT = 0x1ca
                0x0000000000000122                __DMACTL0 = 0x122
                0x0000000000000124                __DMACTL1 = 0x124
                0x00000000000001e0                __DMA0CTL = 0x1e0
                0x00000000000001e8                __DMA1CTL = 0x1e8
                0x00000000000001f0                __DMA2CTL = 0x1f0
                0x00000000000001e2                __DMA0SA = 0x1e2
                0x00000000000001e4                __DMA0DA = 0x1e4
                0x00000000000001e6                __DMA0SZ = 0x1e6
                0x00000000000001ea                __DMA1SA = 0x1ea
                0x00000000000001ec                __DMA1DA = 0x1ec
                0x00000000000001ee                __DMA1SZ = 0x1ee
                0x00000000000001f2                __DMA2SA = 0x1f2
                0x00000000000001f4                __DMA2DA = 0x1f4
                0x00000000000001f6                __DMA2SZ = 0x1f6

.hash
 *(.hash)

.dynsym
 *(.dynsym)

.dynstr
 *(.dynstr)

.gnu.version
 *(.gnu.version)

.gnu.version_d
 *(.gnu.version_d)

.gnu.version_r
 *(.gnu.version_r)

.rel.init
 *(.rel.init)

.rela.init
 *(.rela.init)

.rel.fini
 *(.rel.fini)

.rela.fini
 *(.rela.fini)

.rel.text
 *(.rel.text .rel.text.* .rel.gnu.linkonce.t.*)

.rela.text
 *(.rela.text .rela.text.* .rela.gnu.linkonce.t.*)

.rel.rodata
 *(.rel.rodata .rel.rodata.* .rel.gnu.linkonce.r.*)

.rela.rodata
 *(.rela.rodata .rela.rodata.* .rela.gnu.linkonce.r.*)

.rel.data
 *(.rel.data .rel.data.* .rel.gnu.linkonce.d.*)

.rela.data
 *(.rela.data .rela.data.* .rela.gnu.linkonce.d.*)

.rel.bss
 *(.rel.bss .rel.bss.* .rel.gnu.linkonce.b.*)

.rela.bss
 *(.rela.bss .rela.bss.* .rela.gnu.linkonce.b.*)

.rel.ctors
 *(.rel.ctors)

.rela.ctors
 *(.rela.ctors)

.rel.dtors
 *(.rel.dtors)

.rela.dtors
 *(.rela.dtors)

.rel.got
 *(.rel.got)

.rela.got
 *(.rela.got)

.rel.plt
 *(.rel.plt)

.rela.plt
 *(.rela.plt)

.text           0x0000000000004000     0xb0b8
                0x0000000000004000                . = ALIGN (0x2)
 *(.init .init.*)
 *(.init0)
 .init0         0x0000000000004000        0x0 /usr/lib/gcc/msp430/4.6.3/mmpy-16/libcrt0.a(_reset_vector__.o)
                0x0000000000004000                _reset_vector__
 *(.init1)
 .init1         0x0000000000004000        0xc /usr/lib/gcc/msp430/4.6.3/mmpy-16/libcrt0.a(__watchdog_support.o)
                0x0000000000004000                __watchdog_support
 *(.init2)
 .init2         0x000000000000400c        0x4 /usr/lib/gcc/msp430/4.6.3/mmpy-16/libcrt0.a(__init_stack.o)
                0x000000000000400c                __init_stack
 *(.init3)
 .init3         0x0000000000004010        0x0 /usr/lib/gcc/msp430/4.6.3/mmpy-16/libcrt0.a(__low_level_init.o)
                0x0000000000004010                __low_level_init
 *(.init4)
 .init4         0x0000000000004010       0x18 /usr/lib/gcc/msp430/4.6.3/mmpy-16/libcrt0.a(_copy_data.o)
                0x0000000000004010                __do_copy_data
 .init4         0x0000000000004028       0x16 /usr/lib/gcc/msp430/4.6.3/mmpy-16/libcrt0.a(_clear_bss.o)
                0x0000000000004028                __do_clear_bss
 *(.init5)
 *(.init6)
 *(.init7)
 *(.init8)
 *(.init9)
 .init9         0x000000000000403e      0x33a obj_sky/contiki-sky-main.o
                0x000000000000403e                main
 *(.fini9)
 .fini9         0x0000000000004378        0x0 /usr/lib/gcc/msp430/4.6.3/mmpy-16/libcrt0.a(__stop_progExec__.o)
                0x0000000000004378                __stop_progExec__
 *(.fini8)
 *(.fini7)
 *(.fini6)
 *(.fini5)
 *(.fini4)
 *(.fini3)
 *(.fini2)
 *(.fini1)
 *(.fini0)
 .fini0         0x0000000000004378        0x6 /usr/lib/gcc/msp430/4.6.3/mmpy-16/libcrt0.a(_endless_loop__.o)
                0x0000000000004378                _endless_loop__
 *(.fini .fini.*)
                0x000000000000437e                . = ALIGN (0x2)
                0x000000000000437e                __ctors_start = .
 *(.ctors)
                0x000000000000437e                __ctors_end = .
                0x000000000000437e                __dtors_start = .
 *(.dtors)
                0x000000000000437e                __dtors_end = .
                0x000000000000437e                . = ALIGN (0x2)
 *(.text .text.* .gnu.linkonce.t.*)
 .text          0x000000000000437e        0x4 /usr/lib/gcc/msp430/4.6.3/mmpy-16/crt0ivtbl16.o
                0x000000000000437e                __isr_14
                0x000000000000437e                __isr_11
                0x000000000000437e                __isr_2
                0x000000000000437e                __isr_7
                0x000000000000437e                __isr_0
                0x000000000000437e                __isr_8
                0x000000000000437e                __isr_3
                0x000000000000437e                __isr_12
                0x000000000000437e                __isr_13
                0x000000000000437e                __isr_9
 .text.set_global_address
                0x0000000000004382       0x6e udp-forwarder.co
 .text.process_thread_udp_client_process
                0x00000000000043f0       0xc2 udp-forwarder.co
 .text.rimeaddr_copy
                0x00000000000044b2        0x8 contiki-sky.a(rimeaddr.o)
                0x00000000000044b2                rimeaddr_copy
 .text.rimeaddr_cmp
                0x00000000000044ba       0x12 contiki-sky.a(rimeaddr.o)
                0x00000000000044ba                rimeaddr_cmp
 .text.rimeaddr_set_node_addr
                0x00000000000044cc        0xc contiki-sky.a(rimeaddr.o)
                0x00000000000044cc                rimeaddr_set_node_addr
 .text.on       0x00000000000044d8        0x6 contiki-sky.a(nullrdc.o)
 .text.channel_check_interval
                0x00000000000044de        0x4 contiki-sky.a(nullrdc.o)
 .text.init     0x00000000000044e2        0x6 contiki-sky.a(nullrdc.o)
 .text.send_one_packet
                0x00000000000044e8      0x11e contiki-sky.a(nullrdc.o)
 .text.send_list
                0x0000000000004606       0x30 contiki-sky.a(nullrdc.o)
 .text.send_packet
                0x0000000000004636        0x6 contiki-sky.a(nullrdc.o)
 .text.off      0x000000000000463c       0x10 contiki-sky.a(nullrdc.o)
 .text.packet_input
                0x000000000000464c       0x2c contiki-sky.a(nullrdc.o)
 .text.mac_call_sent_callback
                0x0000000000004678       0x14 contiki-sky.a(mac.o)
                0x0000000000004678                mac_call_sent_callback
 .text.parse    0x000000000000468c       0xa4 contiki-sky.a(framer-802154.o)
 .text.create   0x0000000000004730      0x10e contiki-sky.a(framer-802154.o)
 .text.input_packet
                0x000000000000483e        0x6 contiki-sky.a(csma.o)
 .text.on       0x0000000000004844        0x6 contiki-sky.a(csma.o)
 .text.off      0x000000000000484a        0x6 contiki-sky.a(csma.o)
 .text.channel_check_interval
                0x0000000000004850       0x10 contiki-sky.a(csma.o)
 .text.transmit_packet_list
                0x0000000000004860       0x24 contiki-sky.a(csma.o)
 .text.send_packet
                0x0000000000004884      0x176 contiki-sky.a(csma.o)
 .text.init     0x00000000000049fa       0x1a contiki-sky.a(csma.o)
 .text.free_packet
                0x0000000000004a14       0x9a contiki-sky.a(csma.o)
 .text.packet_sent
                0x0000000000004aae      0x12e contiki-sky.a(csma.o)
 .text.mac_sequence_is_duplicate
                0x0000000000004bdc       0x44 contiki-sky.a(mac-sequence.o)
                0x0000000000004bdc                mac_sequence_is_duplicate
 .text.mac_sequence_register_seqno
                0x0000000000004c20       0x76 contiki-sky.a(mac-sequence.o)
                0x0000000000004c20                mac_sequence_register_seqno
 .text.rpl_get_mode
                0x0000000000004c96        0x6 contiki-sky.a(rpl.o)
                0x0000000000004c96                rpl_get_mode
 .text.rpl_set_mode
                0x0000000000004c9c       0x3c contiki-sky.a(rpl.o)
                0x0000000000004c9c                rpl_set_mode
 .text.rpl_purge_routes
                0x0000000000004cd8       0x96 contiki-sky.a(rpl.o)
                0x0000000000004cd8                rpl_purge_routes
 .text.rpl_remove_routes
                0x0000000000004d6e       0x22 contiki-sky.a(rpl.o)
                0x0000000000004d6e                rpl_remove_routes
 .text.rpl_remove_routes_by_nexthop
                0x0000000000004d90       0x46 contiki-sky.a(rpl.o)
                0x0000000000004d90                rpl_remove_routes_by_nexthop
 .text.rpl_add_route
                0x0000000000004dd6       0x44 contiki-sky.a(rpl.o)
                0x0000000000004dd6                rpl_add_route
 .text.rpl_link_neighbor_callback
                0x0000000000004e1a       0x6a contiki-sky.a(rpl.o)
                0x0000000000004e1a                rpl_link_neighbor_callback
 .text.rpl_ipv6_neighbor_callback
                0x0000000000004e84       0x1e contiki-sky.a(rpl.o)
                0x0000000000004e84                rpl_ipv6_neighbor_callback
 .text.rpl_init
                0x0000000000004ea2       0x40 contiki-sky.a(rpl.o)
                0x0000000000004ea2                rpl_init
 .text.lollipop_greater_than
                0x0000000000004ee2       0x44 contiki-sky.a(rpl-dag.o)
 .text.acceptable_rank
                0x0000000000004f26       0x50 contiki-sky.a(rpl-dag.o)
 .text.find_parent_any_dag_any_instance
                0x0000000000004f76       0x14 contiki-sky.a(rpl-dag.o)
 .text.rpl_set_preferred_parent
                0x0000000000004f8a       0x30 contiki-sky.a(rpl-dag.o)
 .text.set_ip_from_prefix
                0x0000000000004fba       0x38 contiki-sky.a(rpl-dag.o)
 .text.check_prefix
                0x0000000000004ff2       0x80 contiki-sky.a(rpl-dag.o)
 .text.rpl_dag_init
                0x0000000000005072        0xe contiki-sky.a(rpl-dag.o)
                0x0000000000005072                rpl_dag_init
 .text.rpl_get_parent
                0x0000000000005080        0xc contiki-sky.a(rpl-dag.o)
                0x0000000000005080                rpl_get_parent
 .text.rpl_get_parent_ipaddr
                0x000000000000508c       0x10 contiki-sky.a(rpl-dag.o)
                0x000000000000508c                rpl_get_parent_ipaddr
 .text.rpl_set_prefix
                0x000000000000509c       0x8e contiki-sky.a(rpl-dag.o)
                0x000000000000509c                rpl_set_prefix
 .text.rpl_set_default_route
                0x000000000000512a       0x5a contiki-sky.a(rpl-dag.o)
                0x000000000000512a                rpl_set_default_route
 .text.rpl_alloc_instance
                0x0000000000005184       0x2c contiki-sky.a(rpl-dag.o)
                0x0000000000005184                rpl_alloc_instance
 .text.rpl_add_parent
                0x00000000000051b0       0x40 contiki-sky.a(rpl-dag.o)
                0x00000000000051b0                rpl_add_parent
 .text.rpl_find_parent
                0x00000000000051f0       0x1a contiki-sky.a(rpl-dag.o)
                0x00000000000051f0                rpl_find_parent
 .text.rpl_find_parent_any_dag
                0x000000000000520a       0x22 contiki-sky.a(rpl-dag.o)
                0x000000000000520a                rpl_find_parent_any_dag
 .text.rpl_select_parent
                0x000000000000522c       0x5c contiki-sky.a(rpl-dag.o)
                0x000000000000522c                rpl_select_parent
 .text.rpl_select_dag
                0x0000000000005288      0x182 contiki-sky.a(rpl-dag.o)
                0x0000000000005288                rpl_select_dag
 .text.rpl_nullify_parent
                0x000000000000540a       0x4e contiki-sky.a(rpl-dag.o)
                0x000000000000540a                rpl_nullify_parent
 .text.rpl_remove_parent
                0x0000000000005458       0x16 contiki-sky.a(rpl-dag.o)
                0x0000000000005458                rpl_remove_parent
 .text.nbr_callback
                0x000000000000546e        0x6 contiki-sky.a(rpl-dag.o)
 .text.remove_parents.constprop.2
                0x0000000000005474       0x32 contiki-sky.a(rpl-dag.o)
 .text.rpl_free_dag
                0x00000000000054a6       0x36 contiki-sky.a(rpl-dag.o)
                0x00000000000054a6                rpl_free_dag
 .text.rpl_free_instance
                0x00000000000054dc       0x5c contiki-sky.a(rpl-dag.o)
                0x00000000000054dc                rpl_free_instance
 .text.rpl_move_parent
                0x0000000000005538       0x5a contiki-sky.a(rpl-dag.o)
                0x0000000000005538                rpl_move_parent
 .text.rpl_get_any_dag
                0x0000000000005592       0x18 contiki-sky.a(rpl-dag.o)
                0x0000000000005592                rpl_get_any_dag
 .text.rpl_get_instance
                0x00000000000055aa       0x1a contiki-sky.a(rpl-dag.o)
                0x00000000000055aa                rpl_get_instance
 .text.get_dag  0x00000000000055c4       0x56 contiki-sky.a(rpl-dag.o)
 .text.rpl_alloc_dag
                0x000000000000561a       0x66 contiki-sky.a(rpl-dag.o)
                0x000000000000561a                rpl_alloc_dag
 .text.rpl_repair_root
                0x0000000000005680       0x50 contiki-sky.a(rpl-dag.o)
                0x0000000000005680                rpl_repair_root
 .text.rpl_find_of
                0x00000000000056d0       0x10 contiki-sky.a(rpl-dag.o)
                0x00000000000056d0                rpl_find_of
 .text.rpl_join_instance
                0x00000000000056e0      0x13c contiki-sky.a(rpl-dag.o)
                0x00000000000056e0                rpl_join_instance
 .text.rpl_local_repair
                0x000000000000581c       0x7c contiki-sky.a(rpl-dag.o)
                0x000000000000581c                rpl_local_repair
 .text.rpl_process_parent_event
                0x0000000000005898       0x4e contiki-sky.a(rpl-dag.o)
                0x0000000000005898                rpl_process_parent_event
 .text.rpl_recalculate_ranks
                0x00000000000058e6       0x42 contiki-sky.a(rpl-dag.o)
                0x00000000000058e6                rpl_recalculate_ranks
 .text.rpl_add_dag
                0x0000000000005928      0x112 contiki-sky.a(rpl-dag.o)
                0x0000000000005928                rpl_add_dag
 .text.rpl_process_dio
                0x0000000000005a3a      0x28a contiki-sky.a(rpl-dag.o)
                0x0000000000005a3a                rpl_process_dio
 .text.rpl_lock_parent
                0x0000000000005cc4        0xc contiki-sky.a(rpl-dag.o)
                0x0000000000005cc4                rpl_lock_parent
 .text.get32    0x0000000000005cd0       0x46 contiki-sky.a(rpl-icmp6.o)
 .text.set32    0x0000000000005d16       0x2a contiki-sky.a(rpl-icmp6.o)
 .text.get16    0x0000000000005d40        0xe contiki-sky.a(rpl-icmp6.o)
 .text.set16    0x0000000000005d4e       0x10 contiki-sky.a(rpl-icmp6.o)
 .text.eventhandler2
                0x0000000000005d5e       0xa2 contiki-sky.a(rpl-icmp6.o)
                0x0000000000005d5e                eventhandler2
 .text.process_thread_multiple_dis_input
                0x0000000000005e00       0x3a contiki-sky.a(rpl-icmp6.o)
 .text.dis_output
                0x0000000000005e3a       0xbc contiki-sky.a(rpl-icmp6.o)
                0x0000000000005e3a                dis_output
 .text.eventhandler3
                0x0000000000005ef6      0x1e6 contiki-sky.a(rpl-icmp6.o)
                0x0000000000005ef6                eventhandler3
 .text.process_thread_wait_dios
                0x00000000000060dc       0x3a contiki-sky.a(rpl-icmp6.o)
 .text.dio_output
                0x0000000000006116      0x29a contiki-sky.a(rpl-icmp6.o)
                0x0000000000006116                dio_output
 .text.dao_output_target
                0x00000000000063b0       0xea contiki-sky.a(rpl-icmp6.o)
                0x00000000000063b0                dao_output_target
 .text.dao_output
                0x000000000000649a       0x86 contiki-sky.a(rpl-icmp6.o)
                0x000000000000649a                dao_output
 .text.dao_ack_output
                0x0000000000006520       0x32 contiki-sky.a(rpl-icmp6.o)
                0x0000000000006520                dao_ack_output
 .text.uip_rpl_input
                0x0000000000006552      0x71c contiki-sky.a(rpl-icmp6.o)
                0x0000000000006552                uip_rpl_input
 .text.handle_periodic_timer
                0x0000000000006c6e       0x38 contiki-sky.a(rpl-timers.o)
 .text.set_dao_lifetime_timer
                0x0000000000006ca6       0x52 contiki-sky.a(rpl-timers.o)
 .text.handle_dao_timer
                0x0000000000006cf8       0x64 contiki-sky.a(rpl-timers.o)
 .text.new_dio_interval
                0x0000000000006d5c       0xf2 contiki-sky.a(rpl-timers.o)
                0x0000000000006d5c                new_dio_interval
 .text.handle_dio_timer
                0x0000000000006e4e       0xac contiki-sky.a(rpl-timers.o)
 .text.rpl_reset_periodic_timer
                0x0000000000006efa       0x60 contiki-sky.a(rpl-timers.o)
                0x0000000000006efa                rpl_reset_periodic_timer
 .text.rpl_reset_dio_timer
                0x0000000000006f5a       0x1e contiki-sky.a(rpl-timers.o)
                0x0000000000006f5a                rpl_reset_dio_timer
 .text.schedule_dao
                0x0000000000006f78       0x82 contiki-sky.a(rpl-timers.o)
                0x0000000000006f78                schedule_dao
 .text.rpl_schedule_dao
                0x0000000000006ffa        0xa contiki-sky.a(rpl-timers.o)
                0x0000000000006ffa                rpl_schedule_dao
 .text.rpl_schedule_dao_immediately
                0x0000000000007004        0xa contiki-sky.a(rpl-timers.o)
                0x0000000000007004                rpl_schedule_dao_immediately
 .text.rpl_cancel_dao
                0x000000000000700e       0x1a contiki-sky.a(rpl-timers.o)
                0x000000000000700e                rpl_cancel_dao
 .text.reset    0x0000000000007028        0x2 contiki-sky.a(rpl-mrhof.o)
 .text.calculate_rank
                0x000000000000702a       0x30 contiki-sky.a(rpl-mrhof.o)
 .text.best_parent
                0x000000000000705a       0x52 contiki-sky.a(rpl-mrhof.o)
 .text.update_metric_container
                0x00000000000070ac        0x6 contiki-sky.a(rpl-mrhof.o)
 .text.best_dag
                0x00000000000070b2       0x34 contiki-sky.a(rpl-mrhof.o)
 .text.neighbor_link_callback
                0x00000000000070e6       0xaa contiki-sky.a(rpl-mrhof.o)
 .text.rpl_dis_burst
                0x0000000000007190        0xe contiki-sky.a(rpl-unreachv2.o)
                0x0000000000007190                rpl_dis_burst
 .text.eventhandler
                0x000000000000719e      0x1d0 contiki-sky.a(rpl-unreachv2.o)
                0x000000000000719e                eventhandler
 .text.process_thread_unreach_process
                0x000000000000736e       0x3a contiki-sky.a(rpl-unreachv2.o)
 .text.call_process
                0x00000000000073a8       0x48 contiki-sky.a(process.o)
 .text.exit_process
                0x00000000000073f0       0x94 contiki-sky.a(process.o)
 .text.do_poll  0x0000000000007484       0x30 contiki-sky.a(process.o)
 .text.process_alloc_event
                0x00000000000074b4        0xe contiki-sky.a(process.o)
                0x00000000000074b4                process_alloc_event
 .text.process_init
                0x00000000000074c2       0x1c contiki-sky.a(process.o)
                0x00000000000074c2                process_init
 .text.process_run
                0x00000000000074de       0xa2 contiki-sky.a(process.o)
                0x00000000000074de                process_run
 .text.process_nevents
                0x0000000000007580        0xe contiki-sky.a(process.o)
                0x0000000000007580                process_nevents
 .text.process_post
                0x000000000000758e       0x54 contiki-sky.a(process.o)
                0x000000000000758e                process_post
 .text.process_post_synch
                0x00000000000075e2       0x12 contiki-sky.a(process.o)
                0x00000000000075e2                process_post_synch
 .text.process_start
                0x00000000000075f4       0x32 contiki-sky.a(process.o)
                0x00000000000075f4                process_start
 .text.process_poll
                0x0000000000007626       0x18 contiki-sky.a(process.o)
                0x0000000000007626                process_poll
 .text.autostart_start
                0x000000000000763e       0x16 contiki-sky.a(autostart.o)
                0x000000000000763e                autostart_start
 .text.memb_init
                0x0000000000007654       0x36 contiki-sky.a(memb.o)
                0x0000000000007654                memb_init
 .text.memb_alloc
                0x000000000000768a       0x3e contiki-sky.a(memb.o)
                0x000000000000768a                memb_alloc
 .text.memb_free
                0x00000000000076c8       0x3a contiki-sky.a(memb.o)
                0x00000000000076c8                memb_free
 .text.memb_inmemb
                0x0000000000007702       0x2e contiki-sky.a(memb.o)
                0x0000000000007702                memb_inmemb
 .text.timer_set
                0x0000000000007730       0x1c contiki-sky.a(timer.o)
                0x0000000000007730                timer_set
 .text.timer_reset
                0x000000000000774c        0xe contiki-sky.a(timer.o)
                0x000000000000774c                timer_reset
 .text.timer_restart
                0x000000000000775a       0x14 contiki-sky.a(timer.o)
                0x000000000000775a                timer_restart
 .text.timer_expired
                0x000000000000776e       0x2a contiki-sky.a(timer.o)
                0x000000000000776e                timer_expired
 .text.list_init
                0x0000000000007798        0x6 contiki-sky.a(list.o)
                0x0000000000007798                list_init
 .text.list_head
                0x000000000000779e        0x4 contiki-sky.a(list.o)
                0x000000000000779e                list_head
 .text.list_tail
                0x00000000000077a2       0x12 contiki-sky.a(list.o)
                0x00000000000077a2                list_tail
 .text.list_remove
                0x00000000000077b4       0x34 contiki-sky.a(list.o)
                0x00000000000077b4                list_remove
 .text.list_push
                0x00000000000077e8       0x1a contiki-sky.a(list.o)
                0x00000000000077e8                list_push
 .text.list_add
                0x0000000000007802       0x2a contiki-sky.a(list.o)
                0x0000000000007802                list_add
 .text.list_length
                0x000000000000782c       0x10 contiki-sky.a(list.o)
                0x000000000000782c                list_length
 .text.list_item_next
                0x000000000000783c        0xc contiki-sky.a(list.o)
                0x000000000000783c                list_item_next
 .text.update_time
                0x0000000000007848       0x78 contiki-sky.a(etimer.o)
 .text.etimer_request_poll
                0x00000000000078c0        0xa contiki-sky.a(etimer.o)
                0x00000000000078c0                etimer_request_poll
 .text.process_thread_etimer_process
                0x00000000000078ca       0xc8 contiki-sky.a(etimer.o)
 .text.add_timer
                0x0000000000007992       0x40 contiki-sky.a(etimer.o)
 .text.etimer_set
                0x00000000000079d2       0x12 contiki-sky.a(etimer.o)
                0x00000000000079d2                etimer_set
 .text.etimer_reset
                0x00000000000079e4       0x12 contiki-sky.a(etimer.o)
                0x00000000000079e4                etimer_reset
 .text.etimer_restart
                0x00000000000079f6       0x12 contiki-sky.a(etimer.o)
                0x00000000000079f6                etimer_restart
 .text.etimer_expired
                0x0000000000007a08        0xe contiki-sky.a(etimer.o)
                0x0000000000007a08                etimer_expired
 .text.etimer_expiration_time
                0x0000000000007a16       0x14 contiki-sky.a(etimer.o)
                0x0000000000007a16                etimer_expiration_time
 .text.etimer_pending
                0x0000000000007a2a        0xc contiki-sky.a(etimer.o)
                0x0000000000007a2a                etimer_pending
 .text.etimer_next_expiration_time
                0x0000000000007a36       0x16 contiki-sky.a(etimer.o)
                0x0000000000007a36                etimer_next_expiration_time
 .text.etimer_stop
                0x0000000000007a4c       0x3c contiki-sky.a(etimer.o)
                0x0000000000007a4c                etimer_stop
 .text.process_thread_ctimer_process
                0x0000000000007a88       0xa4 contiki-sky.a(ctimer.o)
 .text.ctimer_init
                0x0000000000007b2c       0x18 contiki-sky.a(ctimer.o)
                0x0000000000007b2c                ctimer_init
 .text.ctimer_set
                0x0000000000007b44       0x5a contiki-sky.a(ctimer.o)
                0x0000000000007b44                ctimer_set
 .text.ctimer_reset
                0x0000000000007b9e       0x3a contiki-sky.a(ctimer.o)
                0x0000000000007b9e                ctimer_reset
 .text.ctimer_stop
                0x0000000000007bd8       0x28 contiki-sky.a(ctimer.o)
                0x0000000000007bd8                ctimer_stop
 .text.energest_init
                0x0000000000007c00       0x28 contiki-sky.a(energest.o)
                0x0000000000007c00                energest_init
 .text.energest_type_time
                0x0000000000007c28       0x46 contiki-sky.a(energest.o)
                0x0000000000007c28                energest_type_time
 .text.energest_type_set
                0x0000000000007c6e        0xe contiki-sky.a(energest.o)
                0x0000000000007c6e                energest_type_set
 .text.energest_flush
                0x0000000000007c7c       0x48 contiki-sky.a(energest.o)
                0x0000000000007c7c                energest_flush
 .text.rtimer_init
                0x0000000000007cc4        0x6 contiki-sky.a(rtimer.o)
                0x0000000000007cc4                rtimer_init
 .text.rtimer_run_next
                0x0000000000007cca       0x26 contiki-sky.a(rtimer.o)
                0x0000000000007cca                rtimer_run_next
 .text.stimer_set
                0x0000000000007cf0       0x1c contiki-sky.a(stimer.o)
                0x0000000000007cf0                stimer_set
 .text.stimer_expired
                0x0000000000007d0c       0x30 contiki-sky.a(stimer.o)
                0x0000000000007d0c                stimer_expired
 .text.random_init
                0x0000000000007d3c        0x6 contiki-sky.a(random.o)
                0x0000000000007d3c                random_init
 .text.random_rand
                0x0000000000007d42        0x6 contiki-sky.a(random.o)
                0x0000000000007d42                random_rand
 .text.index_from_key
                0x0000000000007d48       0x48 contiki-sky.a(nbr-table.o)
 .text.item_from_key
                0x0000000000007d90       0x34 contiki-sky.a(nbr-table.o)
 .text.nbr_set_bit
                0x0000000000007dc4       0x8e contiki-sky.a(nbr-table.o)
 .text.index_from_lladdr
                0x0000000000007e52       0x42 contiki-sky.a(nbr-table.o)
 .text.nbr_get_bit.constprop.0
                0x0000000000007e94       0x62 contiki-sky.a(nbr-table.o)
 .text.nbr_table_register
                0x0000000000007ef6       0x28 contiki-sky.a(nbr-table.o)
                0x0000000000007ef6                nbr_table_register
 .text.nbr_table_next
                0x0000000000007f1e       0x90 contiki-sky.a(nbr-table.o)
                0x0000000000007f1e                nbr_table_next
 .text.nbr_table_head
                0x0000000000007fae       0x36 contiki-sky.a(nbr-table.o)
                0x0000000000007fae                nbr_table_head
 .text.nbr_table_add_lladdr
                0x0000000000007fe4      0x144 contiki-sky.a(nbr-table.o)
                0x0000000000007fe4                nbr_table_add_lladdr
 .text.nbr_table_get_from_lladdr
                0x0000000000008128       0x48 contiki-sky.a(nbr-table.o)
                0x0000000000008128                nbr_table_get_from_lladdr
 .text.nbr_table_remove
                0x0000000000008170       0x32 contiki-sky.a(nbr-table.o)
                0x0000000000008170                nbr_table_remove
 .text.nbr_table_lock
                0x00000000000081a2       0x10 contiki-sky.a(nbr-table.o)
                0x00000000000081a2                nbr_table_lock
 .text.nbr_table_unlock
                0x00000000000081b2       0x10 contiki-sky.a(nbr-table.o)
                0x00000000000081b2                nbr_table_unlock
 .text.nbr_table_get_lladdr
                0x00000000000081c2       0x5a contiki-sky.a(nbr-table.o)
                0x00000000000081c2                nbr_table_get_lladdr
 .text.packetbuf_copyto_hdr
                0x000000000000821c       0x1c contiki-sky.a(packetbuf.o)
                0x000000000000821c                packetbuf_copyto_hdr
 .text.packetbuf_copyto
                0x0000000000008238       0x52 contiki-sky.a(packetbuf.o)
                0x0000000000008238                packetbuf_copyto
 .text.packetbuf_hdrreduce
                0x000000000000828a       0x1a contiki-sky.a(packetbuf.o)
                0x000000000000828a                packetbuf_hdrreduce
 .text.packetbuf_set_datalen
                0x00000000000082a4        0x6 contiki-sky.a(packetbuf.o)
                0x00000000000082a4                packetbuf_set_datalen
 .text.packetbuf_dataptr
                0x00000000000082aa        0xe contiki-sky.a(packetbuf.o)
                0x00000000000082aa                packetbuf_dataptr
 .text.packetbuf_hdrptr
                0x00000000000082b8        0xa contiki-sky.a(packetbuf.o)
                0x00000000000082b8                packetbuf_hdrptr
 .text.packetbuf_is_reference
                0x00000000000082c2        0xe contiki-sky.a(packetbuf.o)
                0x00000000000082c2                packetbuf_is_reference
 .text.packetbuf_reference_ptr
                0x00000000000082d0        0x6 contiki-sky.a(packetbuf.o)
                0x00000000000082d0                packetbuf_reference_ptr
 .text.packetbuf_datalen
                0x00000000000082d6        0x6 contiki-sky.a(packetbuf.o)
                0x00000000000082d6                packetbuf_datalen
 .text.packetbuf_totlen
                0x00000000000082dc       0x10 contiki-sky.a(packetbuf.o)
                0x00000000000082dc                packetbuf_totlen
 .text.packetbuf_hdralloc
                0x00000000000082ec       0x2e contiki-sky.a(packetbuf.o)
                0x00000000000082ec                packetbuf_hdralloc
 .text.packetbuf_attr_clear
                0x000000000000831a       0x30 contiki-sky.a(packetbuf.o)
                0x000000000000831a                packetbuf_attr_clear
 .text.packetbuf_clear
                0x000000000000834a       0x1a contiki-sky.a(packetbuf.o)
                0x000000000000834a                packetbuf_clear
 .text.packetbuf_copyfrom
                0x0000000000008364       0x2e contiki-sky.a(packetbuf.o)
                0x0000000000008364                packetbuf_copyfrom
 .text.packetbuf_attr_copyto
                0x0000000000008392       0x22 contiki-sky.a(packetbuf.o)
                0x0000000000008392                packetbuf_attr_copyto
 .text.packetbuf_attr_copyfrom
                0x00000000000083b4       0x24 contiki-sky.a(packetbuf.o)
                0x00000000000083b4                packetbuf_attr_copyfrom
 .text.queuebuf_init
                0x00000000000083d8       0x1a contiki-sky.a(queuebuf.o)
                0x00000000000083d8                queuebuf_init
 .text.queuebuf_new_from_packetbuf
                0x00000000000083f2       0x7e contiki-sky.a(queuebuf.o)
                0x00000000000083f2                queuebuf_new_from_packetbuf
 .text.queuebuf_update_attr_from_packetbuf
                0x0000000000008470       0x12 contiki-sky.a(queuebuf.o)
                0x0000000000008470                queuebuf_update_attr_from_packetbuf
 .text.queuebuf_free
                0x0000000000008482       0x40 contiki-sky.a(queuebuf.o)
                0x0000000000008482                queuebuf_free
 .text.queuebuf_to_packetbuf
                0x00000000000084c2       0x6e contiki-sky.a(queuebuf.o)
                0x00000000000084c2                queuebuf_to_packetbuf
 .text.queuebuf_attr
                0x0000000000008530        0xe contiki-sky.a(queuebuf.o)
                0x0000000000008530                queuebuf_attr
 .text.set_packet_attrs
                0x000000000000853e       0x44 contiki-sky.a(sicslowpan.o)
 .text.addr_context_lookup_by_number
                0x0000000000008582       0x36 contiki-sky.a(sicslowpan.o)
 .text.compress_addr_64
                0x00000000000085b8       0xae contiki-sky.a(sicslowpan.o)
 .text.uncompress_addr
                0x0000000000008666       0xb4 contiki-sky.a(sicslowpan.o)
 .text.input    0x000000000000871a      0x65c contiki-sky.a(sicslowpan.o)
 .text.sicslowpan_init
                0x0000000000008d76       0x26 contiki-sky.a(sicslowpan.o)
                0x0000000000008d76                sicslowpan_init
 .text.addr_context_lookup_by_prefix
                0x0000000000008d9c       0x4c contiki-sky.a(sicslowpan.o)
 .text.send_packet
                0x0000000000008de8       0x1a contiki-sky.a(sicslowpan.o)
 .text.output   0x0000000000008e02      0x6f2 contiki-sky.a(sicslowpan.o)
 .text.packet_sent
                0x00000000000094f4       0x22 contiki-sky.a(sicslowpan.o)
 .text.start_periodic_tcp_timer
                0x0000000000009516       0x16 contiki-sky.a(tcpip.o)
 .text.toggle_autoack
                0x000000000000952c       0xf0 contiki-sky.a(tcpip.o)
                0x000000000000952c                toggle_autoack
 .text.hand_off_backoff
                0x000000000000961c       0x16 contiki-sky.a(tcpip.o)
                0x000000000000961c                hand_off_backoff
 .text.send_dio
                0x0000000000009632       0x14 contiki-sky.a(tcpip.o)
                0x0000000000009632                send_dio
 .text.check_high_traffic
                0x0000000000009646       0x20 contiki-sky.a(tcpip.o)
                0x0000000000009646                check_high_traffic
 .text.tcpip_output
                0x0000000000009666       0x10 contiki-sky.a(tcpip.o)
                0x0000000000009666                tcpip_output
 .text.tcpip_set_outputfunc
                0x0000000000009676        0x6 contiki-sky.a(tcpip.o)
                0x0000000000009676                tcpip_set_outputfunc
 .text.is_mobile_node
                0x000000000000967c       0x16 contiki-sky.a(tcpip.o)
                0x000000000000967c                is_mobile_node
 .text.add_child
                0x0000000000009692       0x20 contiki-sky.a(tcpip.o)
                0x0000000000009692                add_child
 .text.udp_new  0x00000000000096b2       0x1a contiki-sky.a(tcpip.o)
                0x00000000000096b2                udp_new
 .text.tcpip_input
                0x00000000000096cc       0x16 contiki-sky.a(tcpip.o)
                0x00000000000096cc                tcpip_input
 .text.tcpip_ipv6_output
                0x00000000000096e2      0x148 contiki-sky.a(tcpip.o)
                0x00000000000096e2                tcpip_ipv6_output
 .text.process_thread_tcpip_process
                0x000000000000982a      0x556 contiki-sky.a(tcpip.o)
 .text.tcpip_uipcall
                0x0000000000009d80       0x72 contiki-sky.a(tcpip.o)
                0x0000000000009d80                tcpip_uipcall
 .text.call_route_callback
                0x0000000000009df2       0x4c contiki-sky.a(uip-ds6-route.o)
 .text.uip_ds6_route_init
                0x0000000000009e3e       0x36 contiki-sky.a(uip-ds6-route.o)
                0x0000000000009e3e                uip_ds6_route_init
 .text.uip_ds6_route_nexthop
                0x0000000000009e74       0x1a contiki-sky.a(uip-ds6-route.o)
                0x0000000000009e74                uip_ds6_route_nexthop
 .text.uip_ds6_route_head
                0x0000000000009e8e        0xa contiki-sky.a(uip-ds6-route.o)
                0x0000000000009e8e                uip_ds6_route_head
 .text.uip_ds6_route_next
                0x0000000000009e98        0xe contiki-sky.a(uip-ds6-route.o)
                0x0000000000009e98                uip_ds6_route_next
 .text.uip_ds6_route_lookup
                0x0000000000009ea6       0x76 contiki-sky.a(uip-ds6-route.o)
                0x0000000000009ea6                uip_ds6_route_lookup
 .text.uip_ds6_route_rm
                0x0000000000009f1c       0xa4 contiki-sky.a(uip-ds6-route.o)
                0x0000000000009f1c                uip_ds6_route_rm
 .text.rm_routelist
                0x0000000000009fc0       0x34 contiki-sky.a(uip-ds6-route.o)
 .text.rm_routelist_callback
                0x0000000000009ff4        0x6 contiki-sky.a(uip-ds6-route.o)
 .text.uip_ds6_route_add
                0x0000000000009ffa       0xec contiki-sky.a(uip-ds6-route.o)
                0x0000000000009ffa                uip_ds6_route_add
 .text.uip_ds6_defrt_rm
                0x000000000000a0e6       0x48 contiki-sky.a(uip-ds6-route.o)
                0x000000000000a0e6                uip_ds6_defrt_rm
 .text.uip_ds6_defrt_lookup
                0x000000000000a12e       0x36 contiki-sky.a(uip-ds6-route.o)
                0x000000000000a12e                uip_ds6_defrt_lookup
 .text.uip_ds6_defrt_add
                0x000000000000a164       0x74 contiki-sky.a(uip-ds6-route.o)
                0x000000000000a164                uip_ds6_defrt_add
 .text.uip_ds6_defrt_choose
                0x000000000000a1d8       0x3a contiki-sky.a(uip-ds6-route.o)
                0x000000000000a1d8                uip_ds6_defrt_choose
 .text.uip_ds6_defrt_periodic
                0x000000000000a212       0x38 contiki-sky.a(uip-ds6-route.o)
                0x000000000000a212                uip_ds6_defrt_periodic
 .text.uip_ds6_nbr_rm
                0x000000000000a24a       0x1a contiki-sky.a(uip-ds6-nbr.o)
                0x000000000000a24a                uip_ds6_nbr_rm
 .text.uip_ds6_neighbors_init
                0x000000000000a264        0xe contiki-sky.a(uip-ds6-nbr.o)
                0x000000000000a264                uip_ds6_neighbors_init
 .text.uip_ds6_nbr_add
                0x000000000000a272       0x60 contiki-sky.a(uip-ds6-nbr.o)
                0x000000000000a272                uip_ds6_nbr_add
 .text.uip_ds6_nbr_get_ll
                0x000000000000a2d2        0xc contiki-sky.a(uip-ds6-nbr.o)
                0x000000000000a2d2                uip_ds6_nbr_get_ll
 .text.uip_ds6_nbr_lookup
                0x000000000000a2de       0x42 contiki-sky.a(uip-ds6-nbr.o)
                0x000000000000a2de                uip_ds6_nbr_lookup
 .text.uip_ds6_nbr_ll_lookup
                0x000000000000a320        0xc contiki-sky.a(uip-ds6-nbr.o)
                0x000000000000a320                uip_ds6_nbr_ll_lookup
 .text.uip_ds6_nbr_ipaddr_from_lladdr
                0x000000000000a32c        0x6 contiki-sky.a(uip-ds6-nbr.o)
                0x000000000000a32c                uip_ds6_nbr_ipaddr_from_lladdr
 .text.uip_ds6_nbr_lladdr_from_ipaddr
                0x000000000000a332       0x12 contiki-sky.a(uip-ds6-nbr.o)
                0x000000000000a332                uip_ds6_nbr_lladdr_from_ipaddr
 .text.uip_ds6_link_neighbor_callback
                0x000000000000a344       0x2a contiki-sky.a(uip-ds6-nbr.o)
                0x000000000000a344                uip_ds6_link_neighbor_callback
 .text.uip_ds6_neighbor_periodic
                0x000000000000a36e       0xfc contiki-sky.a(uip-ds6-nbr.o)
                0x000000000000a36e                uip_ds6_neighbor_periodic
 .text.uip_ds6_list_loop
                0x000000000000a46a       0x86 contiki-sky.a(uip-ds6.o)
                0x000000000000a46a                uip_ds6_list_loop
 .text.uip_ds6_prefix_add
                0x000000000000a4f0       0x80 contiki-sky.a(uip-ds6.o)
                0x000000000000a4f0                uip_ds6_prefix_add
 .text.uip_ds6_is_addr_onlink
                0x000000000000a570       0x54 contiki-sky.a(uip-ds6.o)
                0x000000000000a570                uip_ds6_is_addr_onlink
 .text.uip_ds6_addr_lookup
                0x000000000000a5c4       0x2a contiki-sky.a(uip-ds6.o)
                0x000000000000a5c4                uip_ds6_addr_lookup
 .text.uip_ds6_get_link_local
                0x000000000000a5ee       0x3e contiki-sky.a(uip-ds6.o)
                0x000000000000a5ee                uip_ds6_get_link_local
 .text.uip_ds6_maddr_add
                0x000000000000a62c       0x4c contiki-sky.a(uip-ds6.o)
                0x000000000000a62c                uip_ds6_maddr_add
 .text.uip_ds6_addr_add
                0x000000000000a678       0xc4 contiki-sky.a(uip-ds6.o)
                0x000000000000a678                uip_ds6_addr_add
 .text.uip_ds6_maddr_lookup
                0x000000000000a73c       0x2a contiki-sky.a(uip-ds6.o)
                0x000000000000a73c                uip_ds6_maddr_lookup
 .text.uip_ds6_addr_rm
                0x000000000000a766       0x54 contiki-sky.a(uip-ds6.o)
                0x000000000000a766                uip_ds6_addr_rm
 .text.uip_ds6_periodic
                0x000000000000a7ba       0x4a contiki-sky.a(uip-ds6.o)
                0x000000000000a7ba                uip_ds6_periodic
 .text.uip_ds6_set_addr_iid
                0x000000000000a804       0x14 contiki-sky.a(uip-ds6.o)
                0x000000000000a804                uip_ds6_set_addr_iid
 .text.get_match_length
                0x000000000000a818       0x3e contiki-sky.a(uip-ds6.o)
                0x000000000000a818                get_match_length
 .text.uip_ds6_select_src
                0x000000000000a856       0xaa contiki-sky.a(uip-ds6.o)
                0x000000000000a856                uip_ds6_select_src
 .text.uip_ds6_compute_reachable_time
                0x000000000000a900       0x3e contiki-sky.a(uip-ds6.o)
                0x000000000000a900                uip_ds6_compute_reachable_time
 .text.uip_ds6_init
                0x000000000000a93e      0x154 contiki-sky.a(uip-ds6.o)
                0x000000000000a93e                uip_ds6_init
 .text.uip_icmp6_echo_request_input
                0x000000000000aa92      0x12c contiki-sky.a(uip-icmp6.o)
                0x000000000000aa92                uip_icmp6_echo_request_input
 .text.uip_icmp6_error_output
                0x000000000000abbe      0x17a contiki-sky.a(uip-icmp6.o)
                0x000000000000abbe                uip_icmp6_error_output
 .text.uip_icmp6_send
                0x000000000000ad38       0x96 contiki-sky.a(uip-icmp6.o)
                0x000000000000ad38                uip_icmp6_send
 .text.create_llao
                0x000000000000adce       0x2c contiki-sky.a(uip-nd6.o)
 .text.uip_nd6_ns_input
                0x000000000000adfa      0x230 contiki-sky.a(uip-nd6.o)
                0x000000000000adfa                uip_nd6_ns_input
 .text.uip_nd6_ns_output
                0x000000000000b02a      0x158 contiki-sky.a(uip-nd6.o)
                0x000000000000b02a                uip_nd6_ns_output
 .text.uip_nd6_na_input
                0x000000000000b182      0x1b6 contiki-sky.a(uip-nd6.o)
                0x000000000000b182                uip_nd6_na_input
 .text.chksum   0x000000000000b338       0x32 contiki-sky.a(uip6.o)
 .text.upper_layer_chksum
                0x000000000000b36a       0x56 contiki-sky.a(uip6.o)
 .text.ext_hdr_options_process
                0x000000000000b3c0       0xda contiki-sky.a(uip6.o)
 .text.uip_add32
                0x000000000000b49a       0x68 contiki-sky.a(uip6.o)
                0x000000000000b49a                uip_add32
 .text.unlikely.uip_add_rcv_nxt
                0x000000000000b502       0x2e contiki-sky.a(uip6.o)
 .text.uip_icmp6chksum
                0x000000000000b530        0xa contiki-sky.a(uip6.o)
                0x000000000000b530                uip_icmp6chksum
 .text.uip_tcpchksum
                0x000000000000b53a        0xa contiki-sky.a(uip6.o)
                0x000000000000b53a                uip_tcpchksum
 .text.uip_udpchksum
                0x000000000000b544        0xa contiki-sky.a(uip6.o)
                0x000000000000b544                uip_udpchksum
 .text.uip_init
                0x000000000000b54e       0x72 contiki-sky.a(uip6.o)
                0x000000000000b54e                uip_init
 .text.remove_ext_hdr
                0x000000000000b5c0       0x5a contiki-sky.a(uip6.o)
                0x000000000000b5c0                remove_ext_hdr
 .text.uip_udp_new
                0x000000000000b61a       0xf4 contiki-sky.a(uip6.o)
                0x000000000000b61a                uip_udp_new
 .text.uip_unlisten
                0x000000000000b70e       0x2a contiki-sky.a(uip6.o)
                0x000000000000b70e                uip_unlisten
 .text.uip_process
                0x000000000000b738      0xefe contiki-sky.a(uip6.o)
                0x000000000000b738                uip_process
 .text.uip_htonl
                0x000000000000c636       0x2e contiki-sky.a(uip6.o)
                0x000000000000c636                uip_htonl
 .text.init_platform
                0x000000000000c664        0xc contiki-sky.a(contiki-sky-pla)
                0x000000000000c664                init_platform
 .text.status   0x000000000000c670       0x16 contiki-sky.a(button-sensor.o)
 .text.configure
                0x000000000000c686       0x52 contiki-sky.a(button-sensor.o)
 .text.value    0x000000000000c6d8       0x22 contiki-sky.a(button-sensor.o)
 .text.irq_p2   0x000000000000c6fa       0x8a contiki-sky.a(button-sensor.o)
                0x000000000000c6fa                irq_p2
                0x000000000000c6fa                __isr_1
 .text.owreadb  0x000000000000c784       0x52 contiki-sky.a(ds2411.o)
 .text.ds2411_init
                0x000000000000c7d6      0x122 contiki-sky.a(ds2411.o)
                0x000000000000c7d6                ds2411_init
 .text.wait_ready
                0x000000000000c8f8       0x50 contiki-sky.a(xmem.o)
 .text.xmem_init
                0x000000000000c948       0x3e contiki-sky.a(xmem.o)
                0x000000000000c948                xmem_init
 .text.xmem_pread
                0x000000000000c986       0xea contiki-sky.a(xmem.o)
                0x000000000000c986                xmem_pread
 .text.node_id_restore
                0x000000000000ca70       0x38 contiki-sky.a(node-id.o)
                0x000000000000ca70                node_id_restore
 .text.process_thread_sensors_process
                0x000000000000caa8       0xbe contiki-sky.a(sensors.o)
 .text.sensors_changed
                0x000000000000cb66       0x2a contiki-sky.a(sensors.o)
                0x000000000000cb66                sensors_changed
 .text.strobe   0x000000000000cb90       0x20 contiki-sky.a(cc2420.o)
 .text.status   0x000000000000cbb0       0x26 contiki-sky.a(cc2420.o)
 .text.getreg   0x000000000000cbd6       0x54 contiki-sky.a(cc2420.o)
 .text.setreg   0x000000000000cc2a       0x52 contiki-sky.a(cc2420.o)
 .text.set_txpower
                0x000000000000cc7c       0x26 contiki-sky.a(cc2420.o)
 .text.cc2420_receiving_packet
                0x000000000000cca2        0xe contiki-sky.a(cc2420.o)
 .text.pending_packet
                0x000000000000ccb0        0x8 contiki-sky.a(cc2420.o)
 .text.on       0x000000000000ccb8       0x40 contiki-sky.a(cc2420.o)
 .text.flushrx  0x000000000000ccf8       0x7a contiki-sky.a(cc2420.o)
 .text.off      0x000000000000cd72       0x72 contiki-sky.a(cc2420.o)
 .text.RELEASE_LOCK
                0x000000000000cde4       0x28 contiki-sky.a(cc2420.o)
 .text.cc2420_prepare
                0x000000000000ce0c       0x8a contiki-sky.a(cc2420.o)
 .text.getrxdata
                0x000000000000ce96       0x56 contiki-sky.a(cc2420.o)
 .text.cc2420_on
                0x000000000000ceec       0x22 contiki-sky.a(cc2420.o)
                0x000000000000ceec                cc2420_on
 .text.cc2420_off
                0x000000000000cf0e       0x30 contiki-sky.a(cc2420.o)
                0x000000000000cf0e                cc2420_off
 .text.cc2420_cca
                0x000000000000cf3e       0x74 contiki-sky.a(cc2420.o)
 .text.cc2420_read
                0x000000000000cfb2       0xe6 contiki-sky.a(cc2420.o)
 .text.process_thread_cc2420_process
                0x000000000000d098       0x50 contiki-sky.a(cc2420.o)
 .text.cc2420_set_channel
                0x000000000000d0e8       0x78 contiki-sky.a(cc2420.o)
                0x000000000000d0e8                cc2420_set_channel
 .text.cc2420_set_pan_addr
                0x000000000000d160      0x14a contiki-sky.a(cc2420.o)
                0x000000000000d160                cc2420_set_pan_addr
 .text.cc2420_interrupt
                0x000000000000d2aa       0x20 contiki-sky.a(cc2420.o)
                0x000000000000d2aa                cc2420_interrupt
 .text.cc2420_set_txpower
                0x000000000000d2ca        0xe contiki-sky.a(cc2420.o)
                0x000000000000d2ca                cc2420_set_txpower
 .text.cc2420_get_txpower
                0x000000000000d2d8       0x1e contiki-sky.a(cc2420.o)
                0x000000000000d2d8                cc2420_get_txpower
 .text.cc2420_transmit
                0x000000000000d2f6      0x1a0 contiki-sky.a(cc2420.o)
 .text.cc2420_send
                0x000000000000d496       0x12 contiki-sky.a(cc2420.o)
 .text.cc2420_set_cca_threshold
                0x000000000000d4a8       0x16 contiki-sky.a(cc2420.o)
                0x000000000000d4a8                cc2420_set_cca_threshold
 .text.cc2420_init
                0x000000000000d4be       0xd8 contiki-sky.a(cc2420.o)
                0x000000000000d4be                cc2420_init
 .text.cc2420_port1_interrupt
                0x000000000000d596       0x62 contiki-sky.a(cc2420-arch.o)
                0x000000000000d596                __isr_4
                0x000000000000d596                cc2420_port1_interrupt
 .text.cc2420_arch_init
                0x000000000000d5f8       0x1a contiki-sky.a(cc2420-arch.o)
                0x000000000000d5f8                cc2420_arch_init
 .text.uart1_active
                0x000000000000d612       0x1a contiki-sky.a(uart1.o)
                0x000000000000d612                uart1_active
 .text.uart1_writeb
                0x000000000000d62c       0x1a contiki-sky.a(uart1.o)
                0x000000000000d62c                uart1_writeb
 .text.uart1_init
                0x000000000000d646       0xf6 contiki-sky.a(uart1.o)
                0x000000000000d646                uart1_init
 .text.putchar  0x000000000000d73c       0x10 contiki-sky.a(uart1-putchar.o)
                0x000000000000d73c                putchar
 .text.msp430_init_dco
                0x000000000000d74c       0x84 contiki-sky.a(msp430.o)
                0x000000000000d74c                msp430_init_dco
 .text.msp430_add_lpm_req
                0x000000000000d7d0        0xc contiki-sky.a(msp430.o)
                0x000000000000d7d0                msp430_add_lpm_req
 .text.msp430_cpu_init
                0x000000000000d7dc       0x2a contiki-sky.a(msp430.o)
                0x000000000000d7dc                msp430_cpu_init
 .text.splhigh_
                0x000000000000d806        0x8 contiki-sky.a(msp430.o)
                0x000000000000d806                splhigh_
 .text.msp430_sync_dco
                0x000000000000d80e       0x68 contiki-sky.a(msp430.o)
                0x000000000000d80e                msp430_sync_dco
 .text.timera1  0x000000000000d876       0xfe contiki-sky.a(clock.o)
                0x000000000000d876                __isr_5
                0x000000000000d876                timera1
 .text.clock_time
                0x000000000000d974       0x1a contiki-sky.a(clock.o)
                0x000000000000d974                clock_time
 .text.clock_init
                0x000000000000d98e       0x28 contiki-sky.a(clock.o)
                0x000000000000d98e                clock_init
 .text.clock_delay
                0x000000000000d9b6        0xc contiki-sky.a(clock.o)
                0x000000000000d9b6                clock_delay
 .text.clock_seconds
                0x000000000000d9c2       0x1a contiki-sky.a(clock.o)
                0x000000000000d9c2                clock_seconds
 .text.show_leds
                0x000000000000d9dc      0x100 contiki-sky.a(leds.o)
 .text.leds_init
                0x000000000000dadc        0xe contiki-sky.a(leds.o)
                0x000000000000dadc                leds_init
 .text.leds_on  0x000000000000daea       0x14 contiki-sky.a(leds.o)
                0x000000000000daea                leds_on
 .text.leds_off
                0x000000000000dafe       0x14 contiki-sky.a(leds.o)
                0x000000000000dafe                leds_off
 .text.leds_arch_init
                0x000000000000db12        0xe contiki-sky.a(leds-arch.o)
                0x000000000000db12                leds_arch_init
 .text.leds_arch_set
                0x000000000000db20       0x3a contiki-sky.a(leds-arch.o)
                0x000000000000db20                leds_arch_set
 .text.watchdog_interrupt
                0x000000000000db5a        0x6 contiki-sky.a(watchdog.o)
                0x000000000000db5a                __isr_10
                0x000000000000db5a                watchdog_interrupt
 .text.watchdog_start
                0x000000000000db60       0x14 contiki-sky.a(watchdog.o)
                0x000000000000db60                watchdog_start
 .text.watchdog_periodic
                0x000000000000db74       0x12 contiki-sky.a(watchdog.o)
                0x000000000000db74                watchdog_periodic
 .text.watchdog_stop
                0x000000000000db86       0x16 contiki-sky.a(watchdog.o)
                0x000000000000db86                watchdog_stop
 .text.watchdog_init
                0x000000000000db9c       0x14 contiki-sky.a(watchdog.o)
                0x000000000000db9c                watchdog_init
 .text.rtimer_arch_init
                0x000000000000dbb0        0xe contiki-sky.a(rtimer-arch.o)
                0x000000000000dbb0                rtimer_arch_init
 .text.rtimer_arch_now
                0x000000000000dbbe        0xe contiki-sky.a(rtimer-arch.o)
                0x000000000000dbbe                rtimer_arch_now
 .text.timera0  0x000000000000dbcc       0x70 contiki-sky.a(rtimer-arch.o)
                0x000000000000dbcc                __isr_6
                0x000000000000dbcc                timera0
 .text.rtimer_arch_schedule
                0x000000000000dc3c        0x6 contiki-sky.a(rtimer-arch.o)
                0x000000000000dc3c                rtimer_arch_schedule
 .text.field_len
                0x000000000000dc42       0x98 contiki-sky.a(frame802154.o)
 .text.frame802154_hdrlen
                0x000000000000dcda       0x2e contiki-sky.a(frame802154.o)
                0x000000000000dcda                frame802154_hdrlen
 .text.frame802154_create
                0x000000000000dd08      0x172 contiki-sky.a(frame802154.o)
                0x000000000000dd08                frame802154_create
 .text.frame802154_parse
                0x000000000000de7a      0x1e8 contiki-sky.a(frame802154.o)
                0x000000000000de7a                frame802154_parse
 .text.rpl_verify_header
                0x000000000000e062       0xa2 contiki-sky.a(rpl-ext-header.)
                0x000000000000e062                rpl_verify_header
 .text.rpl_update_header_empty
                0x000000000000e104      0x10c contiki-sky.a(rpl-ext-header.)
                0x000000000000e104                rpl_update_header_empty
 .text.rpl_update_header_final
                0x000000000000e210       0x86 contiki-sky.a(rpl-ext-header.)
                0x000000000000e210                rpl_update_header_final
 .text.rpl_invert_header
                0x000000000000e296       0x4c contiki-sky.a(rpl-ext-header.)
                0x000000000000e296                rpl_invert_header
 .text.rpl_insert_header
                0x000000000000e2e2       0x1c contiki-sky.a(rpl-ext-header.)
                0x000000000000e2e2                rpl_insert_header
 .text.uip_debug_ipaddr_print
                0x000000000000e2fe       0x7c contiki-sky.a(uip-debug.o)
                0x000000000000e2fe                uip_debug_ipaddr_print
 .text.spi_init
                0x000000000000e37a       0x32 contiki-sky.a(spi.o)
                0x000000000000e37a                spi_init
 .text.libgcc   0x000000000000e3ac       0x2c /usr/lib/gcc/msp430/4.6.3/mmpy-16/libgcc.a(_mulsi3.o)
                0x000000000000e3ac                __mulsi3
 .text.libgcc   0x000000000000e3d8       0x22 /usr/lib/gcc/msp430/4.6.3/mmpy-16/libgcc.a(_udivmod16.o)
                0x000000000000e3d8                __udivhi3
                0x000000000000e3d8                __ext_udivmod16
                0x000000000000e3f2                __umodhi3
 .text.libgcc   0x000000000000e3fa       0x3a /usr/lib/gcc/msp430/4.6.3/mmpy-16/libgcc.a(_divmod16.o)
                0x000000000000e3fa                __ext_divmod16
                0x000000000000e3fa                __divhi3
                0x000000000000e42c                __modhi3
 .text.libgcc   0x000000000000e434       0x40 /usr/lib/gcc/msp430/4.6.3/mmpy-16/libgcc.a(_udivmod32.o)
                0x000000000000e434                __udivsi3
                0x000000000000e434                __ext_udivmod32
                0x000000000000e46a                __umodsi3
 .text          0x000000000000e474       0x20 /usr/lib/gcc/msp430/4.6.3/../../../../msp430/lib/mmpy-16/libc.a(memcmp.o)
                0x000000000000e474                memcmp
 .text          0x000000000000e494       0xfa /usr/lib/gcc/msp430/4.6.3/../../../../msp430/lib/mmpy-16/libc.a(memcpy.o)
                0x000000000000e494                memcpy
 .text          0x000000000000e58e       0xfa /usr/lib/gcc/msp430/4.6.3/../../../../msp430/lib/mmpy-16/libc.a(memmove.o)
                0x000000000000e58e                memmove
 .text          0x000000000000e688       0x6a /usr/lib/gcc/msp430/4.6.3/../../../../msp430/lib/mmpy-16/libc.a(memset.o)
                0x000000000000e688                memset
 .text          0x000000000000e6f2       0x1e /usr/lib/gcc/msp430/4.6.3/../../../../msp430/lib/mmpy-16/libc.a(printf.o)
                0x000000000000e6f2                printf
                0x000000000000e702                vprintf
 .text          0x000000000000e710      0x836 /usr/lib/gcc/msp430/4.6.3/../../../../msp430/lib/mmpy-16/libc.a(vuprintf.o)
                0x000000000000e8a8                vuprintf
 .text          0x000000000000ef46       0x2c /usr/lib/gcc/msp430/4.6.3/../../../../msp430/lib/mmpy-16/libc.a(puts.o)
                0x000000000000ef46                puts
 .text          0x000000000000ef72       0x54 /usr/lib/gcc/msp430/4.6.3/../../../../msp430/lib/mmpy-16/libc.a(rand.o)
                0x000000000000ef72                rand_r
                0x000000000000ef96                rand
                0x000000000000efbc                srand
 .text.libgcc   0x000000000000efc6       0xf0 /usr/lib/gcc/msp430/4.6.3/mmpy-16/libgcc.a(_udivmod64.o)
                0x000000000000efc6                __xabi_udivmod64
                0x000000000000f024                __udivdi3
                0x000000000000f04a                __umoddi3
                0x000000000000f078                __udivmoddi4
 .text.crt0     0x000000000000f0b6        0x2 /usr/lib/gcc/msp430/4.6.3/mmpy-16/libcrt0.a(_unexpected_.o)
                0x000000000000f0b6                _unexpected_
                0x000000000000f0b8                . = ALIGN (0x2)

.rodata         0x000000000000f0b8      0x1f6
                0x000000000000f0b8                . = ALIGN (0x2)
 *(.rodata .rodata.* .gnu.linkonce.r.*)
 .rodata        0x000000000000f0b8        0x4 udp-forwarder.co
                0x000000000000f0b8                autostart_processes
 .rodata        0x000000000000f0bc      0x10e obj_sky/contiki-sky-main.o
 .rodata        0x000000000000f1ca        0x8 contiki-sky.a(rimeaddr.o)
                0x000000000000f1ca                rimeaddr_null
 .rodata        0x000000000000f1d2       0x18 contiki-sky.a(nullrdc.o)
                0x000000000000f1da                nullrdc_driver
 .rodata        0x000000000000f1ea        0x4 contiki-sky.a(framer-802154.o)
                0x000000000000f1ea                framer_802154
 .rodata        0x000000000000f1ee       0x14 contiki-sky.a(csma.o)
                0x000000000000f1f4                csma_driver
 .rodata        0x000000000000f202       0x24 contiki-sky.a(sicslowpan.o)
                0x000000000000f20e                sicslowpan_driver
                0x000000000000f214                llprefix
                0x000000000000f216                unc_mxconf
                0x000000000000f21a                unc_ctxconf
                0x000000000000f21e                unc_llconf
 .rodata        0x000000000000f226       0x1f contiki-sky.a(tcpip.o)
 *fill*         0x000000000000f245        0x1 00
 .rodata        0x000000000000f246       0x20 contiki-sky.a(uip6.o)
 .rodata        0x000000000000f266       0x10 contiki-sky.a(button-sensor.o)
                0x000000000000f26e                button_sensor
 .rodata        0x000000000000f276       0x14 contiki-sky.a(cc2420.o)
                0x000000000000f276                cc2420_driver
 .rodata        0x000000000000f28a        0x2 contiki-sky.a(frame802154.o)
 .rodata        0x000000000000f28c       0x1a contiki-sky.a(uip-debug.o)
 .rodata        0x000000000000f2a6        0x7 /usr/lib/gcc/msp430/4.6.3/../../../../msp430/lib/mmpy-16/libc.a(vuprintf.o)
                0x000000000000f2ae                . = ALIGN (0x2)
 *fill*         0x000000000000f2ad        0x1 00
                0x000000000000f2ae                _etext = .

.data           0x0000000000001100       0xd6 load address 0x000000000000f2ae
                0x0000000000001100                . = ALIGN (0x2)
                0x0000000000001100                PROVIDE (__data_start, .)
 *(.data .data.* .gnu.linkonce.d.*)
 .data          0x0000000000001100        0x8 udp-forwarder.co
                0x0000000000001100                udp_client_process
 .data          0x0000000000001108       0x18 contiki-sky.a(csma.o)
 .data          0x0000000000001120        0x8 contiki-sky.a(rpl-dag.o)
 .data          0x0000000000001128       0x12 contiki-sky.a(rpl-icmp6.o)
                0x0000000000001128                wait_dios
                0x0000000000001130                multiple_dis_input
 .data          0x000000000000113a        0xe contiki-sky.a(rpl-mrhof.o)
                0x000000000000113a                rpl_mrhof
 .data          0x0000000000001148        0xa contiki-sky.a(rpl-unreachv2.o)
                0x0000000000001148                unreach_process
                0x0000000000001150                counter
 .data          0x0000000000001152        0x8 contiki-sky.a(etimer.o)
                0x0000000000001152                etimer_process
 .data          0x000000000000115a        0x8 contiki-sky.a(ctimer.o)
                0x000000000000115a                ctimer_process
 .data          0x0000000000001162        0x8 contiki-sky.a(nbr-table.o)
 .data          0x000000000000116a       0x18 contiki-sky.a(queuebuf.o)
 .data          0x0000000000001182       0x10 contiki-sky.a(tcpip.o)
                0x0000000000001182                tcpip_process
 .data          0x0000000000001192       0x20 contiki-sky.a(uip-ds6-route.o)
 .data          0x00000000000011b2        0xa contiki-sky.a(uip-ds6-nbr.o)
                0x00000000000011b2                ds6_neighbors
 .data          0x00000000000011bc        0x4 contiki-sky.a(contiki-sky-pla)
                0x00000000000011bc                sensors
 .data          0x00000000000011c0        0x8 contiki-sky.a(sensors.o)
                0x00000000000011c0                sensors_process
 .data          0x00000000000011c8        0x8 contiki-sky.a(cc2420.o)
                0x00000000000011c8                cc2420_process
 .data          0x00000000000011d0        0x2 contiki-sky.a(msp430.o)
 .data          0x00000000000011d2        0x4 /usr/lib/gcc/msp430/4.6.3/../../../../msp430/lib/mmpy-16/libc.a(rand.o)
                0x00000000000011d6                . = ALIGN (0x2)
                0x00000000000011d6                _edata = .
                0x000000000000f2ae                PROVIDE (__data_load_start, LOADADDR (.data))
                0x00000000000000d6                PROVIDE (__data_size, SIZEOF (.data))

.bss            0x00000000000011d6     0x223e load address 0x000000000000f384
                0x00000000000011d6                PROVIDE (__bss_start, .)
 *(.bss .bss.*)
 .bss           0x00000000000011d6       0x12 udp-forwarder.co
 .bss           0x00000000000011e8        0xc obj_sky/contiki-sky-main.o
 .bss           0x00000000000011f4        0x2 contiki-sky.a(framer-802154.o)
 .bss           0x00000000000011f6       0xc4 contiki-sky.a(csma.o)
 .bss           0x00000000000012ba       0xa0 contiki-sky.a(mac-sequence.o)
 .bss           0x000000000000135a        0x2 contiki-sky.a(rpl.o)
 .bss           0x000000000000135c       0xc8 contiki-sky.a(rpl-dag.o)
 .bss           0x0000000000001424       0x32 contiki-sky.a(rpl-icmp6.o)
                0x0000000000001424                process_dis_input
 .bss           0x0000000000001456       0x1a contiki-sky.a(rpl-timers.o)
 .bss           0x0000000000001470       0x1c contiki-sky.a(rpl-unreachv2.o)
 .bss           0x000000000000148c       0x42 contiki-sky.a(process.o)
                0x000000000000148c                process_current
                0x000000000000148e                process_list
 .bss           0x00000000000014ce        0x6 contiki-sky.a(etimer.o)
 .bss           0x00000000000014d4        0x4 contiki-sky.a(ctimer.o)
 .bss           0x00000000000014d8        0x2 contiki-sky.a(rtimer.o)
 .bss           0x00000000000014da      0x118 contiki-sky.a(nbr-table.o)
 .bss           0x00000000000015f2       0xba contiki-sky.a(packetbuf.o)
 .bss           0x00000000000016ac      0x71e contiki-sky.a(queuebuf.o)
 .bss           0x0000000000001dca      0x124 contiki-sky.a(sicslowpan.o)
 .bss           0x0000000000001eee      0x14a contiki-sky.a(tcpip.o)
                0x0000000000001eee                high_traffic_flag
                0x0000000000001ef0                tcp_input_rssi_average
                0x0000000000001ef2                tcp_rssi
                0x0000000000001ef4                tcp_input_rssi
                0x0000000000001ef6                packet_input_count
                0x0000000000001ef8                traffic_count
                0x0000000000001efa                promiscuous_packets
                0x0000000000001efc                bad_rssi_detected
                0x0000000000001efe                prom_dio_sent
                0x0000000000001f00                startup_flag
                0x0000000000001f02                hand_off_backoff_flag
                0x0000000000001f04                test_unreachable
                0x0000000000001f06                NO_DATA
                0x0000000000001f08                unreach_flag
                0x0000000000001f0a                mobility_flag
 .bss           0x0000000000002038      0x362 contiki-sky.a(uip-ds6-route.o)
 .bss           0x000000000000239a      0x2d0 contiki-sky.a(uip-ds6-nbr.o)
 .bss           0x000000000000266a       0x18 contiki-sky.a(uip-ds6.o)
 .bss           0x0000000000002682       0x10 contiki-sky.a(uip-icmp6.o)
 .bss           0x0000000000002692        0xa contiki-sky.a(uip-nd6.o)
 .bss           0x000000000000269c       0x12 contiki-sky.a(uip6.o)
                0x000000000000269c                uip_ext_opt_offset
                0x000000000000269e                uip_ext_len
                0x00000000000026a0                uip_ext_bitmap
 .bss           0x00000000000026ae        0x8 contiki-sky.a(button-sensor.o)
 .bss           0x00000000000026b6        0x2 contiki-sky.a(node-id.o)
                0x00000000000026b6                node_id
 .bss           0x00000000000026b8        0x6 contiki-sky.a(sensors.o)
 .bss           0x00000000000026be        0xa contiki-sky.a(cc2420.o)
 .bss           0x00000000000026c8       0x9a contiki-sky.a(uart1.o)
 .bss           0x0000000000002762        0xa contiki-sky.a(clock.o)
 .bss           0x000000000000276c        0x2 contiki-sky.a(leds.o)
 .bss           0x000000000000276e        0x2 contiki-sky.a(watchdog.o)
 *(COMMON)
 COMMON         0x0000000000002770       0x1e udp-forwarder.co
                0x0000000000002770                unreach_fw
                0x0000000000002784                check_dao_ack
                0x0000000000002786                rrssi
                0x000000000000278a                packets
 COMMON         0x000000000000278e        0x8 contiki-sky.a(rimeaddr.o)
                0x000000000000278e                rimeaddr_node_addr
 COMMON         0x0000000000002796       0xce contiki-sky.a(rpl-dag.o)
                0x0000000000002796                block_daos
                0x0000000000002798                default_instance
                0x000000000000279a                instance_table
 COMMON         0x0000000000002864      0x4c2 contiki-sky.a(rpl-icmp6.o)
                0x0000000000002864                dios
                0x0000000000002a30                dis_event
                0x0000000000002a32                best_parent_rssi
                0x0000000000002a34                p
                0x0000000000002a36                dio_addr
                0x0000000000002a38                wait_dios_event
                0x0000000000002a3a                best_parent_addr
                0x0000000000002a4a                promiscuous_parent_addr
                0x0000000000002a9a                promiscuous_dios
                0x0000000000002c66                priority
                0x0000000000002c68                possible_parent_addr
                0x0000000000002cb8                best_parent_dio
                0x0000000000002d14                uip_hostaddr
                0x0000000000002d24                process_instance
 COMMON         0x0000000000002d26       0x6d contiki-sky.a(rpl-unreachv2.o)
                0x0000000000002d26                current_t
                0x0000000000002d2a                dag
                0x0000000000002d2c                dio
                0x0000000000002d88                instance
                0x0000000000002d8a                end
                0x0000000000002d8c                pref
                0x0000000000002d8e                reliable
                0x0000000000002d90                rssi
                0x0000000000002d92                unreach_event
 COMMON         0x0000000000002d93        0x1 contiki-sky.a(process.o)
                0x0000000000002d93                process_maxevents
 COMMON         0x0000000000002d94       0x56 contiki-sky.a(energest.o)
                0x0000000000002d94                energest_total_time
                0x0000000000002dc4                energest_total_count
                0x0000000000002dc6                energest_current_mode
                0x0000000000002dd2                energest_current_time
 COMMON         0x0000000000002dea       0x50 contiki-sky.a(packetbuf.o)
                0x0000000000002dea                packetbuf_addrs
                0x0000000000002e0a                packetbuf_attrs
 COMMON         0x0000000000002e3a        0x8 contiki-sky.a(sicslowpan.o)
                0x0000000000002e3a                frag_sender
 COMMON         0x0000000000002e42      0x150 contiki-sky.a(tcpip.o)
                0x0000000000002e42                promiscuous_average_rssi
                0x0000000000002e56                delay_dio
                0x0000000000002e6a                reg
                0x0000000000002e6c                used_mobile_nodes
                0x0000000000002e72                number_of_childs
                0x0000000000002e74                promiscuous_rssi_send
                0x0000000000002e76                promiscuous_rssi
                0x0000000000002e7c                traffic_check
                0x0000000000002e90                rssi_sum
                0x0000000000002e92                end_time
                0x0000000000002e96                good_packet_count
                0x0000000000002eaa                tcpip_event
                0x0000000000002eac                promiscuous_addr
                0x0000000000002f4c                autoack
                0x0000000000002f4e                d
                0x0000000000002f52                mobile_nodes
                0x0000000000002f54                promiscuous_addr_ptr
                0x0000000000002f68                reply_sent
                0x0000000000002f6a                prom_rssi_sum
                0x0000000000002f7e                wait_for_dao
 COMMON         0x0000000000002f92      0x15c contiki-sky.a(uip-ds6.o)
                0x0000000000002f92                uip_ds6_timer_ra
                0x0000000000002f9a                uip_ds6_if
                0x0000000000003086                uip_ds6_netif_addr_list_offset
                0x0000000000003087                uip_ds6_addr_size
                0x0000000000003088                uip_ds6_prefix_list
                0x00000000000030e2                uip_ds6_timer_periodic
 COMMON         0x00000000000030ee      0x304 contiki-sky.a(uip6.o)
                0x00000000000030ee                uip_len
                0x00000000000030f0                uip_sappdata
                0x00000000000030f2                uip_acc32
                0x00000000000030f6                uip_lladdr
                0x00000000000030fe                uip_aligned_buf
                0x00000000000031ee                uip_flags
                0x00000000000031f0                uip_next_hdr
                0x00000000000031f2                uip_udp_conn
                0x00000000000031f4                uip_appdata
                0x00000000000031f6                uip_conn
                0x00000000000031f8                uip_conns
                0x00000000000032a8                uip_listenports
                0x00000000000032b8                uip_slen
                0x00000000000032ba                uip_udp_conns
 COMMON         0x00000000000033f2        0x2 contiki-sky.a(contiki-sky-pla)
                0x00000000000033f2                sensors_flags
 COMMON         0x00000000000033f4        0x8 contiki-sky.a(ds2411.o)
                0x00000000000033f4                ds2411_id
 COMMON         0x00000000000033fc        0x1 contiki-sky.a(sensors.o)
                0x00000000000033fc                sensors_event
 *fill*         0x00000000000033fd        0x1 00
 COMMON         0x00000000000033fe       0x14 contiki-sky.a(cc2420.o)
                0x00000000000033fe                cc2420_last_rssi
                0x0000000000003400                cc2420_packets_read
                0x0000000000003402                cc2420_packets_seen
                0x0000000000003404                cc2420_sfd_start_time
                0x0000000000003406                cc2420_time_of_departure
                0x0000000000003408                cc2420_time_of_arrival
                0x000000000000340a                cc2420_last_correlation
                0x000000000000340c                cc2420_authority_level_of_sender
                0x000000000000340e                cc2420_sfd_counter
                0x0000000000003410                cc2420_sfd_end_time
 COMMON         0x0000000000003412        0x2 contiki-sky.a(msp430.o)
                0x0000000000003412                msp430_dco_required
                0x0000000000003414                . = ALIGN (0x2)
                0x0000000000003414                PROVIDE (__bss_end, .)
                0x000000000000223e                PROVIDE (__bss_size, SIZEOF (.bss))

.noinit         0x0000000000003414        0x2 load address 0x000000000000f384
                0x0000000000003414                PROVIDE (__noinit_start, .)
 *(.noinit .noinit.*)
 .noinit.crt0   0x0000000000003414        0x2 /usr/lib/gcc/msp430/4.6.3/mmpy-16/libcrt0.a(__watchdog_support.o)
                0x0000000000003414                __wdt_clear_value
                0x0000000000003416                . = ALIGN (0x2)
                0x0000000000003416                PROVIDE (__noinit_end, .)
                0x0000000000003416                . = ALIGN (0x2)
                0x0000000000003416                _end = .

.infomem        0x0000000000001000        0x0
 *(.infomem)
                0x0000000000001000                . = ALIGN (0x2)
 *(.infomem.*)

.infomemnobits  0x0000000000001000        0x0
 *(.infomemnobits)
                0x0000000000001000                . = ALIGN (0x2)
 *(.infomemnobits.*)

.infoa
 *(.infoa .infoa.*)

.infob
 *(.infob .infob.*)

.infoc
 *(.infoc .infoc.*)

.infod
 *(.infod .infod.*)

.vectors        0x000000000000ffe0       0x20
                0x000000000000ffe0                PROVIDE (__vectors_start, .)
 *(.vectors*)
 .vectors       0x000000000000ffe0       0x20 /usr/lib/gcc/msp430/4.6.3/mmpy-16/crt0ivtbl16.o
                0x000000000000ffe0                __ivtbl_16
                0x0000000000010000                _vectors_end = .

.fartext        0x0000000000000000        0x0
                0x0000000000000000                . = ALIGN (0x2)
 *(.fartext)
                0x0000000000000000                . = ALIGN (0x2)
 *(.fartext.*)
                0x0000000000000000                _efartext = .

.profiler
 *(.profiler)

.stab
 *(.stab)

.stabstr
 *(.stabstr)

.stab.excl
 *(.stab.excl)

.stab.exclstr
 *(.stab.exclstr)

.stab.index
 *(.stab.index)

.stab.indexstr
 *(.stab.indexstr)

.comment
 *(.comment)

.debug
 *(.debug)

.line
 *(.line)

.debug_srcinfo
 *(.debug_srcinfo)

.debug_sfnames
 *(.debug_sfnames)

.debug_aranges  0x0000000000000000      0xc48
 *(.debug_aranges)
 .debug_aranges
                0x0000000000000000       0x18 udp-forwarder.co
 .debug_aranges
                0x0000000000000018       0x18 obj_sky/contiki-sky-main.o
 .debug_aranges
                0x0000000000000030       0x1c contiki-sky.a(rimeaddr.o)
 .debug_aranges
                0x000000000000004c       0x30 contiki-sky.a(nullrdc.o)
 .debug_aranges
                0x000000000000007c       0x14 contiki-sky.a(mac.o)
 .debug_aranges
                0x0000000000000090       0x18 contiki-sky.a(framer-802154.o)
 .debug_aranges
                0x00000000000000a8       0x34 contiki-sky.a(csma.o)
 .debug_aranges
                0x00000000000000dc       0x18 contiki-sky.a(mac-sequence.o)
 .debug_aranges
                0x00000000000000f4       0x34 contiki-sky.a(rpl.o)
 .debug_aranges
                0x0000000000000128       0xb4 contiki-sky.a(rpl-dag.o)
 .debug_aranges
                0x00000000000001dc       0x54 contiki-sky.a(rpl-icmp6.o)
 .debug_aranges
                0x0000000000000230       0x3c contiki-sky.a(rpl-timers.o)
 .debug_aranges
                0x000000000000026c       0x2c contiki-sky.a(rpl-mrhof.o)
 .debug_aranges
                0x0000000000000298       0x20 contiki-sky.a(rpl-unreachv2.o)
 .debug_aranges
                0x00000000000002b8       0x44 contiki-sky.a(process.o)
 .debug_aranges
                0x00000000000002fc       0x18 contiki-sky.a(autostart.o)
 .debug_aranges
                0x0000000000000314       0x20 contiki-sky.a(memb.o)
 .debug_aranges
                0x0000000000000334       0x24 contiki-sky.a(timer.o)
 .debug_aranges
                0x0000000000000358       0x40 contiki-sky.a(list.o)
 .debug_aranges
                0x0000000000000398       0x48 contiki-sky.a(etimer.o)
 .debug_aranges
                0x00000000000003e0       0x2c contiki-sky.a(ctimer.o)
 .debug_aranges
                0x000000000000040c       0x24 contiki-sky.a(energest.o)
 .debug_aranges
                0x0000000000000430       0x1c contiki-sky.a(rtimer.o)
 .debug_aranges
                0x000000000000044c       0x28 contiki-sky.a(stimer.o)
 .debug_aranges
                0x0000000000000474       0x18 contiki-sky.a(random.o)
 .debug_aranges
                0x000000000000048c       0x48 contiki-sky.a(nbr-table.o)
 .debug_aranges
                0x00000000000004d4       0x64 contiki-sky.a(packetbuf.o)
 .debug_aranges
                0x0000000000000538       0x38 contiki-sky.a(queuebuf.o)
 .debug_aranges
                0x0000000000000570       0x44 contiki-sky.a(sicslowpan.o)
 .debug_aranges
                0x00000000000005b4       0x6c contiki-sky.a(tcpip.o)
 .debug_aranges
                0x0000000000000620       0x5c contiki-sky.a(uip-ds6-route.o)
 .debug_aranges
                0x000000000000067c       0x44 contiki-sky.a(uip-ds6-nbr.o)
 .debug_aranges
                0x00000000000006c0       0x68 contiki-sky.a(uip-ds6.o)
 .debug_aranges
                0x0000000000000728       0x1c contiki-sky.a(uip-icmp6.o)
 .debug_aranges
                0x0000000000000744       0x20 contiki-sky.a(uip-nd6.o)
 .debug_aranges
                0x0000000000000764       0x5c contiki-sky.a(uip6.o)
 .debug_aranges
                0x00000000000007c0       0x14 contiki-sky.a(contiki-sky-pla)
 .debug_aranges
                0x00000000000007d4       0x20 contiki-sky.a(button-sensor.o)
 .debug_aranges
                0x00000000000007f4       0x18 contiki-sky.a(ds2411.o)
 .debug_aranges
                0x000000000000080c       0x28 contiki-sky.a(xmem.o)
 .debug_aranges
                0x0000000000000834       0x18 contiki-sky.a(node-id.o)
 .debug_aranges
                0x000000000000084c       0x24 contiki-sky.a(sensors.o)
 .debug_aranges
                0x0000000000000870       0x88 contiki-sky.a(cc2420.o)
 .debug_aranges
                0x00000000000008f8       0x18 contiki-sky.a(cc2420-arch.o)
 .debug_aranges
                0x0000000000000910       0x24 contiki-sky.a(uart1.o)
 .debug_aranges
                0x0000000000000934       0x14 contiki-sky.a(uart1-putchar.o)
 .debug_aranges
                0x0000000000000948       0x2c contiki-sky.a(msp430.o)
 .debug_aranges
                0x0000000000000974       0x3c contiki-sky.a(clock.o)
 .debug_aranges
                0x00000000000009b0       0x30 contiki-sky.a(leds.o)
 .debug_aranges
                0x00000000000009e0       0x1c contiki-sky.a(leds-arch.o)
 .debug_aranges
                0x00000000000009fc       0x28 contiki-sky.a(watchdog.o)
 .debug_aranges
                0x0000000000000a24       0x20 contiki-sky.a(rtimer-arch.o)
 .debug_aranges
                0x0000000000000a44       0x20 contiki-sky.a(frame802154.o)
 .debug_aranges
                0x0000000000000a64       0x28 contiki-sky.a(rpl-ext-header.)
 .debug_aranges
                0x0000000000000a8c       0x18 contiki-sky.a(uip-debug.o)
 .debug_aranges