Archive member included because of file (symbol)

contiki-sky.a(rimeaddr.o)     obj_sky/contiki-sky-main.o (rimeaddr_copy)
contiki-sky.a(nullrdc.o)      obj_sky/contiki-sky-main.o (nullrdc_driver)
contiki-sky.a(mac.o)          contiki-sky.a(nullrdc.o) (mac_call_sent_callback)
contiki-sky.a(framer-802154.o)
                              contiki-sky.a(nullrdc.o) (framer_802154)
contiki-sky.a(csma.o)         udp-client.co (csma_driver)
contiki-sky.a(mac-sequence.o)
                              contiki-sky.a(nullrdc.o) (mac_sequence_is_duplicate)
contiki-sky.a(process.o)      udp-client.co (process_current)
contiki-sky.a(autostart.o)    obj_sky/contiki-sky-main.o (autostart_start)
contiki-sky.a(memb.o)         contiki-sky.a(csma.o) (memb_init)
contiki-sky.a(timer.o)        obj_sky/contiki-sky-main.o (timer_set)
contiki-sky.a(list.o)         contiki-sky.a(csma.o) (list_init)
contiki-sky.a(etimer.o)       obj_sky/contiki-sky-main.o (etimer_process)
contiki-sky.a(ctimer.o)       obj_sky/contiki-sky-main.o (ctimer_init)
contiki-sky.a(energest.o)     obj_sky/contiki-sky-main.o (energest_init)
contiki-sky.a(rtimer.o)       obj_sky/contiki-sky-main.o (rtimer_init)
contiki-sky.a(random.o)       obj_sky/contiki-sky-main.o (random_init)
contiki-sky.a(packetbuf.o)    contiki-sky.a(framer-802154.o) (packetbuf_hdrreduce)
contiki-sky.a(queuebuf.o)     obj_sky/contiki-sky-main.o (queuebuf_init)
contiki-sky.a(sicslowpan.o)   obj_sky/contiki-sky-main.o (sicslowpan_driver)
contiki-sky.a(tcpip.o)        contiki-sky.a(sicslowpan.o) (tcpip_set_outputfunc)
contiki-sky.a(uip-debug.o)    udp-client.co (uip_debug_ipaddr_print)
contiki-sky.a(uip-ds6-route.o)
                              contiki-sky.a(tcpip.o) (uip_ds6_route_nexthop)
contiki-sky.a(uip-ds6-nbr.o)  contiki-sky.a(tcpip.o) (uip_ds6_nbr_add)
contiki-sky.a(uip-ds6.o)      contiki-sky.a(tcpip.o) (uip_ds6_is_addr_onlink)
contiki-sky.a(uip-nd6.o)      contiki-sky.a(tcpip.o) (uip_nd6_ns_output)
contiki-sky.a(uip-udp-packet.)
                              udp-client.co (uip_udp_packet_sendto)
contiki-sky.a(uip6.o)         contiki-sky.a(sicslowpan.o) (uip_aligned_buf)
contiki-sky.a(contiki-sky-pla)
                              obj_sky/contiki-sky-main.o (init_platform)
contiki-sky.a(button-sensor.o)
                              contiki-sky.a(contiki-sky-pla) (button_sensor)
contiki-sky.a(ds2411.o)       obj_sky/contiki-sky-main.o (ds2411_init)
contiki-sky.a(xmem.o)         obj_sky/contiki-sky-main.o (xmem_init)
contiki-sky.a(node-id.o)      obj_sky/contiki-sky-main.o (node_id_restore)
contiki-sky.a(sensors.o)      contiki-sky.a(button-sensor.o) (sensors_changed)
contiki-sky.a(cc2420.o)       obj_sky/contiki-sky-main.o (cc2420_set_pan_addr)
contiki-sky.a(cc2420-arch.o)  contiki-sky.a(cc2420.o) (cc2420_arch_init)
contiki-sky.a(uart1.o)        obj_sky/contiki-sky-main.o (uart1_active)
contiki-sky.a(uart1-putchar.o)
                              udp-client.co (putchar)
contiki-sky.a(msp430.o)       contiki-sky.a(uart1.o) (msp430_add_lpm_req)
contiki-sky.a(clock.o)        contiki-sky.a(timer.o) (clock_time)
contiki-sky.a(leds.o)         obj_sky/contiki-sky-main.o (leds_init)
contiki-sky.a(leds-arch.o)    contiki-sky.a(leds.o) (leds_arch_init)
contiki-sky.a(watchdog.o)     obj_sky/contiki-sky-main.o (watchdog_start)
contiki-sky.a(rtimer-arch.o)  contiki-sky.a(rtimer.o) (rtimer_arch_init)
contiki-sky.a(frame802154.o)  contiki-sky.a(framer-802154.o) (frame802154_hdrlen)
contiki-sky.a(rpl.o)          contiki-sky.a(uip-ds6-nbr.o) (rpl_link_neighbor_callback)
contiki-sky.a(rpl-dag.o)      contiki-sky.a(rpl.o) (rpl_dag_init)
contiki-sky.a(rpl-icmp6.o)    contiki-sky.a(rpl-dag.o) (dios)
contiki-sky.a(rpl-timers.o)   contiki-sky.a(rpl-icmp6.o) (new_dio_interval)
contiki-sky.a(rpl-mrhof.o)    contiki-sky.a(rpl-dag.o) (rpl_mrhof)
contiki-sky.a(rpl-ext-header.)
                              contiki-sky.a(uip6.o) (rpl_verify_header)
contiki-sky.a(rpl-unreachv2.o)
                              contiki-sky.a(rpl-icmp6.o) (unreach_process)
contiki-sky.a(stimer.o)       contiki-sky.a(tcpip.o) (stimer_set)
contiki-sky.a(nbr-table.o)    contiki-sky.a(uip-ds6-route.o) (nbr_table_register)
contiki-sky.a(uip-icmp6.o)    contiki-sky.a(uip6.o) (uip_icmp6_echo_request_input)
contiki-sky.a(spi.o)          contiki-sky.a(xmem.o) (spi_init)
/usr/lib/gcc/msp430/4.6.3/mmpy-16/libgcc.a(_mulsi3.o)
                              contiki-sky.a(csma.o) (__mulsi3)
/usr/lib/gcc/msp430/4.6.3/mmpy-16/libgcc.a(_udivmod16.o)
                              contiki-sky.a(rpl-dag.o) (__udivhi3)
/usr/lib/gcc/msp430/4.6.3/mmpy-16/libgcc.a(_divmod16.o)
                              contiki-sky.a(rpl-icmp6.o) (__divhi3)
/usr/lib/gcc/msp430/4.6.3/mmpy-16/libgcc.a(_udivmod32.o)
                              obj_sky/contiki-sky-main.o (__udivsi3)
/usr/lib/gcc/msp430/4.6.3/../../../../msp430/lib/mmpy-16/libc.a(strncmp.o)
                              contiki-sky.a(sensors.o) (strncmp)
[...]
Memory Configuration

Name             Origin             Length             Attributes
sfr              0x0000000000000000 0x0000000000000010
peripheral_8bit  0x0000000000000010 0x00000000000000f0
peripheral_16bit 0x0000000000000100 0x0000000000000100
ram_mirror       0x0000000000000200 0x0000000000000800 xw
infomem          0x0000000000001000 0x0000000000000100
infob            0x0000000000001000 0x0000000000000080
infoa            0x0000000000001080 0x0000000000000080
ram              0x0000000000001100 0x0000000000002800 xw
rom              0x0000000000004000 0x000000000000bfe0 xr
vectors          0x000000000000ffe0 0x0000000000000020
bsl              0x0000000000000000 0x0000000000000000
infoc            0x0000000000000000 0x0000000000000000
infod            0x0000000000000000 0x0000000000000000
ram2             0x0000000000000000 0x0000000000000000 xw
usbram           0x0000000000000000 0x0000000000000000 xw
far_rom          0x0000000000000000 0x0000000000000000
*default*        0x0000000000000000 0xffffffffffffffff

Linker script and memory map

LOAD /usr/lib/gcc/msp430/4.6.3/mmpy-16/crt0ivtbl16.o
LOAD udp-client.co
LOAD obj_sky/contiki-sky-main.o
LOAD contiki-sky.a
LOAD /usr/lib/gcc/msp430/4.6.3/mmpy-16/libgcc.a
LOAD /usr/lib/gcc/msp430/4.6.3/../../../../msp430/lib/mmpy-16/libc.a
LOAD /usr/lib/gcc/msp430/4.6.3/mmpy-16/libgcc.a
LOAD /usr/lib/gcc/msp430/4.6.3/mmpy-16/libcrt0.a
                0x0000000000000080                PROVIDE (__info_segment_size, 0x80)
                0x0000000000001000                PROVIDE (__infob, 0x1000)
                0x0000000000001080                PROVIDE (__infoa, 0x1080)
                0x0000000000000000                __IE1 = 0x0
                0x0000000000000002                __IFG1 = 0x2
                0x0000000000000004                __ME1 = 0x4
                0x0000000000000001                __IE2 = 0x1
                0x0000000000000003                __IFG2 = 0x3
                0x0000000000000005                __ME2 = 0x5
                0x0000000000000120                __WDTCTL = 0x120
                0x0000000000000130                __MPY = 0x130
                0x0000000000000132                __MPYS = 0x132
                0x0000000000000134                __MAC = 0x134
                0x0000000000000136                __MACS = 0x136
                0x0000000000000138                __OP2 = 0x138
                0x000000000000013a                __RESLO = 0x13a
                0x000000000000013c                __RESHI = 0x13c
                0x000000000000013e                __SUMEXT = 0x13e
                0x0000000000000020                __P1IN = 0x20
                0x0000000000000021                __P1OUT = 0x21
                0x0000000000000022                __P1DIR = 0x22
                0x0000000000000023                __P1IFG = 0x23
                0x0000000000000024                __P1IES = 0x24
                0x0000000000000025                __P1IE = 0x25
                0x0000000000000026                __P1SEL = 0x26
                0x0000000000000028                __P2IN = 0x28
                0x0000000000000029                __P2OUT = 0x29
                0x000000000000002a                __P2DIR = 0x2a
                0x000000000000002b                __P2IFG = 0x2b
                0x000000000000002c                __P2IES = 0x2c
                0x000000000000002d                __P2IE = 0x2d
                0x000000000000002e                __P2SEL = 0x2e
                0x0000000000000018                __P3IN = 0x18
                0x0000000000000019                __P3OUT = 0x19
                0x000000000000001a                __P3DIR = 0x1a
                0x000000000000001b                __P3SEL = 0x1b
                0x000000000000001c                __P4IN = 0x1c
                0x000000000000001d                __P4OUT = 0x1d
                0x000000000000001e                __P4DIR = 0x1e
                0x000000000000001f                __P4SEL = 0x1f
                0x0000000000000030                __P5IN = 0x30
                0x0000000000000031                __P5OUT = 0x31
                0x0000000000000032                __P5DIR = 0x32
                0x0000000000000033                __P5SEL = 0x33
                0x0000000000000034                __P6IN = 0x34
                0x0000000000000035                __P6OUT = 0x35
                0x0000000000000036                __P6DIR = 0x36
                0x0000000000000037                __P6SEL = 0x37
                0x0000000000000070                __U0CTL = 0x70
                0x0000000000000071                __U0TCTL = 0x71
                0x0000000000000072                __U0RCTL = 0x72
                0x0000000000000073                __U0MCTL = 0x73
                0x0000000000000074                __U0BR0 = 0x74
                0x0000000000000075                __U0BR1 = 0x75
                0x0000000000000076                __U0RXBUF = 0x76
                0x0000000000000077                __U0TXBUF = 0x77
                0x0000000000000078                __U1CTL = 0x78
                0x0000000000000079                __U1TCTL = 0x79
                0x000000000000007a                __U1RCTL = 0x7a
                0x000000000000007b                __U1MCTL = 0x7b
                0x000000000000007c                __U1BR0 = 0x7c
                0x000000000000007d                __U1BR1 = 0x7d
                0x000000000000007e                __U1RXBUF = 0x7e
                0x000000000000007f                __U1TXBUF = 0x7f
                0x0000000000000050                __I2CIE = 0x50
                0x0000000000000051                __I2CIFG = 0x51
                0x0000000000000052                __I2CNDAT = 0x52
                0x0000000000000071                __I2CTCTL = 0x71
                0x0000000000000072                __I2CDCTL = 0x72
                0x0000000000000073                __I2CPSC = 0x73
                0x0000000000000074                __I2CSCLH = 0x74
                0x0000000000000075                __I2CSCLL = 0x75
                0x0000000000000076                __I2CDRB = 0x76
                0x0000000000000076                __I2CDRW = 0x76
                0x0000000000000118                __I2COA = 0x118
                0x000000000000011a                __I2CSA = 0x11a
                0x000000000000011c                __I2CIV = 0x11c
                0x000000000000012e                __TAIV = 0x12e
                0x0000000000000160                __TACTL = 0x160
                0x0000000000000162                __TACCTL0 = 0x162
                0x0000000000000164                __TACCTL1 = 0x164
                0x0000000000000166                __TACCTL2 = 0x166
                0x0000000000000170                __TAR = 0x170
                0x0000000000000172                __TACCR0 = 0x172
                0x0000000000000174                __TACCR1 = 0x174
                0x0000000000000176                __TACCR2 = 0x176
                0x000000000000011e                __TBIV = 0x11e
                0x0000000000000180                __TBCTL = 0x180
                0x0000000000000182                __TBCCTL0 = 0x182
                0x0000000000000184                __TBCCTL1 = 0x184
                0x0000000000000186                __TBCCTL2 = 0x186
                0x0000000000000188                __TBCCTL3 = 0x188
                0x000000000000018a                __TBCCTL4 = 0x18a
                0x000000000000018c                __TBCCTL5 = 0x18c
                0x000000000000018e                __TBCCTL6 = 0x18e
                0x0000000000000190                __TBR = 0x190
                0x0000000000000192                __TBCCR0 = 0x192
                0x0000000000000194                __TBCCR1 = 0x194
                0x0000000000000196                __TBCCR2 = 0x196
                0x0000000000000198                __TBCCR3 = 0x198
                0x000000000000019a                __TBCCR4 = 0x19a
                0x000000000000019c                __TBCCR5 = 0x19c
                0x000000000000019e                __TBCCR6 = 0x19e
                0x0000000000000056                __DCOCTL = 0x56
                0x0000000000000057                __BCSCTL1 = 0x57
                0x0000000000000058                __BCSCTL2 = 0x58
                0x0000000000000055                __SVSCTL = 0x55
                0x0000000000000128                __FCTL1 = 0x128
                0x000000000000012a                __FCTL2 = 0x12a
                0x000000000000012c                __FCTL3 = 0x12c
                0x0000000000000059                __CACTL1 = 0x59
                0x000000000000005a                __CACTL2 = 0x5a
                0x000000000000005b                __CAPD = 0x5b
                0x00000000000001a0                __ADC12CTL0 = 0x1a0
                0x00000000000001a2                __ADC12CTL1 = 0x1a2
                0x00000000000001a4                __ADC12IFG = 0x1a4
                0x00000000000001a6                __ADC12IE = 0x1a6
                0x00000000000001a8                __ADC12IV = 0x1a8
                0x0000000000000140                __ADC12MEM0 = 0x140
                0x0000000000000142                __ADC12MEM1 = 0x142
                0x0000000000000144                __ADC12MEM2 = 0x144
                0x0000000000000146                __ADC12MEM3 = 0x146
                0x0000000000000148                __ADC12MEM4 = 0x148
                0x000000000000014a                __ADC12MEM5 = 0x14a
                0x000000000000014c                __ADC12MEM6 = 0x14c
                0x000000000000014e                __ADC12MEM7 = 0x14e
                0x0000000000000150                __ADC12MEM8 = 0x150
                0x0000000000000152                __ADC12MEM9 = 0x152
                0x0000000000000154                __ADC12MEM10 = 0x154
                0x0000000000000156                __ADC12MEM11 = 0x156
                0x0000000000000158                __ADC12MEM12 = 0x158
                0x000000000000015a                __ADC12MEM13 = 0x15a
                0x000000000000015c                __ADC12MEM14 = 0x15c
                0x000000000000015e                __ADC12MEM15 = 0x15e
                0x0000000000000080                __ADC12MCTL0 = 0x80
                0x0000000000000081                __ADC12MCTL1 = 0x81
                0x0000000000000082                __ADC12MCTL2 = 0x82
                0x0000000000000083                __ADC12MCTL3 = 0x83
                0x0000000000000084                __ADC12MCTL4 = 0x84
                0x0000000000000085                __ADC12MCTL5 = 0x85
                0x0000000000000086                __ADC12MCTL6 = 0x86
                0x0000000000000087                __ADC12MCTL7 = 0x87
                0x0000000000000088                __ADC12MCTL8 = 0x88
                0x0000000000000089                __ADC12MCTL9 = 0x89
                0x000000000000008a                __ADC12MCTL10 = 0x8a
                0x000000000000008b                __ADC12MCTL11 = 0x8b
                0x000000000000008c                __ADC12MCTL12 = 0x8c
                0x000000000000008d                __ADC12MCTL13 = 0x8d
                0x000000000000008e                __ADC12MCTL14 = 0x8e
                0x000000000000008f                __ADC12MCTL15 = 0x8f
                0x00000000000001c0                __DAC12_0CTL = 0x1c0
                0x00000000000001c2                __DAC12_1CTL = 0x1c2
                0x00000000000001c8                __DAC12_0DAT = 0x1c8
                0x00000000000001ca                __DAC12_1DAT = 0x1ca
                0x0000000000000122                __DMACTL0 = 0x122
                0x0000000000000124                __DMACTL1 = 0x124
                0x00000000000001e0                __DMA0CTL = 0x1e0
                0x00000000000001e8                __DMA1CTL = 0x1e8
                0x00000000000001f0                __DMA2CTL = 0x1f0
                0x00000000000001e2                __DMA0SA = 0x1e2
                0x00000000000001e4                __DMA0DA = 0x1e4
                0x00000000000001e6                __DMA0SZ = 0x1e6
                0x00000000000001ea                __DMA1SA = 0x1ea
                0x00000000000001ec                __DMA1DA = 0x1ec
                0x00000000000001ee                __DMA1SZ = 0x1ee
                0x00000000000001f2                __DMA2SA = 0x1f2
                0x00000000000001f4                __DMA2DA = 0x1f4
                0x00000000000001f6                __DMA2SZ = 0x1f6

.hash
 *(.hash)

.dynsym
 *(.dynsym)

.dynstr
 *(.dynstr)

.gnu.version
 *(.gnu.version)

.gnu.version_d
 *(.gnu.version_d)

.gnu.version_r
 *(.gnu.version_r)

.rel.init
 *(.rel.init)

.rela.init
 *(.rela.init)

.rel.fini
 *(.rel.fini)

.rela.fini
 *(.rela.fini)

.rel.text
 *(.rel.text .rel.text.* .rel.gnu.linkonce.t.*)

.rela.text
 *(.rela.text .rela.text.* .rela.gnu.linkonce.t.*)

.rel.rodata
 *(.rel.rodata .rel.rodata.* .rel.gnu.linkonce.r.*)

.rela.rodata
 *(.rela.rodata .rela.rodata.* .rela.gnu.linkonce.r.*)

.rel.data
 *(.rel.data .rel.data.* .rel.gnu.linkonce.d.*)

.rela.data
 *(.rela.data .rela.data.* .rela.gnu.linkonce.d.*)

.rel.bss
 *(.rel.bss .rel.bss.* .rel.gnu.linkonce.b.*)

.rela.bss
 *(.rela.bss .rela.bss.* .rela.gnu.linkonce.b.*)

.rel.ctors
 *(.rel.ctors)

.rela.ctors
 *(.rela.ctors)

.rel.dtors
 *(.rel.dtors)

.rela.dtors
 *(.rela.dtors)

.rel.got
 *(.rel.got)

.rela.got
 *(.rela.got)

.rel.plt
 *(.rel.plt)

.rela.plt
 *(.rela.plt)

.text           0x0000000000004000     0xafbc
                0x0000000000004000                . = ALIGN (0x2)
 *(.init .init.*)
 *(.init0)
 .init0         0x0000000000004000        0x0 /usr/lib/gcc/msp430/4.6.3/mmpy-16/libcrt0.a(_reset_vector__.o)
                0x0000000000004000                _reset_vector__
 *(.init1)
 .init1         0x0000000000004000        0xc /usr/lib/gcc/msp430/4.6.3/mmpy-16/libcrt0.a(__watchdog_support.o)
                0x0000000000004000                __watchdog_support
 *(.init2)
 .init2         0x000000000000400c        0x4 /usr/lib/gcc/msp430/4.6.3/mmpy-16/libcrt0.a(__init_stack.o)
                0x000000000000400c                __init_stack
 *(.init3)
 .init3         0x0000000000004010        0x0 /usr/lib/gcc/msp430/4.6.3/mmpy-16/libcrt0.a(__low_level_init.o)
                0x0000000000004010                __low_level_init
 *(.init4)
 .init4         0x0000000000004010       0x18 /usr/lib/gcc/msp430/4.6.3/mmpy-16/libcrt0.a(_copy_data.o)
                0x0000000000004010                __do_copy_data
 .init4         0x0000000000004028       0x16 /usr/lib/gcc/msp430/4.6.3/mmpy-16/libcrt0.a(_clear_bss.o)
                0x0000000000004028                __do_clear_bss
 *(.init5)
 *(.init6)
 *(.init7)
 *(.init8)
 *(.init9)
 .init9         0x000000000000403e      0x33a obj_sky/contiki-sky-main.o
                0x000000000000403e                main
 *(.fini9)
 .fini9         0x0000000000004378        0x0 /usr/lib/gcc/msp430/4.6.3/mmpy-16/libcrt0.a(__stop_progExec__.o)
                0x0000000000004378                __stop_progExec__
 *(.fini8)
 *(.fini7)
 *(.fini6)
 *(.fini5)
 *(.fini4)
 *(.fini3)
 *(.fini2)
 *(.fini1)
 *(.fini0)
 .fini0         0x0000000000004378        0x6 /usr/lib/gcc/msp430/4.6.3/mmpy-16/libcrt0.a(_endless_loop__.o)
                0x0000000000004378                _endless_loop__
 *(.fini .fini.*)
                0x000000000000437e                . = ALIGN (0x2)
                0x000000000000437e                __ctors_start = .
 *(.ctors)
                0x000000000000437e                __ctors_end = .
                0x000000000000437e                __dtors_start = .
 *(.dtors)
                0x000000000000437e                __dtors_end = .
                0x000000000000437e                . = ALIGN (0x2)
 *(.text .text.* .gnu.linkonce.t.*)
 .text          0x000000000000437e        0x4 /usr/lib/gcc/msp430/4.6.3/mmpy-16/crt0ivtbl16.o
                0x000000000000437e                __isr_14
                0x000000000000437e                __isr_11
                0x000000000000437e                __isr_2
                0x000000000000437e                __isr_7
                0x000000000000437e                __isr_0
                0x000000000000437e                __isr_8
                0x000000000000437e                __isr_3
                0x000000000000437e                __isr_12
                0x000000000000437e                __isr_13
                0x000000000000437e                __isr_9
 .text.set_global_address
                0x0000000000004382       0xae udp-client.co
 .text.send_packet_mn
                0x0000000000004430       0x68 udp-client.co
                0x0000000000004430                send_packet_mn
 .text.process_thread_udp_client_process
                0x0000000000004498      0x1fc udp-client.co
 .text.rimeaddr_copy
                0x0000000000004694        0x8 contiki-sky.a(rimeaddr.o)
                0x0000000000004694                rimeaddr_copy
 .text.rimeaddr_cmp
                0x000000000000469c       0x12 contiki-sky.a(rimeaddr.o)
                0x000000000000469c                rimeaddr_cmp
 .text.rimeaddr_set_node_addr
                0x00000000000046ae        0xc contiki-sky.a(rimeaddr.o)
                0x00000000000046ae                rimeaddr_set_node_addr
 .text.on       0x00000000000046ba        0x6 contiki-sky.a(nullrdc.o)
 .text.channel_check_interval
                0x00000000000046c0        0x4 contiki-sky.a(nullrdc.o)
 .text.init     0x00000000000046c4        0x6 contiki-sky.a(nullrdc.o)
 .text.send_one_packet
                0x00000000000046ca      0x11e contiki-sky.a(nullrdc.o)
 .text.send_list
                0x00000000000047e8       0x30 contiki-sky.a(nullrdc.o)
 .text.send_packet
                0x0000000000004818        0x6 contiki-sky.a(nullrdc.o)
 .text.off      0x000000000000481e       0x10 contiki-sky.a(nullrdc.o)
 .text.packet_input
                0x000000000000482e       0x4c contiki-sky.a(nullrdc.o)
 .text.mac_call_sent_callback
                0x000000000000487a       0x14 contiki-sky.a(mac.o)
                0x000000000000487a                mac_call_sent_callback
 .text.parse    0x000000000000488e       0xa4 contiki-sky.a(framer-802154.o)
 .text.create   0x0000000000004932      0x10e contiki-sky.a(framer-802154.o)
 .text.input_packet
                0x0000000000004a40        0x6 contiki-sky.a(csma.o)
 .text.on       0x0000000000004a46        0x6 contiki-sky.a(csma.o)
 .text.off      0x0000000000004a4c        0x6 contiki-sky.a(csma.o)
 .text.channel_check_interval
                0x0000000000004a52       0x10 contiki-sky.a(csma.o)
 .text.transmit_packet_list
                0x0000000000004a62       0x24 contiki-sky.a(csma.o)
 .text.send_packet
                0x0000000000004a86      0x176 contiki-sky.a(csma.o)
 .text.init     0x0000000000004bfc       0x1a contiki-sky.a(csma.o)
 .text.free_packet
                0x0000000000004c16       0x9a contiki-sky.a(csma.o)
 .text.packet_sent
                0x0000000000004cb0      0x12e contiki-sky.a(csma.o)
 .text.mac_sequence_is_duplicate
                0x0000000000004dde       0x44 contiki-sky.a(mac-sequence.o)
                0x0000000000004dde                mac_sequence_is_duplicate
 .text.mac_sequence_register_seqno
                0x0000000000004e22       0x76 contiki-sky.a(mac-sequence.o)
                0x0000000000004e22                mac_sequence_register_seqno
 .text.call_process
                0x0000000000004e98       0x48 contiki-sky.a(process.o)
 .text.exit_process
                0x0000000000004ee0       0x94 contiki-sky.a(process.o)
 .text.do_poll  0x0000000000004f74       0x30 contiki-sky.a(process.o)
 .text.process_alloc_event
                0x0000000000004fa4        0xe contiki-sky.a(process.o)
                0x0000000000004fa4                process_alloc_event
 .text.process_init
                0x0000000000004fb2       0x1c contiki-sky.a(process.o)
                0x0000000000004fb2                process_init
 .text.process_run
                0x0000000000004fce       0xa2 contiki-sky.a(process.o)
                0x0000000000004fce                process_run
 .text.process_nevents
                0x0000000000005070        0xe contiki-sky.a(process.o)
                0x0000000000005070                process_nevents
 .text.process_post
                0x000000000000507e       0x54 contiki-sky.a(process.o)
                0x000000000000507e                process_post
 .text.process_post_synch
                0x00000000000050d2       0x12 contiki-sky.a(process.o)
                0x00000000000050d2                process_post_synch
 .text.process_start
                0x00000000000050e4       0x32 contiki-sky.a(process.o)
                0x00000000000050e4                process_start
 .text.process_poll
                0x0000000000005116       0x18 contiki-sky.a(process.o)
                0x0000000000005116                process_poll
 .text.autostart_start
                0x000000000000512e       0x16 contiki-sky.a(autostart.o)
                0x000000000000512e                autostart_start
 .text.memb_init
                0x0000000000005144       0x36 contiki-sky.a(memb.o)
                0x0000000000005144                memb_init
 .text.memb_alloc
                0x000000000000517a       0x3e contiki-sky.a(memb.o)
                0x000000000000517a                memb_alloc
 .text.memb_free
                0x00000000000051b8       0x3a contiki-sky.a(memb.o)
                0x00000000000051b8                memb_free
 .text.memb_inmemb
                0x00000000000051f2       0x2e contiki-sky.a(memb.o)
                0x00000000000051f2                memb_inmemb
 .text.timer_set
                0x0000000000005220       0x1c contiki-sky.a(timer.o)
                0x0000000000005220                timer_set
 .text.timer_reset
                0x000000000000523c        0xe contiki-sky.a(timer.o)
                0x000000000000523c                timer_reset
 .text.timer_restart
                0x000000000000524a       0x14 contiki-sky.a(timer.o)
                0x000000000000524a                timer_restart
 .text.timer_expired
                0x000000000000525e       0x2a contiki-sky.a(timer.o)
                0x000000000000525e                timer_expired
 .text.list_init
                0x0000000000005288        0x6 contiki-sky.a(list.o)
                0x0000000000005288                list_init
 .text.list_head
                0x000000000000528e        0x4 contiki-sky.a(list.o)
                0x000000000000528e                list_head
 .text.list_tail
                0x0000000000005292       0x12 contiki-sky.a(list.o)
                0x0000000000005292                list_tail
 .text.list_remove
                0x00000000000052a4       0x34 contiki-sky.a(list.o)
                0x00000000000052a4                list_remove
 .text.list_push
                0x00000000000052d8       0x1a contiki-sky.a(list.o)
                0x00000000000052d8                list_push
 .text.list_add
                0x00000000000052f2       0x2a contiki-sky.a(list.o)
                0x00000000000052f2                list_add
 .text.list_length
                0x000000000000531c       0x10 contiki-sky.a(list.o)
                0x000000000000531c                list_length
 .text.list_item_next
                0x000000000000532c        0xc contiki-sky.a(list.o)
                0x000000000000532c                list_item_next
 .text.update_time
                0x0000000000005338       0x78 contiki-sky.a(etimer.o)
 .text.etimer_request_poll
                0x00000000000053b0        0xa contiki-sky.a(etimer.o)
                0x00000000000053b0                etimer_request_poll
 .text.process_thread_etimer_process
                0x00000000000053ba       0xc8 contiki-sky.a(etimer.o)
 .text.add_timer
                0x0000000000005482       0x40 contiki-sky.a(etimer.o)
 .text.etimer_set
                0x00000000000054c2       0x12 contiki-sky.a(etimer.o)
                0x00000000000054c2                etimer_set
 .text.etimer_reset
                0x00000000000054d4       0x12 contiki-sky.a(etimer.o)
                0x00000000000054d4                etimer_reset
 .text.etimer_restart
                0x00000000000054e6       0x12 contiki-sky.a(etimer.o)
                0x00000000000054e6                etimer_restart
 .text.etimer_expired
                0x00000000000054f8        0xe contiki-sky.a(etimer.o)
                0x00000000000054f8                etimer_expired
 .text.etimer_expiration_time
                0x0000000000005506       0x14 contiki-sky.a(etimer.o)
                0x0000000000005506                etimer_expiration_time
 .text.etimer_pending
                0x000000000000551a        0xc contiki-sky.a(etimer.o)
                0x000000000000551a                etimer_pending
 .text.etimer_next_expiration_time
                0x0000000000005526       0x16 contiki-sky.a(etimer.o)
                0x0000000000005526                etimer_next_expiration_time
 .text.etimer_stop
                0x000000000000553c       0x3c contiki-sky.a(etimer.o)
                0x000000000000553c                etimer_stop
 .text.process_thread_ctimer_process
                0x0000000000005578       0xa4 contiki-sky.a(ctimer.o)
 .text.ctimer_init
                0x000000000000561c       0x18 contiki-sky.a(ctimer.o)
                0x000000000000561c                ctimer_init
 .text.ctimer_set
                0x0000000000005634       0x5a contiki-sky.a(ctimer.o)
                0x0000000000005634                ctimer_set
 .text.ctimer_reset
                0x000000000000568e       0x3a contiki-sky.a(ctimer.o)
                0x000000000000568e                ctimer_reset
 .text.ctimer_stop
                0x00000000000056c8       0x28 contiki-sky.a(ctimer.o)
                0x00000000000056c8                ctimer_stop
 .text.energest_init
                0x00000000000056f0       0x28 contiki-sky.a(energest.o)
                0x00000000000056f0                energest_init
 .text.energest_type_time
                0x0000000000005718       0x46 contiki-sky.a(energest.o)
                0x0000000000005718                energest_type_time
 .text.energest_type_set
                0x000000000000575e        0xe contiki-sky.a(energest.o)
                0x000000000000575e                energest_type_set
 .text.energest_flush
                0x000000000000576c       0x48 contiki-sky.a(energest.o)
                0x000000000000576c                energest_flush
 .text.rtimer_init
                0x00000000000057b4        0x6 contiki-sky.a(rtimer.o)
                0x00000000000057b4                rtimer_init
 .text.rtimer_run_next
                0x00000000000057ba       0x26 contiki-sky.a(rtimer.o)
                0x00000000000057ba                rtimer_run_next
 .text.random_init
                0x00000000000057e0        0x6 contiki-sky.a(random.o)
                0x00000000000057e0                random_init
 .text.random_rand
                0x00000000000057e6        0x6 contiki-sky.a(random.o)
                0x00000000000057e6                random_rand
 .text.packetbuf_copyto_hdr
                0x00000000000057ec       0x1c contiki-sky.a(packetbuf.o)
                0x00000000000057ec                packetbuf_copyto_hdr
 .text.packetbuf_copyto
                0x0000000000005808       0x52 contiki-sky.a(packetbuf.o)
                0x0000000000005808                packetbuf_copyto
 .text.packetbuf_hdrreduce
                0x000000000000585a       0x1a contiki-sky.a(packetbuf.o)
                0x000000000000585a                packetbuf_hdrreduce
 .text.packetbuf_set_datalen
                0x0000000000005874        0x6 contiki-sky.a(packetbuf.o)
                0x0000000000005874                packetbuf_set_datalen
 .text.packetbuf_dataptr
                0x000000000000587a        0xe contiki-sky.a(packetbuf.o)
                0x000000000000587a                packetbuf_dataptr
 .text.packetbuf_hdrptr
                0x0000000000005888        0xa contiki-sky.a(packetbuf.o)
                0x0000000000005888                packetbuf_hdrptr
 .text.packetbuf_is_reference
                0x0000000000005892        0xe contiki-sky.a(packetbuf.o)
                0x0000000000005892                packetbuf_is_reference
 .text.packetbuf_reference_ptr
                0x00000000000058a0        0x6 contiki-sky.a(packetbuf.o)
                0x00000000000058a0                packetbuf_reference_ptr
 .text.packetbuf_datalen
                0x00000000000058a6        0x6 contiki-sky.a(packetbuf.o)
                0x00000000000058a6                packetbuf_datalen
 .text.packetbuf_totlen
                0x00000000000058ac       0x10 contiki-sky.a(packetbuf.o)
                0x00000000000058ac                packetbuf_totlen
 .text.packetbuf_hdralloc
                0x00000000000058bc       0x2e contiki-sky.a(packetbuf.o)
                0x00000000000058bc                packetbuf_hdralloc
 .text.packetbuf_attr_clear
                0x00000000000058ea       0x30 contiki-sky.a(packetbuf.o)
                0x00000000000058ea                packetbuf_attr_clear
 .text.packetbuf_clear
                0x000000000000591a       0x1a contiki-sky.a(packetbuf.o)
                0x000000000000591a                packetbuf_clear
 .text.packetbuf_copyfrom
                0x0000000000005934       0x2e contiki-sky.a(packetbuf.o)
                0x0000000000005934                packetbuf_copyfrom
 .text.packetbuf_attr_copyto
                0x0000000000005962       0x22 contiki-sky.a(packetbuf.o)
                0x0000000000005962                packetbuf_attr_copyto
 .text.packetbuf_attr_copyfrom
                0x0000000000005984       0x24 contiki-sky.a(packetbuf.o)
                0x0000000000005984                packetbuf_attr_copyfrom
 .text.queuebuf_init
                0x00000000000059a8       0x1a contiki-sky.a(queuebuf.o)
                0x00000000000059a8                queuebuf_init
 .text.queuebuf_new_from_packetbuf
                0x00000000000059c2       0x7e contiki-sky.a(queuebuf.o)
                0x00000000000059c2                queuebuf_new_from_packetbuf
 .text.queuebuf_update_attr_from_packetbuf
                0x0000000000005a40       0x12 contiki-sky.a(queuebuf.o)
                0x0000000000005a40                queuebuf_update_attr_from_packetbuf
 .text.queuebuf_free
                0x0000000000005a52       0x40 contiki-sky.a(queuebuf.o)
                0x0000000000005a52                queuebuf_free
 .text.queuebuf_to_packetbuf
                0x0000000000005a92       0x6e contiki-sky.a(queuebuf.o)
                0x0000000000005a92                queuebuf_to_packetbuf
 .text.queuebuf_attr
                0x0000000000005b00        0xe contiki-sky.a(queuebuf.o)
                0x0000000000005b00                queuebuf_attr
 .text.set_packet_attrs
                0x0000000000005b0e       0x44 contiki-sky.a(sicslowpan.o)
 .text.addr_context_lookup_by_number
                0x0000000000005b52       0x36 contiki-sky.a(sicslowpan.o)
 .text.compress_addr_64
                0x0000000000005b88       0xae contiki-sky.a(sicslowpan.o)
 .text.uncompress_addr
                0x0000000000005c36       0xb4 contiki-sky.a(sicslowpan.o)
 .text.input    0x0000000000005cea      0x65c contiki-sky.a(sicslowpan.o)
 .text.sicslowpan_init
                0x0000000000006346       0x26 contiki-sky.a(sicslowpan.o)
                0x0000000000006346                sicslowpan_init
 .text.addr_context_lookup_by_prefix
                0x000000000000636c       0x4c contiki-sky.a(sicslowpan.o)
 .text.send_packet
                0x00000000000063b8       0x1a contiki-sky.a(sicslowpan.o)
 .text.output   0x00000000000063d2      0x6f2 contiki-sky.a(sicslowpan.o)
 .text.packet_sent
                0x0000000000006ac4       0x22 contiki-sky.a(sicslowpan.o)
 .text.start_periodic_tcp_timer
                0x0000000000006ae6       0x16 contiki-sky.a(tcpip.o)
 .text.hand_off_backoff
                0x0000000000006afc       0x24 contiki-sky.a(tcpip.o)
                0x0000000000006afc                hand_off_backoff
 .text.tcpip_output
                0x0000000000006b20       0x10 contiki-sky.a(tcpip.o)
                0x0000000000006b20                tcpip_output
 .text.tcpip_set_outputfunc
                0x0000000000006b30        0x6 contiki-sky.a(tcpip.o)
                0x0000000000006b30                tcpip_set_outputfunc
 .text.udp_new  0x0000000000006b36       0x1a contiki-sky.a(tcpip.o)
                0x0000000000006b36                udp_new
 .text.tcpip_input
                0x0000000000006b50       0x16 contiki-sky.a(tcpip.o)
                0x0000000000006b50                tcpip_input
 .text.tcpip_ipv6_output
                0x0000000000006b66      0x148 contiki-sky.a(tcpip.o)
                0x0000000000006b66                tcpip_ipv6_output
 .text.process_thread_tcpip_process
                0x0000000000006cae      0x29a contiki-sky.a(tcpip.o)
 .text.tcpip_uipcall
                0x0000000000006f48       0x72 contiki-sky.a(tcpip.o)
                0x0000000000006f48                tcpip_uipcall
 .text.uip_debug_ipaddr_print
                0x0000000000006fba       0x7c contiki-sky.a(uip-debug.o)
                0x0000000000006fba                uip_debug_ipaddr_print
 .text.call_route_callback
                0x0000000000007036       0x4c contiki-sky.a(uip-ds6-route.o)
 .text.uip_ds6_route_init
                0x0000000000007082       0x36 contiki-sky.a(uip-ds6-route.o)
                0x0000000000007082                uip_ds6_route_init
 .text.uip_ds6_route_nexthop
                0x00000000000070b8       0x1a contiki-sky.a(uip-ds6-route.o)
                0x00000000000070b8                uip_ds6_route_nexthop
 .text.uip_ds6_route_head
                0x00000000000070d2        0xa contiki-sky.a(uip-ds6-route.o)
                0x00000000000070d2                uip_ds6_route_head
 .text.uip_ds6_route_next
                0x00000000000070dc        0xe contiki-sky.a(uip-ds6-route.o)
                0x00000000000070dc                uip_ds6_route_next
 .text.uip_ds6_route_lookup
                0x00000000000070ea       0x76 contiki-sky.a(uip-ds6-route.o)
                0x00000000000070ea                uip_ds6_route_lookup
 .text.uip_ds6_route_rm
                0x0000000000007160       0xa4 contiki-sky.a(uip-ds6-route.o)
                0x0000000000007160                uip_ds6_route_rm
 .text.rm_routelist
                0x0000000000007204       0x34 contiki-sky.a(uip-ds6-route.o)
 .text.rm_routelist_callback
                0x0000000000007238        0x6 contiki-sky.a(uip-ds6-route.o)
 .text.uip_ds6_route_add
                0x000000000000723e       0xec contiki-sky.a(uip-ds6-route.o)
                0x000000000000723e                uip_ds6_route_add
 .text.uip_ds6_defrt_rm
                0x000000000000732a       0x48 contiki-sky.a(uip-ds6-route.o)
                0x000000000000732a                uip_ds6_defrt_rm
 .text.uip_ds6_defrt_lookup
                0x0000000000007372       0x36 contiki-sky.a(uip-ds6-route.o)
                0x0000000000007372                uip_ds6_defrt_lookup
 .text.uip_ds6_defrt_add
                0x00000000000073a8       0x74 contiki-sky.a(uip-ds6-route.o)
                0x00000000000073a8                uip_ds6_defrt_add
 .text.uip_ds6_defrt_choose
                0x000000000000741c       0x3a contiki-sky.a(uip-ds6-route.o)
                0x000000000000741c                uip_ds6_defrt_choose
 .text.uip_ds6_defrt_periodic
                0x0000000000007456       0x38 contiki-sky.a(uip-ds6-route.o)
                0x0000000000007456                uip_ds6_defrt_periodic
 .text.uip_ds6_nbr_rm
                0x000000000000748e       0x1a contiki-sky.a(uip-ds6-nbr.o)
                0x000000000000748e                uip_ds6_nbr_rm
 .text.uip_ds6_neighbors_init
                0x00000000000074a8        0xe contiki-sky.a(uip-ds6-nbr.o)
                0x00000000000074a8                uip_ds6_neighbors_init
 .text.uip_ds6_nbr_add
                0x00000000000074b6       0x60 contiki-sky.a(uip-ds6-nbr.o)
                0x00000000000074b6                uip_ds6_nbr_add
 .text.uip_ds6_nbr_get_ll
                0x0000000000007516        0xc contiki-sky.a(uip-ds6-nbr.o)
                0x0000000000007516                uip_ds6_nbr_get_ll
 .text.uip_ds6_nbr_lookup
                0x0000000000007522       0x42 contiki-sky.a(uip-ds6-nbr.o)
                0x0000000000007522                uip_ds6_nbr_lookup
 .text.uip_ds6_nbr_ll_lookup
                0x0000000000007564        0xc contiki-sky.a(uip-ds6-nbr.o)
                0x0000000000007564                uip_ds6_nbr_ll_lookup
 .text.uip_ds6_nbr_ipaddr_from_lladdr
                0x0000000000007570        0x6 contiki-sky.a(uip-ds6-nbr.o)
                0x0000000000007570                uip_ds6_nbr_ipaddr_from_lladdr
 .text.uip_ds6_nbr_lladdr_from_ipaddr
                0x0000000000007576       0x12 contiki-sky.a(uip-ds6-nbr.o)
                0x0000000000007576                uip_ds6_nbr_lladdr_from_ipaddr
 .text.uip_ds6_link_neighbor_callback
                0x0000000000007588       0x2a contiki-sky.a(uip-ds6-nbr.o)
                0x0000000000007588                uip_ds6_link_neighbor_callback
 .text.uip_ds6_neighbor_periodic
                0x00000000000075b2       0xfc contiki-sky.a(uip-ds6-nbr.o)
                0x00000000000075b2                uip_ds6_neighbor_periodic
 .text.uip_ds6_list_loop
                0x00000000000076ae       0x86 contiki-sky.a(uip-ds6.o)
                0x00000000000076ae                uip_ds6_list_loop
 .text.uip_ds6_prefix_add
                0x0000000000007734       0x80 contiki-sky.a(uip-ds6.o)
                0x0000000000007734                uip_ds6_prefix_add
 .text.uip_ds6_is_addr_onlink
                0x00000000000077b4       0x54 contiki-sky.a(uip-ds6.o)
                0x00000000000077b4                uip_ds6_is_addr_onlink
 .text.uip_ds6_addr_lookup
                0x0000000000007808       0x2a contiki-sky.a(uip-ds6.o)
                0x0000000000007808                uip_ds6_addr_lookup
 .text.uip_ds6_get_link_local
                0x0000000000007832       0x3e contiki-sky.a(uip-ds6.o)
                0x0000000000007832                uip_ds6_get_link_local
 .text.uip_ds6_maddr_add
                0x0000000000007870       0x4c contiki-sky.a(uip-ds6.o)
                0x0000000000007870                uip_ds6_maddr_add
 .text.uip_ds6_addr_add
                0x00000000000078bc       0xc4 contiki-sky.a(uip-ds6.o)
                0x00000000000078bc                uip_ds6_addr_add
 .text.uip_ds6_maddr_lookup
                0x0000000000007980       0x2a contiki-sky.a(uip-ds6.o)
                0x0000000000007980                uip_ds6_maddr_lookup
 .text.uip_ds6_addr_rm
                0x00000000000079aa       0x54 contiki-sky.a(uip-ds6.o)
                0x00000000000079aa                uip_ds6_addr_rm
 .text.uip_ds6_periodic
                0x00000000000079fe       0x4a contiki-sky.a(uip-ds6.o)
                0x00000000000079fe                uip_ds6_periodic
 .text.uip_ds6_set_addr_iid
                0x0000000000007a48       0x14 contiki-sky.a(uip-ds6.o)
                0x0000000000007a48                uip_ds6_set_addr_iid
 .text.get_match_length
                0x0000000000007a5c       0x3e contiki-sky.a(uip-ds6.o)
                0x0000000000007a5c                get_match_length
 .text.uip_ds6_select_src
                0x0000000000007a9a       0xaa contiki-sky.a(uip-ds6.o)
                0x0000000000007a9a                uip_ds6_select_src
 .text.uip_ds6_compute_reachable_time
                0x0000000000007b44       0x3e contiki-sky.a(uip-ds6.o)
                0x0000000000007b44                uip_ds6_compute_reachable_time
 .text.uip_ds6_init
                0x0000000000007b82      0x154 contiki-sky.a(uip-ds6.o)
                0x0000000000007b82                uip_ds6_init
 .text.create_llao
                0x0000000000007cd6       0x2c contiki-sky.a(uip-nd6.o)
 .text.uip_nd6_ns_input
                0x0000000000007d02      0x230 contiki-sky.a(uip-nd6.o)
                0x0000000000007d02                uip_nd6_ns_input
 .text.uip_nd6_ns_output
                0x0000000000007f32      0x158 contiki-sky.a(uip-nd6.o)
                0x0000000000007f32                uip_nd6_ns_output
 .text.uip_nd6_na_input
                0x000000000000808a      0x1b6 contiki-sky.a(uip-nd6.o)
                0x000000000000808a                uip_nd6_na_input
 .text.uip_udp_packet_send
                0x0000000000008240       0x2e contiki-sky.a(uip-udp-packet.)
                0x0000000000008240                uip_udp_packet_send
 .text.uip_udp_packet_sendto
                0x000000000000826e       0x66 contiki-sky.a(uip-udp-packet.)
                0x000000000000826e                uip_udp_packet_sendto
 .text.chksum   0x00000000000082d4       0x32 contiki-sky.a(uip6.o)
 .text.upper_layer_chksum
                0x0000000000008306       0x56 contiki-sky.a(uip6.o)
 .text.ext_hdr_options_process
                0x000000000000835c       0xda contiki-sky.a(uip6.o)
 .text.uip_add32
                0x0000000000008436       0x68 contiki-sky.a(uip6.o)
                0x0000000000008436                uip_add32
 .text.unlikely.uip_add_rcv_nxt
                0x000000000000849e       0x2e contiki-sky.a(uip6.o)
 .text.uip_icmp6chksum
                0x00000000000084cc        0xa contiki-sky.a(uip6.o)
                0x00000000000084cc                uip_icmp6chksum
 .text.uip_tcpchksum
                0x00000000000084d6        0xa contiki-sky.a(uip6.o)
                0x00000000000084d6                uip_tcpchksum
 .text.uip_udpchksum
                0x00000000000084e0        0xa contiki-sky.a(uip6.o)
                0x00000000000084e0                uip_udpchksum
 .text.uip_init
                0x00000000000084ea       0x72 contiki-sky.a(uip6.o)
                0x00000000000084ea                uip_init
 .text.remove_ext_hdr
                0x000000000000855c       0x5a contiki-sky.a(uip6.o)
                0x000000000000855c                remove_ext_hdr
 .text.uip_udp_new
                0x00000000000085b6       0xf4 contiki-sky.a(uip6.o)
                0x00000000000085b6                uip_udp_new
 .text.uip_unlisten
                0x00000000000086aa       0x2a contiki-sky.a(uip6.o)
                0x00000000000086aa                uip_unlisten
 .text.uip_process
                0x00000000000086d4      0xeee contiki-sky.a(uip6.o)
                0x00000000000086d4                uip_process
 .text.uip_htonl
                0x00000000000095c2       0x2e contiki-sky.a(uip6.o)
                0x00000000000095c2                uip_htonl
 .text.init_platform
                0x00000000000095f0        0xc contiki-sky.a(contiki-sky-pla)
                0x00000000000095f0                init_platform
 .text.status   0x00000000000095fc       0x16 contiki-sky.a(button-sensor.o)
 .text.configure
                0x0000000000009612       0x52 contiki-sky.a(button-sensor.o)
 .text.value    0x0000000000009664       0x22 contiki-sky.a(button-sensor.o)
 .text.irq_p2   0x0000000000009686       0x8a contiki-sky.a(button-sensor.o)
                0x0000000000009686                irq_p2
                0x0000000000009686                __isr_1
 .text.owreadb  0x0000000000009710       0x52 contiki-sky.a(ds2411.o)
 .text.ds2411_init
                0x0000000000009762      0x122 contiki-sky.a(ds2411.o)
                0x0000000000009762                ds2411_init
 .text.wait_ready
                0x0000000000009884       0x50 contiki-sky.a(xmem.o)
 .text.xmem_init
                0x00000000000098d4       0x3e contiki-sky.a(xmem.o)
                0x00000000000098d4                xmem_init
 .text.xmem_pread
                0x0000000000009912       0xea contiki-sky.a(xmem.o)
                0x0000000000009912                xmem_pread
 .text.node_id_restore
                0x00000000000099fc       0x38 contiki-sky.a(node-id.o)
                0x00000000000099fc                node_id_restore
 .text.process_thread_sensors_process
                0x0000000000009a34       0xbe contiki-sky.a(sensors.o)
 .text.sensors_changed
                0x0000000000009af2       0x2a contiki-sky.a(sensors.o)
                0x0000000000009af2                sensors_changed
 .text.strobe   0x0000000000009b1c       0x20 contiki-sky.a(cc2420.o)
 .text.status   0x0000000000009b3c       0x26 contiki-sky.a(cc2420.o)
 .text.getreg   0x0000000000009b62       0x54 contiki-sky.a(cc2420.o)
 .text.setreg   0x0000000000009bb6       0x52 contiki-sky.a(cc2420.o)
 .text.set_txpower
                0x0000000000009c08       0x26 contiki-sky.a(cc2420.o)
 .text.cc2420_receiving_packet
                0x0000000000009c2e        0xe contiki-sky.a(cc2420.o)
 .text.pending_packet
                0x0000000000009c3c        0x8 contiki-sky.a(cc2420.o)
 .text.on       0x0000000000009c44       0x40 contiki-sky.a(cc2420.o)
 .text.flushrx  0x0000000000009c84       0x7a contiki-sky.a(cc2420.o)
 .text.off      0x0000000000009cfe       0x72 contiki-sky.a(cc2420.o)
 .text.RELEASE_LOCK
                0x0000000000009d70       0x28 contiki-sky.a(cc2420.o)
 .text.cc2420_prepare
                0x0000000000009d98       0x8a contiki-sky.a(cc2420.o)
 .text.getrxdata
                0x0000000000009e22       0x56 contiki-sky.a(cc2420.o)
 .text.cc2420_on
                0x0000000000009e78       0x22 contiki-sky.a(cc2420.o)
                0x0000000000009e78                cc2420_on
 .text.cc2420_off
                0x0000000000009e9a       0x30 contiki-sky.a(cc2420.o)
                0x0000000000009e9a                cc2420_off
 .text.cc2420_cca
                0x0000000000009eca       0x74 contiki-sky.a(cc2420.o)
 .text.cc2420_read
                0x0000000000009f3e       0xe6 contiki-sky.a(cc2420.o)
 .text.process_thread_cc2420_process
                0x000000000000a024       0x50 contiki-sky.a(cc2420.o)
 .text.cc2420_set_channel
                0x000000000000a074       0x78 contiki-sky.a(cc2420.o)
                0x000000000000a074                cc2420_set_channel
 .text.cc2420_set_pan_addr
                0x000000000000a0ec      0x14a contiki-sky.a(cc2420.o)
                0x000000000000a0ec                cc2420_set_pan_addr
 .text.cc2420_interrupt
                0x000000000000a236       0x20 contiki-sky.a(cc2420.o)
                0x000000000000a236                cc2420_interrupt
 .text.cc2420_set_txpower
                0x000000000000a256        0xe contiki-sky.a(cc2420.o)
                0x000000000000a256                cc2420_set_txpower
 .text.cc2420_get_txpower
                0x000000000000a264       0x1e contiki-sky.a(cc2420.o)
                0x000000000000a264                cc2420_get_txpower
 .text.cc2420_transmit
                0x000000000000a282      0x1a0 contiki-sky.a(cc2420.o)
 .text.cc2420_send
                0x000000000000a422       0x12 contiki-sky.a(cc2420.o)
 .text.cc2420_set_cca_threshold
                0x000000000000a434       0x16 contiki-sky.a(cc2420.o)
                0x000000000000a434                cc2420_set_cca_threshold
 .text.cc2420_init
                0x000000000000a44a       0xd8 contiki-sky.a(cc2420.o)
                0x000000000000a44a                cc2420_init
 .text.cc2420_port1_interrupt
                0x000000000000a522       0x62 contiki-sky.a(cc2420-arch.o)
                0x000000000000a522                __isr_4
                0x000000000000a522                cc2420_port1_interrupt
 .text.cc2420_arch_init
                0x000000000000a584       0x1a contiki-sky.a(cc2420-arch.o)
                0x000000000000a584                cc2420_arch_init
 .text.uart1_active
                0x000000000000a59e       0x1a contiki-sky.a(uart1.o)
                0x000000000000a59e                uart1_active
 .text.uart1_writeb
                0x000000000000a5b8       0x1a contiki-sky.a(uart1.o)
                0x000000000000a5b8                uart1_writeb
 .text.uart1_init
                0x000000000000a5d2       0xf6 contiki-sky.a(uart1.o)
                0x000000000000a5d2                uart1_init
 .text.putchar  0x000000000000a6c8       0x10 contiki-sky.a(uart1-putchar.o)
                0x000000000000a6c8                putchar
 .text.msp430_init_dco
                0x000000000000a6d8       0x84 contiki-sky.a(msp430.o)
                0x000000000000a6d8                msp430_init_dco
 .text.msp430_add_lpm_req
                0x000000000000a75c        0xc contiki-sky.a(msp430.o)
                0x000000000000a75c                msp430_add_lpm_req
 .text.msp430_cpu_init
                0x000000000000a768       0x2a contiki-sky.a(msp430.o)
                0x000000000000a768                msp430_cpu_init
 .text.splhigh_
                0x000000000000a792        0x8 contiki-sky.a(msp430.o)
                0x000000000000a792                splhigh_
 .text.msp430_sync_dco
                0x000000000000a79a       0x68 contiki-sky.a(msp430.o)
                0x000000000000a79a                msp430_sync_dco
 .text.timera1  0x000000000000a802       0xfe contiki-sky.a(clock.o)
                0x000000000000a802                __isr_5
                0x000000000000a802                timera1
 .text.clock_time
                0x000000000000a900       0x1a contiki-sky.a(clock.o)
                0x000000000000a900                clock_time
 .text.clock_init
                0x000000000000a91a       0x28 contiki-sky.a(clock.o)
                0x000000000000a91a                clock_init
 .text.clock_delay
                0x000000000000a942        0xc contiki-sky.a(clock.o)
                0x000000000000a942                clock_delay
 .text.clock_seconds
                0x000000000000a94e       0x1a contiki-sky.a(clock.o)
                0x000000000000a94e                clock_seconds
 .text.show_leds
                0x000000000000a968      0x100 contiki-sky.a(leds.o)
 .text.leds_init
                0x000000000000aa68        0xe contiki-sky.a(leds.o)
                0x000000000000aa68                leds_init
 .text.leds_on  0x000000000000aa76       0x14 contiki-sky.a(leds.o)
                0x000000000000aa76                leds_on
 .text.leds_off
                0x000000000000aa8a       0x14 contiki-sky.a(leds.o)
                0x000000000000aa8a                leds_off
 .text.leds_arch_init
                0x000000000000aa9e        0xe contiki-sky.a(leds-arch.o)
                0x000000000000aa9e                leds_arch_init
 .text.leds_arch_set
                0x000000000000aaac       0x3a contiki-sky.a(leds-arch.o)
                0x000000000000aaac                leds_arch_set
 .text.watchdog_interrupt
                0x000000000000aae6        0x6 contiki-sky.a(watchdog.o)
                0x000000000000aae6                __isr_10
                0x000000000000aae6                watchdog_interrupt
 .text.watchdog_start
                0x000000000000aaec       0x14 contiki-sky.a(watchdog.o)
                0x000000000000aaec                watchdog_start
 .text.watchdog_periodic
                0x000000000000ab00       0x12 contiki-sky.a(watchdog.o)
                0x000000000000ab00                watchdog_periodic
 .text.watchdog_stop
                0x000000000000ab12       0x16 contiki-sky.a(watchdog.o)
                0x000000000000ab12                watchdog_stop
 .text.watchdog_init
                0x000000000000ab28       0x14 contiki-sky.a(watchdog.o)
                0x000000000000ab28                watchdog_init
 .text.rtimer_arch_init
                0x000000000000ab3c        0xe contiki-sky.a(rtimer-arch.o)
                0x000000000000ab3c                rtimer_arch_init
 .text.rtimer_arch_now
                0x000000000000ab4a        0xe contiki-sky.a(rtimer-arch.o)
                0x000000000000ab4a                rtimer_arch_now
 .text.timera0  0x000000000000ab58       0x70 contiki-sky.a(rtimer-arch.o)
                0x000000000000ab58                __isr_6
                0x000000000000ab58                timera0
 .text.rtimer_arch_schedule
                0x000000000000abc8        0x6 contiki-sky.a(rtimer-arch.o)
                0x000000000000abc8                rtimer_arch_schedule
 .text.field_len
                0x000000000000abce       0x98 contiki-sky.a(frame802154.o)
 .text.frame802154_hdrlen
                0x000000000000ac66       0x2e contiki-sky.a(frame802154.o)
                0x000000000000ac66                frame802154_hdrlen
 .text.frame802154_create
                0x000000000000ac94      0x172 contiki-sky.a(frame802154.o)
                0x000000000000ac94                frame802154_create
 .text.frame802154_parse
                0x000000000000ae06      0x1e8 contiki-sky.a(frame802154.o)
                0x000000000000ae06                frame802154_parse
 .text.rpl_get_mode
                0x000000000000afee        0x6 contiki-sky.a(rpl.o)
                0x000000000000afee                rpl_get_mode
 .text.rpl_purge_routes
                0x000000000000aff4       0x96 contiki-sky.a(rpl.o)
                0x000000000000aff4                rpl_purge_routes
 .text.rpl_remove_routes
                0x000000000000b08a       0x22 contiki-sky.a(rpl.o)
                0x000000000000b08a                rpl_remove_routes
 .text.rpl_remove_routes_by_nexthop
                0x000000000000b0ac       0x46 contiki-sky.a(rpl.o)
                0x000000000000b0ac                rpl_remove_routes_by_nexthop
 .text.rpl_add_route
                0x000000000000b0f2       0x44 contiki-sky.a(rpl.o)
                0x000000000000b0f2                rpl_add_route
 .text.rpl_link_neighbor_callback
                0x000000000000b136       0x6a contiki-sky.a(rpl.o)
                0x000000000000b136                rpl_link_neighbor_callback
 .text.rpl_ipv6_neighbor_callback
                0x000000000000b1a0       0x1e contiki-sky.a(rpl.o)
                0x000000000000b1a0                rpl_ipv6_neighbor_callback
 .text.rpl_init
                0x000000000000b1be       0x40 contiki-sky.a(rpl.o)
                0x000000000000b1be                rpl_init
 .text.lollipop_greater_than
                0x000000000000b1fe       0x44 contiki-sky.a(rpl-dag.o)
 .text.acceptable_rank
                0x000000000000b242       0x50 contiki-sky.a(rpl-dag.o)
 .text.find_parent_any_dag_any_instance
                0x000000000000b292       0x14 contiki-sky.a(rpl-dag.o)
 .text.rpl_set_preferred_parent
                0x000000000000b2a6       0x30 contiki-sky.a(rpl-dag.o)
 .text.set_ip_from_prefix
                0x000000000000b2d6       0x38 contiki-sky.a(rpl-dag.o)
 .text.check_prefix
                0x000000000000b30e       0x80 contiki-sky.a(rpl-dag.o)
 .text.rpl_dag_init
                0x000000000000b38e        0xe contiki-sky.a(rpl-dag.o)
                0x000000000000b38e                rpl_dag_init
 .text.rpl_get_parent
                0x000000000000b39c        0xc contiki-sky.a(rpl-dag.o)
                0x000000000000b39c                rpl_get_parent
 .text.rpl_get_parent_ipaddr
                0x000000000000b3a8       0x10 contiki-sky.a(rpl-dag.o)
                0x000000000000b3a8                rpl_get_parent_ipaddr
 .text.rpl_set_prefix
                0x000000000000b3b8       0x8e contiki-sky.a(rpl-dag.o)
                0x000000000000b3b8                rpl_set_prefix
 .text.rpl_set_default_route
                0x000000000000b446       0x5a contiki-sky.a(rpl-dag.o)
                0x000000000000b446                rpl_set_default_route
 .text.rpl_alloc_instance
                0x000000000000b4a0       0x2c contiki-sky.a(rpl-dag.o)
                0x000000000000b4a0                rpl_alloc_instance
 .text.rpl_add_parent
                0x000000000000b4cc       0x40 contiki-sky.a(rpl-dag.o)
                0x000000000000b4cc                rpl_add_parent
 .text.rpl_find_parent
                0x000000000000b50c       0x1a contiki-sky.a(rpl-dag.o)
                0x000000000000b50c                rpl_find_parent
 .text.rpl_find_parent_any_dag
                0x000000000000b526       0x22 contiki-sky.a(rpl-dag.o)
                0x000000000000b526                rpl_find_parent_any_dag
 .text.rpl_select_parent
                0x000000000000b548       0x5c contiki-sky.a(rpl-dag.o)
                0x000000000000b548                rpl_select_parent
 .text.rpl_select_dag
                0x000000000000b5a4      0x182 contiki-sky.a(rpl-dag.o)
                0x000000000000b5a4                rpl_select_dag
 .text.rpl_nullify_parent
                0x000000000000b726       0x4e contiki-sky.a(rpl-dag.o)
                0x000000000000b726                rpl_nullify_parent
 .text.rpl_remove_parent
                0x000000000000b774       0x16 contiki-sky.a(rpl-dag.o)
                0x000000000000b774                rpl_remove_parent
 .text.nbr_callback
                0x000000000000b78a        0x6 contiki-sky.a(rpl-dag.o)
 .text.remove_parents.constprop.2
                0x000000000000b790       0x32 contiki-sky.a(rpl-dag.o)
 .text.rpl_free_dag
                0x000000000000b7c2       0x36 contiki-sky.a(rpl-dag.o)
                0x000000000000b7c2                rpl_free_dag
 .text.rpl_free_instance
                0x000000000000b7f8       0x5c contiki-sky.a(rpl-dag.o)
                0x000000000000b7f8                rpl_free_instance
 .text.rpl_move_parent
                0x000000000000b854       0x5a contiki-sky.a(rpl-dag.o)
                0x000000000000b854                rpl_move_parent
 .text.rpl_get_any_dag
                0x000000000000b8ae       0x18 contiki-sky.a(rpl-dag.o)
                0x000000000000b8ae                rpl_get_any_dag
 .text.rpl_get_instance
                0x000000000000b8c6       0x1a contiki-sky.a(rpl-dag.o)
                0x000000000000b8c6                rpl_get_instance
 .text.get_dag  0x000000000000b8e0       0x56 contiki-sky.a(rpl-dag.o)
 .text.rpl_alloc_dag
                0x000000000000b936       0x66 contiki-sky.a(rpl-dag.o)
                0x000000000000b936                rpl_alloc_dag
 .text.rpl_repair_root
                0x000000000000b99c       0x50 contiki-sky.a(rpl-dag.o)
                0x000000000000b99c                rpl_repair_root
 .text.rpl_find_of
                0x000000000000b9ec       0x10 contiki-sky.a(rpl-dag.o)
                0x000000000000b9ec                rpl_find_of
 .text.rpl_join_instance
                0x000000000000b9fc      0x13c contiki-sky.a(rpl-dag.o)
                0x000000000000b9fc                rpl_join_instance
 .text.rpl_local_repair
                0x000000000000bb38       0x7c contiki-sky.a(rpl-dag.o)
                0x000000000000bb38                rpl_local_repair
 .text.rpl_process_parent_event
                0x000000000000bbb4       0x4e contiki-sky.a(rpl-dag.o)
                0x000000000000bbb4                rpl_process_parent_event
 .text.rpl_recalculate_ranks
                0x000000000000bc02       0x42 contiki-sky.a(rpl-dag.o)
                0x000000000000bc02                rpl_recalculate_ranks
 .text.rpl_process_dio
                0x000000000000bc44      0x2da contiki-sky.a(rpl-dag.o)
                0x000000000000bc44                rpl_process_dio
 .text.rpl_lock_parent
                0x000000000000bf1e        0xc contiki-sky.a(rpl-dag.o)
                0x000000000000bf1e                rpl_lock_parent
 .text.get32    0x000000000000bf2a       0x46 contiki-sky.a(rpl-icmp6.o)
 .text.set32    0x000000000000bf70       0x2a contiki-sky.a(rpl-icmp6.o)
 .text.get16    0x000000000000bf9a        0xe contiki-sky.a(rpl-icmp6.o)
 .text.set16    0x000000000000bfa8       0x10 contiki-sky.a(rpl-icmp6.o)
 .text.discard_dio
                0x000000000000bfb8       0x24 contiki-sky.a(rpl-icmp6.o)
                0x000000000000bfb8                discard_dio
 .text.get_best_dio_index
                0x000000000000bfdc       0x64 contiki-sky.a(rpl-icmp6.o)
                0x000000000000bfdc                get_best_dio_index
 .text.discard_all_dios
                0x000000000000c040       0x1e contiki-sky.a(rpl-icmp6.o)
                0x000000000000c040                discard_all_dios
 .text.eventhandler2
                0x000000000000c05e       0x74 contiki-sky.a(rpl-icmp6.o)
                0x000000000000c05e                eventhandler2
 .text.process_thread_multiple_dis_input
                0x000000000000c0d2       0x3a contiki-sky.a(rpl-icmp6.o)
 .text.dis_output
                0x000000000000c10c       0xbc contiki-sky.a(rpl-icmp6.o)
                0x000000000000c10c                dis_output
 .text.eventhandler3
                0x000000000000c1c8      0x1e6 contiki-sky.a(rpl-icmp6.o)
                0x000000000000c1c8                eventhandler3
 .text.process_thread_wait_dios
                0x000000000000c3ae       0x3a contiki-sky.a(rpl-icmp6.o)
 .text.dio_output
                0x000000000000c3e8      0x1b6 contiki-sky.a(rpl-icmp6.o)
                0x000000000000c3e8                dio_output
 .text.dao_output_target
                0x000000000000c59e       0xea contiki-sky.a(rpl-icmp6.o)
                0x000000000000c59e                dao_output_target
 .text.dao_output
                0x000000000000c688       0x86 contiki-sky.a(rpl-icmp6.o)
                0x000000000000c688                dao_output
 .text.dao_ack_output
                0x000000000000c70e       0x32 contiki-sky.a(rpl-icmp6.o)
                0x000000000000c70e                dao_ack_output
 .text.uip_rpl_input
                0x000000000000c740      0x860 contiki-sky.a(rpl-icmp6.o)
                0x000000000000c740                uip_rpl_input
 .text.handle_periodic_timer
                0x000000000000cfa0       0x38 contiki-sky.a(rpl-timers.o)
 .text.set_dao_lifetime_timer
                0x000000000000cfd8       0x52 contiki-sky.a(rpl-timers.o)
 .text.handle_dao_timer
                0x000000000000d02a       0x64 contiki-sky.a(rpl-timers.o)
 .text.new_dio_interval
                0x000000000000d08e       0xf2 contiki-sky.a(rpl-timers.o)
                0x000000000000d08e                new_dio_interval
 .text.handle_dio_timer
                0x000000000000d180       0xbc contiki-sky.a(rpl-timers.o)
 .text.rpl_reset_periodic_timer
                0x000000000000d23c       0x60 contiki-sky.a(rpl-timers.o)
                0x000000000000d23c                rpl_reset_periodic_timer
 .text.rpl_reset_dio_timer
                0x000000000000d29c        0x2 contiki-sky.a(rpl-timers.o)
                0x000000000000d29c                rpl_reset_dio_timer
 .text.schedule_dao
                0x000000000000d29e       0x82 contiki-sky.a(rpl-timers.o)
                0x000000000000d29e                schedule_dao
 .text.rpl_schedule_dao
                0x000000000000d320        0xa contiki-sky.a(rpl-timers.o)
                0x000000000000d320                rpl_schedule_dao
 .text.reset    0x000000000000d32a        0x2 contiki-sky.a(rpl-mrhof.o)
 .text.calculate_rank
                0x000000000000d32c       0x30 contiki-sky.a(rpl-mrhof.o)
 .text.best_parent
                0x000000000000d35c       0x52 contiki-sky.a(rpl-mrhof.o)
 .text.update_metric_container
                0x000000000000d3ae        0x6 contiki-sky.a(rpl-mrhof.o)
 .text.best_dag
                0x000000000000d3b4       0x34 contiki-sky.a(rpl-mrhof.o)
 .text.neighbor_link_callback
                0x000000000000d3e8       0xaa contiki-sky.a(rpl-mrhof.o)
 .text.rpl_verify_header
                0x000000000000d492       0xa2 contiki-sky.a(rpl-ext-header.)
                0x000000000000d492                rpl_verify_header
 .text.rpl_update_header_empty
                0x000000000000d534      0x10c contiki-sky.a(rpl-ext-header.)
                0x000000000000d534                rpl_update_header_empty
 .text.rpl_update_header_final
                0x000000000000d640       0x86 contiki-sky.a(rpl-ext-header.)
                0x000000000000d640                rpl_update_header_final
 .text.rpl_invert_header
                0x000000000000d6c6       0x4c contiki-sky.a(rpl-ext-header.)
                0x000000000000d6c6                rpl_invert_header
 .text.rpl_insert_header
                0x000000000000d712       0x1c contiki-sky.a(rpl-ext-header.)
                0x000000000000d712                rpl_insert_header
 .text.rpl_dis_burst
                0x000000000000d72e        0xe contiki-sky.a(rpl-unreachv2.o)
                0x000000000000d72e                rpl_dis_burst
 .text.eventhandler
                0x000000000000d73c      0x1e8 contiki-sky.a(rpl-unreachv2.o)
                0x000000000000d73c                eventhandler
 .text.process_thread_unreach_process
                0x000000000000d924       0x42 contiki-sky.a(rpl-unreachv2.o)
 .text.stimer_set
                0x000000000000d966       0x1c contiki-sky.a(stimer.o)
                0x000000000000d966                stimer_set
 .text.stimer_expired
                0x000000000000d982       0x30 contiki-sky.a(stimer.o)
                0x000000000000d982                stimer_expired
 .text.index_from_key
                0x000000000000d9b2       0x48 contiki-sky.a(nbr-table.o)
 .text.item_from_key
                0x000000000000d9fa       0x34 contiki-sky.a(nbr-table.o)
 .text.nbr_set_bit
                0x000000000000da2e       0x8e contiki-sky.a(nbr-table.o)
 .text.index_from_lladdr
                0x000000000000dabc       0x42 contiki-sky.a(nbr-table.o)
 .text.nbr_get_bit.constprop.0
                0x000000000000dafe       0x62 contiki-sky.a(nbr-table.o)
 .text.nbr_table_register
                0x000000000000db60       0x28 contiki-sky.a(nbr-table.o)
                0x000000000000db60                nbr_table_register
 .text.nbr_table_next
                0x000000000000db88       0x90 contiki-sky.a(nbr-table.o)
                0x000000000000db88                nbr_table_next
 .text.nbr_table_head
                0x000000000000dc18       0x36 contiki-sky.a(nbr-table.o)
                0x000000000000dc18                nbr_table_head
 .text.nbr_table_add_lladdr
                0x000000000000dc4e      0x144 contiki-sky.a(nbr-table.o)
                0x000000000000dc4e                nbr_table_add_lladdr
 .text.nbr_table_get_from_lladdr
                0x000000000000dd92       0x48 contiki-sky.a(nbr-table.o)
                0x000000000000dd92                nbr_table_get_from_lladdr
 .text.nbr_table_remove
                0x000000000000ddda       0x32 contiki-sky.a(nbr-table.o)
                0x000000000000ddda                nbr_table_remove
 .text.nbr_table_lock
                0x000000000000de0c       0x10 contiki-sky.a(nbr-table.o)
                0x000000000000de0c                nbr_table_lock
 .text.nbr_table_unlock
                0x000000000000de1c       0x10 contiki-sky.a(nbr-table.o)
                0x000000000000de1c                nbr_table_unlock
 .text.nbr_table_get_lladdr
                0x000000000000de2c       0x5a contiki-sky.a(nbr-table.o)
                0x000000000000de2c                nbr_table_get_lladdr
 .text.uip_icmp6_echo_request_input
                0x000000000000de86      0x12c contiki-sky.a(uip-icmp6.o)
                0x000000000000de86                uip_icmp6_echo_request_input
 .text.uip_icmp6_error_output
                0x000000000000dfb2      0x17a contiki-sky.a(uip-icmp6.o)
                0x000000000000dfb2                uip_icmp6_error_output
 .text.uip_icmp6_send
                0x000000000000e12c       0x96 contiki-sky.a(uip-icmp6.o)
                0x000000000000e12c                uip_icmp6_send
 .text.spi_init
                0x000000000000e1c2       0x32 contiki-sky.a(spi.o)
                0x000000000000e1c2                spi_init
 .text.libgcc   0x000000000000e1f4       0x2c /usr/lib/gcc/msp430/4.6.3/mmpy-16/libgcc.a(_mulsi3.o)
                0x000000000000e1f4                __mulsi3
 .text.libgcc   0x000000000000e220       0x22 /usr/lib/gcc/msp430/4.6.3/mmpy-16/libgcc.a(_udivmod16.o)
                0x000000000000e220                __udivhi3
                0x000000000000e220                __ext_udivmod16
                0x000000000000e23a                __umodhi3
 .text.libgcc   0x000000000000e242       0x3a /usr/lib/gcc/msp430/4.6.3/mmpy-16/libgcc.a(_divmod16.o)
                0x000000000000e242                __ext_divmod16
                0x000000000000e242                __divhi3
                0x000000000000e274                __modhi3
 .text.libgcc   0x000000000000e27c       0x40 /usr/lib/gcc/msp430/4.6.3/mmpy-16/libgcc.a(_udivmod32.o)
                0x000000000000e27c                __udivsi3
                0x000000000000e27c                __ext_udivmod32
                0x000000000000e2b2                __umodsi3
 .text          0x000000000000e2bc       0x20 /usr/lib/gcc/msp430/4.6.3/../../../../msp430/lib/mmpy-16/libc.a(memcmp.o)
                0x000000000000e2bc                memcmp
 .text          0x000000000000e2dc       0xfa /usr/lib/gcc/msp430/4.6.3/../../../../msp430/lib/mmpy-16/libc.a(memcpy.o)
                0x000000000000e2dc                memcpy
 .text          0x000000000000e3d6       0xfa /usr/lib/gcc/msp430/4.6.3/../../../../msp430/lib/mmpy-16/libc.a(memmove.o)
                0x000000000000e3d6                memmove
 .text          0x000000000000e4d0       0x6a /usr/lib/gcc/msp430/4.6.3/../../../../msp430/lib/mmpy-16/libc.a(memset.o)
                0x000000000000e4d0                memset
 .text          0x000000000000e53a       0x1e /usr/lib/gcc/msp430/4.6.3/../../../../msp430/lib/mmpy-16/libc.a(printf.o)
                0x000000000000e53a                printf
                0x000000000000e54a                vprintf
 .text          0x000000000000e558       0xbc /usr/lib/gcc/msp430/4.6.3/../../../../msp430/lib/mmpy-16/libc.a(sprintf.o)
                0x000000000000e5b6                sprintf
                0x000000000000e5d2                snprintf
                0x000000000000e5ec                vsprintf
                0x000000000000e602                vsnprintf
 .text          0x000000000000e614      0x836 /usr/lib/gcc/msp430/4.6.3/../../../../msp430/lib/mmpy-16/libc.a(vuprintf.o)
                0x000000000000e7ac                vuprintf
 .text          0x000000000000ee4a       0x2c /usr/lib/gcc/msp430/4.6.3/../../../../msp430/lib/mmpy-16/libc.a(puts.o)
                0x000000000000ee4a                puts
 .text          0x000000000000ee76       0x54 /usr/lib/gcc/msp430/4.6.3/../../../../msp430/lib/mmpy-16/libc.a(rand.o)
                0x000000000000ee76                rand_r
                0x000000000000ee9a                rand
                0x000000000000eec0                srand
 .text.libgcc   0x000000000000eeca       0xf0 /usr/lib/gcc/msp430/4.6.3/mmpy-16/libgcc.a(_udivmod64.o)
                0x000000000000eeca                __xabi_udivmod64
                0x000000000000ef28                __udivdi3
                0x000000000000ef4e                __umoddi3
                0x000000000000ef7c                __udivmoddi4
 .text.crt0     0x000000000000efba        0x2 /usr/lib/gcc/msp430/4.6.3/mmpy-16/libcrt0.a(_unexpected_.o)
                0x000000000000efba                _unexpected_
                0x000000000000efbc                . = ALIGN (0x2)

.rodata         0x000000000000efbc      0x3a2
                0x000000000000efbc                . = ALIGN (0x2)
 *(.rodata .rodata.* .gnu.linkonce.r.*)
 .rodata        0x000000000000efbc      0x13a udp-client.co
                0x000000000000f0f2                autostart_processes
 .rodata        0x000000000000f0f6      0x10e obj_sky/contiki-sky-main.o
 .rodata        0x000000000000f204        0x8 contiki-sky.a(rimeaddr.o)
                0x000000000000f204                rimeaddr_null
 .rodata        0x000000000000f20c       0x18 contiki-sky.a(nullrdc.o)
                0x000000000000f214                nullrdc_driver
 .rodata        0x000000000000f224        0x4 contiki-sky.a(framer-802154.o)
                0x000000000000f224                framer_802154
 .rodata        0x000000000000f228       0x14 contiki-sky.a(csma.o)
                0x000000000000f22e                csma_driver
 .rodata        0x000000000000f23c       0x24 contiki-sky.a(sicslowpan.o)
                0x000000000000f248                sicslowpan_driver
                0x000000000000f24e                llprefix
                0x000000000000f250                unc_mxconf
                0x000000000000f254                unc_ctxconf
                0x000000000000f258                unc_llconf
 .rodata        0x000000000000f260       0x1a contiki-sky.a(uip-debug.o)
 .rodata        0x000000000000f27a       0x20 contiki-sky.a(uip6.o)
 .rodata        0x000000000000f29a       0x10 contiki-sky.a(button-sensor.o)
                0x000000000000f2a2                button_sensor
 .rodata        0x000000000000f2aa       0x14 contiki-sky.a(cc2420.o)
                0x000000000000f2aa                cc2420_driver
 .rodata        0x000000000000f2be        0x2 contiki-sky.a(frame802154.o)
 .rodata        0x000000000000f2c0       0x2d contiki-sky.a(rpl-dag.o)
 .rodata        0x000000000000f2ed       0x24 contiki-sky.a(rpl-timers.o)
 .rodata        0x000000000000f311       0x45 contiki-sky.a(rpl-unreachv2.o)
 .rodata        0x000000000000f356        0x7 /usr/lib/gcc/msp430/4.6.3/../../../../msp430/lib/mmpy-16/libc.a(vuprintf.o)
                0x000000000000f35e                . = ALIGN (0x2)
 *fill*         0x000000000000f35d        0x1 00
                0x000000000000f35e                _etext = .

.data           0x0000000000001100       0xd6 load address 0x000000000000f35e
                0x0000000000001100                . = ALIGN (0x2)
                0x0000000000001100                PROVIDE (__data_start, .)
 *(.data .data.* .gnu.linkonce.d.*)
 .data          0x0000000000001100        0x8 udp-client.co
                0x0000000000001100                udp_client_process
 .data          0x0000000000001108       0x18 contiki-sky.a(csma.o)
 .data          0x0000000000001120        0x8 contiki-sky.a(etimer.o)
                0x0000000000001120                etimer_process
 .data          0x0000000000001128        0x8 contiki-sky.a(ctimer.o)
                0x0000000000001128                ctimer_process
 .data          0x0000000000001130       0x18 contiki-sky.a(queuebuf.o)
 .data          0x0000000000001148       0x10 contiki-sky.a(tcpip.o)
                0x0000000000001148                tcpip_process
 .data          0x0000000000001158       0x20 contiki-sky.a(uip-ds6-route.o)
 .data          0x0000000000001178        0xa contiki-sky.a(uip-ds6-nbr.o)
                0x0000000000001178                ds6_neighbors
 .data          0x0000000000001182        0x4 contiki-sky.a(contiki-sky-pla)
                0x0000000000001182                sensors
 .data          0x0000000000001186        0x8 contiki-sky.a(sensors.o)
                0x0000000000001186                sensors_process
 .data          0x000000000000118e        0x8 contiki-sky.a(cc2420.o)
                0x000000000000118e                cc2420_process
 .data          0x0000000000001196        0x2 contiki-sky.a(msp430.o)
 .data          0x0000000000001198        0x8 contiki-sky.a(rpl-dag.o)
 .data          0x00000000000011a0       0x12 contiki-sky.a(rpl-icmp6.o)
                0x00000000000011a0                wait_dios
                0x00000000000011a8                multiple_dis_input
 .data          0x00000000000011b2        0xe contiki-sky.a(rpl-mrhof.o)
                0x00000000000011b2                rpl_mrhof
 .data          0x00000000000011c0        0xa contiki-sky.a(rpl-unreachv2.o)
                0x00000000000011c0                unreach_process
                0x00000000000011c8                counter
 .data          0x00000000000011ca        0x8 contiki-sky.a(nbr-table.o)
 .data          0x00000000000011d2        0x4 /usr/lib/gcc/msp430/4.6.3/../../../../msp430/lib/mmpy-16/libc.a(rand.o)
                0x00000000000011d6                . = ALIGN (0x2)
                0x00000000000011d6                _edata = .
                0x000000000000f35e                PROVIDE (__data_load_start, LOADADDR (.data))
                0x00000000000000d6                PROVIDE (__data_size, SIZEOF (.data))

.bss            0x00000000000011d6     0x2286 load address 0x000000000000f434
                0x00000000000011d6                PROVIDE (__bss_start, .)
 *(.bss .bss.*)
 .bss           0x00000000000011d6       0x40 udp-client.co
                0x00000000000011d6                packet_count
 .bss           0x0000000000001216        0xc obj_sky/contiki-sky-main.o
 .bss           0x0000000000001222        0x4 contiki-sky.a(nullrdc.o)
                0x0000000000001222                dio_comparison_done
                0x0000000000001224                bad_preferred_parent
 .bss           0x0000000000001226        0x2 contiki-sky.a(framer-802154.o)
 .bss           0x0000000000001228       0xc4 contiki-sky.a(csma.o)
 .bss           0x00000000000012ec       0xa0 contiki-sky.a(mac-sequence.o)
 .bss           0x000000000000138c       0x42 contiki-sky.a(process.o)
                0x000000000000138c                process_current
                0x000000000000138e                process_list
 .bss           0x00000000000013ce        0x6 contiki-sky.a(etimer.o)
 .bss           0x00000000000013d4        0x4 contiki-sky.a(ctimer.o)
 .bss           0x00000000000013d8        0x2 contiki-sky.a(rtimer.o)
 .bss           0x00000000000013da       0xba contiki-sky.a(packetbuf.o)
 .bss           0x0000000000001494      0x71e contiki-sky.a(queuebuf.o)
 .bss           0x0000000000001bb2      0x124 contiki-sky.a(sicslowpan.o)
 .bss           0x0000000000001cd6      0x148 contiki-sky.a(tcpip.o)
                0x0000000000001cd6                high_traffic_flag
                0x0000000000001cd8                tcp_input_rssi_average
                0x0000000000001cda                tcp_rssi
                0x0000000000001cdc                tcp_input_rssi
                0x0000000000001cde                packet_input_count
                0x0000000000001ce0                traffic_count
                0x0000000000001ce2                promiscuous_packets
                0x0000000000001ce4                bad_rssi_detected
                0x0000000000001ce6                startup_flag
                0x0000000000001ce8                hand_off_backoff_flag
                0x0000000000001cea                test_unreachable
                0x0000000000001cec                NO_DATA
                0x0000000000001cee                unreach_flag
                0x0000000000001cf0                mobility_flag
 .bss           0x0000000000001e1e      0x362 contiki-sky.a(uip-ds6-route.o)
 .bss           0x0000000000002180      0x2d0 contiki-sky.a(uip-ds6-nbr.o)
 .bss           0x0000000000002450       0x18 contiki-sky.a(uip-ds6.o)
 .bss           0x0000000000002468        0xa contiki-sky.a(uip-nd6.o)
 .bss           0x0000000000002472       0x12 contiki-sky.a(uip6.o)
                0x0000000000002472                uip_ext_opt_offset
                0x0000000000002474                uip_ext_len
                0x0000000000002476                uip_ext_bitmap
 .bss           0x0000000000002484        0x8 contiki-sky.a(button-sensor.o)
 .bss           0x000000000000248c        0x2 contiki-sky.a(node-id.o)
                0x000000000000248c                node_id
 .bss           0x000000000000248e        0x6 contiki-sky.a(sensors.o)
 .bss           0x0000000000002494        0xa contiki-sky.a(cc2420.o)
 .bss           0x000000000000249e       0x9a contiki-sky.a(uart1.o)
 .bss           0x0000000000002538        0xa contiki-sky.a(clock.o)
 .bss           0x0000000000002542        0x2 contiki-sky.a(leds.o)
 .bss           0x0000000000002544        0x2 contiki-sky.a(watchdog.o)
 .bss           0x0000000000002546        0x2 contiki-sky.a(rpl.o)
 .bss           0x0000000000002548       0xc8 contiki-sky.a(rpl-dag.o)
 .bss           0x0000000000002610       0x56 contiki-sky.a(rpl-icmp6.o)
                0x0000000000002610                process_dis_input
 .bss           0x0000000000002666       0x1a contiki-sky.a(rpl-timers.o)
 .bss           0x0000000000002680       0x1c contiki-sky.a(rpl-unreachv2.o)
 .bss           0x000000000000269c      0x118 contiki-sky.a(nbr-table.o)
 .bss           0x00000000000027b4       0x10 contiki-sky.a(uip-icmp6.o)
 .bss           0x00000000000027c4        0x4 /usr/lib/gcc/msp430/4.6.3/../../../../msp430/lib/mmpy-16/libc.a(sprintf.o)
 *(COMMON)
 COMMON         0x00000000000027c8        0x8 contiki-sky.a(rimeaddr.o)
                0x00000000000027c8                rimeaddr_node_addr
 COMMON         0x00000000000027d0        0x1 contiki-sky.a(process.o)
                0x00000000000027d0                process_maxevents
 *fill*         0x00000000000027d1        0x1 00
 COMMON         0x00000000000027d2       0x56 contiki-sky.a(energest.o)
                0x00000000000027d2                energest_total_time
                0x0000000000002802                energest_total_count
                0x0000000000002804                energest_current_mode
                0x0000000000002810                energest_current_time
 COMMON         0x0000000000002828       0x50 contiki-sky.a(packetbuf.o)
                0x0000000000002828                packetbuf_addrs
                0x0000000000002848                packetbuf_attrs
 COMMON         0x0000000000002878        0x8 contiki-sky.a(sicslowpan.o)
                0x0000000000002878                frag_sender
 COMMON         0x0000000000002880      0x154 contiki-sky.a(tcpip.o)
                0x0000000000002880                promiscuous_average_rssi
                0x0000000000002894                delay_dio
                0x00000000000028a8                dag
                0x00000000000028aa                reg
                0x00000000000028ac                used_mobile_nodes
                0x00000000000028b2                instance
                0x00000000000028b4                number_of_childs
                0x00000000000028b6                promiscuous_rssi_send
                0x00000000000028b8                promiscuous_rssi
                0x00000000000028be                traffic_check
                0x00000000000028d2                rssi_sum
                0x00000000000028d4                end_time
                0x00000000000028d8                good_packet_count
                0x00000000000028ec                tcpip_event
                0x00000000000028ee                promiscuous_addr
                0x000000000000298e                autoack
                0x0000000000002990                d
                0x0000000000002994                mobile_nodes
                0x0000000000002996                promiscuous_addr_ptr
                0x00000000000029aa                reply_sent
                0x00000000000029ac                prom_rssi_sum
                0x00000000000029c0                wait_for_dao
 COMMON         0x00000000000029d4      0x15c contiki-sky.a(uip-ds6.o)
                0x00000000000029d4                uip_ds6_timer_ra
                0x00000000000029dc                uip_ds6_if
                0x0000000000002ac8                uip_ds6_netif_addr_list_offset
                0x0000000000002ac9                uip_ds6_addr_size
                0x0000000000002aca                uip_ds6_prefix_list
                0x0000000000002b24                uip_ds6_timer_periodic
 COMMON         0x0000000000002b30      0x310 contiki-sky.a(uip6.o)
                0x0000000000002b30                unreach_fw
                0x0000000000002b3c                uip_len
                0x0000000000002b3e                uip_sappdata
                0x0000000000002b40                uip_acc32
                0x0000000000002b44                uip_lladdr
                0x0000000000002b4c                uip_aligned_buf
                0x0000000000002c3c                uip_flags
                0x0000000000002c3e                uip_next_hdr
                0x0000000000002c40                uip_udp_conn
                0x0000000000002c42                uip_appdata
                0x0000000000002c44                uip_conn
                0x0000000000002c46                uip_conns
                0x0000000000002cf6                uip_listenports
                0x0000000000002d06                uip_slen
                0x0000000000002d08                uip_udp_conns
 COMMON         0x0000000000002e40        0x2 contiki-sky.a(contiki-sky-pla)
                0x0000000000002e40                sensors_flags
 COMMON         0x0000000000002e42        0x8 contiki-sky.a(ds2411.o)
                0x0000000000002e42                ds2411_id
 COMMON         0x0000000000002e4a        0x1 contiki-sky.a(sensors.o)
                0x0000000000002e4a                sensors_event
 *fill*         0x0000000000002e4b        0x1 00
 COMMON         0x0000000000002e4c       0x14 contiki-sky.a(cc2420.o)
                0x0000000000002e4c                cc2420_last_rssi
                0x0000000000002e4e                cc2420_packets_read
                0x0000000000002e50                cc2420_packets_seen
                0x0000000000002e52                cc2420_sfd_start_time
                0x0000000000002e54                cc2420_time_of_departure
                0x0000000000002e56                cc2420_time_of_arrival
                0x0000000000002e58                cc2420_last_correlation
                0x0000000000002e5a                cc2420_authority_level_of_sender
                0x0000000000002e5c                cc2420_sfd_counter
                0x0000000000002e5e                cc2420_sfd_end_time
 COMMON         0x0000000000002e60        0x2 contiki-sky.a(msp430.o)
                0x0000000000002e60                msp430_dco_required
 COMMON         0x0000000000002e62       0xce contiki-sky.a(rpl-dag.o)
                0x0000000000002e62                block_daos
                0x0000000000002e64                default_instance
                0x0000000000002e66                instance_table
 COMMON         0x0000000000002f30      0x4c2 contiki-sky.a(rpl-icmp6.o)
                0x0000000000002f30                dios
                0x00000000000030fc                dis_event
                0x00000000000030fe                best_parent_rssi
                0x0000000000003100                p
                0x0000000000003102                dio_addr
                0x0000000000003104                wait_dios_event
                0x0000000000003106                best_parent_addr
                0x0000000000003116                promiscuous_parent_addr
                0x0000000000003166                promiscuous_dios
                0x0000000000003332                priority
                0x0000000000003334                possible_parent_addr
                0x0000000000003384                best_parent_dio
                0x00000000000033e0                uip_hostaddr
                0x00000000000033f0                process_instance
 COMMON         0x00000000000033f2       0x69 contiki-sky.a(rpl-unreachv2.o)
                0x00000000000033f2                current_t
                0x00000000000033f6                dio
                0x0000000000003452                end
                0x0000000000003454                pref
                0x0000000000003456                reliable
                0x0000000000003458                rssi
                0x000000000000345a                unreach_event
                0x000000000000345c                . = ALIGN (0x2)
 *fill*         0x000000000000345b        0x1 00
                0x000000000000345c                PROVIDE (__bss_end, .)
                0x0000000000002286                PROVIDE (__bss_size, SIZEOF (.bss))

.noinit         0x000000000000345c        0x2 load address 0x000000000000f434
                0x000000000000345c                PROVIDE (__noinit_start, .)
 *(.noinit .noinit.*)
 .noinit.crt0   0x000000000000345c        0x2 /usr/lib/gcc/msp430/4.6.3/mmpy-16/libcrt0.a(__watchdog_support.o)
                0x000000000000345c                __wdt_clear_value
                0x000000000000345e                . = ALIGN (0x2)
                0x000000000000345e                PROVIDE (__noinit_end, .)
                0x000000000000345e                . = ALIGN (0x2)
                0x000000000000345e                _end = .

.infomem        0x0000000000001000        0x0
 *(.infomem)
                0x0000000000001000                . = ALIGN (0x2)
 *(.infomem.*)

.infomemnobits  0x0000000000001000        0x0
 *(.infomemnobits)
                0x0000000000001000                . = ALIGN (0x2)
 *(.infomemnobits.*)

.infoa
 *(.infoa .infoa.*)

.infob
 *(.infob .infob.*)

.infoc
 *(.infoc .infoc.*)

.infod
 *(.infod .infod.*)

.vectors        0x000000000000ffe0       0x20
                0x000000000000ffe0                PROVIDE (__vectors_start, .)
 *(.vectors*)
 .vectors       0x000000000000ffe0       0x20 /usr/lib/gcc/msp430/4.6.3/mmpy-16/crt0ivtbl16.o
                0x000000000000ffe0                __ivtbl_16
                0x0000000000010000                _vectors_end = .

.fartext        0x0000000000000000        0x0
                0x0000000000000000                . = ALIGN (0x2)
 *(.fartext)
                0x0000000000000000                . = ALIGN (0x2)
 *(.fartext.*)
                0x0000000000000000                _efartext = .

.profiler
 *(.profiler)

.stab
 *(.stab)

.stabstr
 *(.stabstr)

.stab.excl
 *(.stab.excl)

.stab.exclstr
 *(.stab.exclstr)

.stab.index
 *(.stab.index)

.stab.indexstr
 *(.stab.indexstr)

.comment
 *(.comment)

.debug
 *(.debug)

.line
 *(.line)

.debug_srcinfo
 *(.debug_srcinfo)

.debug_sfnames
 *(.debug_sfnames)

.debug_aranges  0x0000000000000000      0xc68
 *(.debug_aranges)
 .debug_aranges
                0x0000000000000000       0x1c udp-client.co
 .debug_aranges
                0x000000000000001c       0x18 obj_sky/contiki-sky-main.o
 .debug_aranges
                0x0000000000000034       0x1c contiki-sky.a(rimeaddr.o)
 .debug_aranges
                0x0000000000000050       0x30 contiki-sky.a(nullrdc.o)
 .debug_aranges
                0x0000000000000080       0x14 contiki-sky.a(mac.o)
 .debug_aranges
                0x0000000000000094       0x18 contiki-sky.a(framer-802154.o)
 .debug_aranges
                0x00000000000000ac       0x34 contiki-sky.a(csma.o)
 .debug_aranges
                0x00000000000000e0       0x18 contiki-sky.a(mac-sequence.o)
 .debug_aranges
                0x00000000000000f8       0x44 contiki-sky.a(process.o)
 .debug_aranges
                0x000000000000013c       0x18 contiki-sky.a(autostart.o)
 .debug_aranges
                0x0000000000000154       0x20 contiki-sky.a(memb.o)
 .debug_aranges
                0x0000000000000174       0x24 contiki-sky.a(timer.o)
 .debug_aranges
                0x0000000000000198       0x40 contiki-sky.a(list.o)
 .debug_aranges
                0x00000000000001d8       0x48 contiki-sky.a(etimer.o)
 .debug_aranges
                0x0000000000000220       0x2c contiki-sky.a(ctimer.o)
 .debug_aranges
                0x000000000000024c       0x24 contiki-sky.a(energest.o)
 .debug_aranges
                0x0000000000000270       0x1c contiki-sky.a(rtimer.o)
 .debug_aranges
                0x000000000000028c       0x18 contiki-sky.a(random.o)
 .debug_aranges
                0x00000000000002a4       0x64 contiki-sky.a(packetbuf.o)
 .debug_aranges
                0x0000000000000308       0x38 contiki-sky.a(queuebuf.o)
 .debug_aranges
                0x0000000000000340       0x44 contiki-sky.a(sicslowpan.o)
 .debug_aranges
                0x0000000000000384       0x60 contiki-sky.a(tcpip.o)
 .debug_aranges
                0x00000000000003e4       0x18 contiki-sky.a(uip-debug.o)
 .debug_aranges
                0x00000000000003fc       0x5c contiki-sky.a(uip-ds6-route.o)
 .debug_aranges
                0x0000000000000458       0x44 contiki-sky.a(uip-ds6-nbr.o)
 .debug_aranges
                0x000000000000049c       0x68 contiki-sky.a(uip-ds6.o)
 .debug_aranges
                0x0000000000000504       0x20 contiki-sky.a(uip-nd6.o)
 .debug_aranges
                0x0000000000000524       0x18 contiki-sky.a(uip-udp-packet.)
 .debug_aranges
                0x000000000000053c       0x5c contiki-sky.a(uip6.o)
 .debug_aranges
                0x0000000000000598       0x14 contiki-sky.a(contiki-sky-pla)
 .debug_aranges
                0x00000000000005ac       0x20 contiki-sky.a(button-sensor.o)
 .debug_aranges
                0x00000000000005cc       0x18 contiki-sky.a(ds2411.o)
 .debug_aranges
                0x00000000000005e4       0x28 contiki-sky.a(xmem.o)
 .debug_aranges
                0x000000000000060c       0x18 contiki-sky.a(node-id.o)
 .debug_aranges
                0x0000000000000624       0x24 contiki-sky.a(sensors.o)
 .debug_aranges
                0x0000000000000648       0x88 contiki-sky.a(cc2420.o)
 .debug_aranges
                0x00000000000006d0       0x18 contiki-sky.a(cc2420-arch.o)
 .debug_aranges
                0x00000000000006e8       0x24 contiki-sky.a(uart1.o)
 .debug_aranges
                0x000000000000070c       0x14 contiki-sky.a(uart1-putchar.o)
 .debug_aranges
                0x0000000000000720       0x2c contiki-sky.a(msp430.o)
 .debug_aranges
                0x000000000000074c       0x3c contiki-sky.a(clock.o)
 .debug_aranges
                0x0000000000000788       0x30 contiki-sky.a(leds.o)
 .debug_aranges
                0x00000000000007b8       0x1c contiki-sky.a(leds-arch.o)
 .debug_aranges
                0x00000000000007d4       0x28 contiki-sky.a(watchdog.o)
 .debug_aranges
                0x00000000000007fc       0x20 contiki-sky.a(rtimer-arch.o)
 .debug_aranges
                0x000000000000081c       0x20 contiki-sky.a(frame802154.o)
 .debug_aranges
                0x000000000000083c       0x34 contiki-sky.a(rpl.o)
 .debug_aranges
                0x0000000000000870       0xb4 contiki-sky.a(rpl-dag.o)
 .debug_aranges
                0x0000000000000924       0x54 contiki-sky.a(rpl-icmp6.o)
 .debug_aranges
                0x0000000000000978       0x3c contiki-sky.a(rpl-timers.o)
 .debug_aranges
                0x00000000000009b4       0x28 contiki-sky.a(rpl-mrhof.o)
 .debug_aranges
                0x00000000000009dc       0x28 contiki-sky.a(rpl-ext-header.)
 .debug_aranges
                0x0000000000000a04       0x20 contiki-sky.a(rpl-unreachv2.o)
 .debug_aranges